Archive member included because of file (symbol)

D:\arduino\Projects\gregor_jogurt\build\/lib_promini328_16.a(PID_v1.cpp.o)
                              build\gregor_jogurt.o (PID::SetTunings(double, double, double))
D:\arduino\Projects\gregor_jogurt\build\/lib_promini328_16.a(OneWire.cpp.o)
                              build\gregor_jogurt.o (OneWire::OneWire(unsigned char))
D:\arduino\Projects\gregor_jogurt\build\/lib_promini328_16.a(DallasTemperature.cpp.o)
                              build\gregor_jogurt.o (DallasTemperature::DallasTemperature(OneWire*))
D:\arduino\Projects\gregor_jogurt\build\/lib_promini328_16.a(LiquidCrystal.cpp.o)
                              build\gregor_jogurt.o (LiquidCrystal::setCursor(unsigned char, unsigned char))
D:\arduino\Projects\gregor_jogurt\build\/core_promini328_16.a(main.cpp.o)
                              d:/arduino/codeblocks/bin/../lib/gcc/avr/4.3.3/../../../../avr/lib/avr5/crtm328p.o (main)
D:\arduino\Projects\gregor_jogurt\build\/core_promini328_16.a(Print.cpp.o)
                              D:\arduino\Projects\gregor_jogurt\build\/lib_promini328_16.a(LiquidCrystal.cpp.o) (Print::write(unsigned char const*, unsigned int))
D:\arduino\Projects\gregor_jogurt\build\/core_promini328_16.a(wiring.c.o)
                              build\gregor_jogurt.o (millis)
D:\arduino\Projects\gregor_jogurt\build\/core_promini328_16.a(wiring_analog.c.o)
                              build\gregor_jogurt.o (analogRead)
D:\arduino\Projects\gregor_jogurt\build\/core_promini328_16.a(wiring_digital.c.o)
                              build\gregor_jogurt.o (pinMode)
D:\arduino\Projects\gregor_jogurt\build\/core_promini328_16.a(WMath.cpp.o)
                              build\gregor_jogurt.o (map(long, long, long, long, long))
D:\arduino\Projects\gregor_jogurt\build\/core_promini328_16.a(WString.cpp.o)
                              D:\arduino\Projects\gregor_jogurt\build\/core_promini328_16.a(Print.cpp.o) (String::operator[](unsigned int) const)
D:\arduino\Projects\gregor_jogurt\build\/core_promini328_16.a(new.cpp.o)
                              D:\arduino\Projects\gregor_jogurt\build\/core_promini328_16.a(Print.cpp.o) (__cxa_pure_virtual)
d:/arduino/codeblocks/bin/../lib/gcc/avr/4.3.3/../../../../avr/lib/avr5\libm.a(addsf3.o)
                              build\gregor_jogurt.o (__subsf3)
d:/arduino/codeblocks/bin/../lib/gcc/avr/4.3.3/../../../../avr/lib/avr5\libm.a(addsf3x.o)
                              d:/arduino/codeblocks/bin/../lib/gcc/avr/4.3.3/../../../../avr/lib/avr5\libm.a(addsf3.o) (__addsf3x)
d:/arduino/codeblocks/bin/../lib/gcc/avr/4.3.3/../../../../avr/lib/avr5\libm.a(cmpsf2.o)
                              build\gregor_jogurt.o (__ltsf2)
d:/arduino/codeblocks/bin/../lib/gcc/avr/4.3.3/../../../../avr/lib/avr5\libm.a(divsf3.o)
                              D:\arduino\Projects\gregor_jogurt\build\/lib_promini328_16.a(PID_v1.cpp.o) (__divsf3)
d:/arduino/codeblocks/bin/../lib/gcc/avr/4.3.3/../../../../avr/lib/avr5\libm.a(divsf3x.o)
                              d:/arduino/codeblocks/bin/../lib/gcc/avr/4.3.3/../../../../avr/lib/avr5\libm.a(divsf3.o) (__divsf3x)
d:/arduino/codeblocks/bin/../lib/gcc/avr/4.3.3/../../../../avr/lib/avr5\libm.a(fixsfsi.o)
                              build\gregor_jogurt.o (__fixsfsi)
d:/arduino/codeblocks/bin/../lib/gcc/avr/4.3.3/../../../../avr/lib/avr5\libm.a(fixunssfsi.o)
                              D:\arduino\Projects\gregor_jogurt\build\/core_promini328_16.a(Print.cpp.o) (__fixunssfsi)
d:/arduino/codeblocks/bin/../lib/gcc/avr/4.3.3/../../../../avr/lib/avr5\libm.a(floatsisf.o)
                              build\gregor_jogurt.o (__floatunsisf)
d:/arduino/codeblocks/bin/../lib/gcc/avr/4.3.3/../../../../avr/lib/avr5\libm.a(fp_cmp.o)
                              d:/arduino/codeblocks/bin/../lib/gcc/avr/4.3.3/../../../../avr/lib/avr5\libm.a(cmpsf2.o) (__fp_cmp)
d:/arduino/codeblocks/bin/../lib/gcc/avr/4.3.3/../../../../avr/lib/avr5\libm.a(fp_inf.o)
                              d:/arduino/codeblocks/bin/../lib/gcc/avr/4.3.3/../../../../avr/lib/avr5\libm.a(addsf3x.o) (__fp_inf)
d:/arduino/codeblocks/bin/../lib/gcc/avr/4.3.3/../../../../avr/lib/avr5\libm.a(fp_nan.o)
                              d:/arduino/codeblocks/bin/../lib/gcc/avr/4.3.3/../../../../avr/lib/avr5\libm.a(addsf3x.o) (__fp_nan)
d:/arduino/codeblocks/bin/../lib/gcc/avr/4.3.3/../../../../avr/lib/avr5\libm.a(fp_pscA.o)
                              d:/arduino/codeblocks/bin/../lib/gcc/avr/4.3.3/../../../../avr/lib/avr5\libm.a(addsf3x.o) (__fp_pscA)
d:/arduino/codeblocks/bin/../lib/gcc/avr/4.3.3/../../../../avr/lib/avr5\libm.a(fp_pscB.o)
                              d:/arduino/codeblocks/bin/../lib/gcc/avr/4.3.3/../../../../avr/lib/avr5\libm.a(addsf3x.o) (__fp_pscB)
d:/arduino/codeblocks/bin/../lib/gcc/avr/4.3.3/../../../../avr/lib/avr5\libm.a(fp_round.o)
[...]
Memory Configuration

Name             Origin             Length             Attributes
text             0x00000000         0x00020000         xr
data             0x00800060         0x0000ffa0         rw !x
eeprom           0x00810000         0x00010000         rw !x
fuse             0x00820000         0x00000400         rw !x
lock             0x00830000         0x00000400         rw !x
signature        0x00840000         0x00000400         rw !x
*default*        0x00000000         0xffffffff

Linker script and memory map

Address of section .data set to 0x800100
LOAD d:/arduino/codeblocks/bin/../lib/gcc/avr/4.3.3/../../../../avr/lib/avr5/crtm328p.o
LOAD build\gregor_jogurt.o
LOAD build\to.o
LOAD D:\arduino\Projects\gregor_jogurt\build\/lib_promini328_16.a
LOAD D:\arduino\Projects\gregor_jogurt\build\/core_promini328_16.a
LOAD d:/arduino/codeblocks/bin/../lib/gcc/avr/4.3.3/../../../../avr/lib/avr5\libm.a
LOAD d:/arduino/codeblocks/bin/../lib/gcc/avr/4.3.3/avr5\libgcc.a
LOAD d:/arduino/codeblocks/bin/../lib/gcc/avr/4.3.3/../../../../avr/lib/avr5\libc.a
LOAD d:/arduino/codeblocks/bin/../lib/gcc/avr/4.3.3/avr5\libgcc.a

.hash
 *(.hash)

.dynsym
 *(.dynsym)

.dynstr
 *(.dynstr)

.gnu.version
 *(.gnu.version)

.gnu.version_d
 *(.gnu.version_d)

.gnu.version_r
 *(.gnu.version_r)

.rel.init
 *(.rel.init)

.rela.init
 *(.rela.init)

.rel.text
 *(.rel.text)
 *(.rel.text.*)
 *(.rel.gnu.linkonce.t*)

.rela.text
 *(.rela.text)
 *(.rela.text.*)
 *(.rela.gnu.linkonce.t*)

.rel.fini
 *(.rel.fini)

.rela.fini
 *(.rela.fini)

.rel.rodata
 *(.rel.rodata)
 *(.rel.rodata.*)
 *(.rel.gnu.linkonce.r*)

.rela.rodata
 *(.rela.rodata)
 *(.rela.rodata.*)
 *(.rela.gnu.linkonce.r*)

.rel.data
 *(.rel.data)
 *(.rel.data.*)
 *(.rel.gnu.linkonce.d*)

.rela.data
 *(.rela.data)
 *(.rela.data.*)
 *(.rela.gnu.linkonce.d*)

.rel.ctors
 *(.rel.ctors)

.rela.ctors
 *(.rela.ctors)

.rel.dtors
 *(.rel.dtors)

.rela.dtors
 *(.rela.dtors)

.rel.got
 *(.rel.got)

.rela.got
 *(.rela.got)

.rel.bss
 *(.rel.bss)

.rela.bss
 *(.rela.bss)

.rel.plt
 *(.rel.plt)

.rela.plt
 *(.rela.plt)

.text           0x00000000     0x2b10
 *(.vectors)
 .vectors       0x00000000       0x68 d:/arduino/codeblocks/bin/../lib/gcc/avr/4.3.3/../../../../avr/lib/avr5/crtm328p.o
                0x00000000                __vectors
                0x00000000                __vector_default
 *(.vectors)
 *(.progmem.gcc*)
 *(.progmem*)
 .progmem.data  0x00000068       0x5a D:\arduino\Projects\gregor_jogurt\build\/core_promini328_16.a(wiring_digital.c.o)
                0x00000068                port_to_mode_PGM
                0x00000086                digital_pin_to_port_PGM
                0x0000009a                digital_pin_to_bit_mask_PGM
                0x00000072                port_to_output_PGM
                0x0000007c                port_to_input_PGM
                0x000000ae                digital_pin_to_timer_PGM
                0x000000c2                . = ALIGN (0x2)
                0x000000c2                __trampolines_start = .
 *(.trampolines)
 .trampolines   0x000000c2        0x0 linker stubs
 *(.trampolines*)
                0x000000c2                __trampolines_end = .
 *(.jumptables)
 *(.jumptables*)
 *(.lowtext)
 *(.lowtext*)
                0x000000c2                __ctors_start = .
 *(.ctors)
 .ctors         0x000000c2        0x2 build\gregor_jogurt.o
                0x000000c4                __ctors_end = .
                0x000000c4                __dtors_start = .
 *(.dtors)
                0x000000c4                __dtors_end = .
 SORT(*)(.ctors)
 SORT(*)(.dtors)
 *(.init0)
 .init0         0x000000c4        0x0 d:/arduino/codeblocks/bin/../lib/gcc/avr/4.3.3/../../../../avr/lib/avr5/crtm328p.o
                0x000000c4                __init
 *(.init0)
 *(.init1)
 *(.init1)
 *(.init2)
 .init2         0x000000c4        0xc d:/arduino/codeblocks/bin/../lib/gcc/avr/4.3.3/../../../../avr/lib/avr5/crtm328p.o
 *(.init2)
 *(.init3)
 *(.init3)
 *(.init4)
 .init4         0x000000d0       0x16 d:/arduino/codeblocks/bin/../lib/gcc/avr/4.3.3/avr5\libgcc.a(_copy_data.o)
                0x000000d0                __do_copy_data
 .init4         0x000000e6       0x10 d:/arduino/codeblocks/bin/../lib/gcc/avr/4.3.3/avr5\libgcc.a(_clear_bss.o)
                0x000000e6                __do_clear_bss
 *(.init4)
 *(.init5)
 *(.init5)
 *(.init6)
 .init6         0x000000f6       0x16 d:/arduino/codeblocks/bin/../lib/gcc/avr/4.3.3/avr5\libgcc.a(_ctors.o)
                0x000000f6                __do_global_ctors
 *(.init6)
 *(.init7)
 *(.init7)
 *(.init8)
 *(.init8)
 *(.init9)
 .init9         0x0000010c        0x8 d:/arduino/codeblocks/bin/../lib/gcc/avr/4.3.3/../../../../avr/lib/avr5/crtm328p.o
 *(.init9)
 *(.text)
 .text          0x00000114        0x4 d:/arduino/codeblocks/bin/../lib/gcc/avr/4.3.3/../../../../avr/lib/avr5/crtm328p.o
                0x00000114                __vector_22
                0x00000114                __vector_1
                0x00000114                __vector_24
                0x00000114                __vector_12
                0x00000114                __bad_interrupt
                0x00000114                __vector_6
                0x00000114                __vector_3
                0x00000114                __vector_23
                0x00000114                __vector_25
                0x00000114                __vector_11
                0x00000114                __vector_13
                0x00000114                __vector_17
                0x00000114                __vector_19
                0x00000114                __vector_7
                0x00000114                __vector_5
                0x00000114                __vector_4
                0x00000114                __vector_9
                0x00000114                __vector_2
                0x00000114                __vector_21
                0x00000114                __vector_15
                0x00000114                __vector_8
                0x00000114                __vector_14
                0x00000114                __vector_10
                0x00000114                __vector_18
                0x00000114                __vector_20
                0x00000118                . = ALIGN (0x2)
 *(.text.*)
 .text._GLOBAL__I_Setpoint
                0x00000118       0xba build\gregor_jogurt.o
 .text.loop     0x000001d2      0x4fa build\gregor_jogurt.o
                0x000001d2                loop
 .text.setup    0x000006cc       0xb0 build\gregor_jogurt.o
                0x000006cc                setup
 .text._ZN3PID10SetTuningsEddd
                0x0000077c      0x198 D:\arduino\Projects\gregor_jogurt\build\/lib_promini328_16.a(PID_v1.cpp.o)
                0x0000077c                PID::SetTunings(double, double, double)
 .text._ZN3PID13SetSampleTimeEi
                0x00000914       0x9c D:\arduino\Projects\gregor_jogurt\build\/lib_promini328_16.a(PID_v1.cpp.o)
                0x00000914                PID::SetSampleTime(int)
 .text._ZN3PID15SetOutputLimitsEdd
                0x000009b0       0xf8 D:\arduino\Projects\gregor_jogurt\build\/lib_promini328_16.a(PID_v1.cpp.o)
                0x000009b0                PID::SetOutputLimits(double, double)
 .text._ZN3PID10InitializeEv
                0x00000aa8       0x8c D:\arduino\Projects\gregor_jogurt\build\/lib_promini328_16.a(PID_v1.cpp.o)
                0x00000aa8                PID::Initialize()
 .text._ZN3PID7SetModeEi
                0x00000b34       0x2c D:\arduino\Projects\gregor_jogurt\build\/lib_promini328_16.a(PID_v1.cpp.o)
                0x00000b34                PID::SetMode(int)
 .text._ZN3PID22SetControllerDirectionEi
                0x00000b60       0x7e D:\arduino\Projects\gregor_jogurt\build\/lib_promini328_16.a(PID_v1.cpp.o)
                0x00000b60                PID::SetControllerDirection(int)
 .text._ZN3PID5GetKpEv
                0x00000bde       0x10 D:\arduino\Projects\gregor_jogurt\build\/lib_promini328_16.a(PID_v1.cpp.o)
                0x00000bde                PID::GetKp()
 .text._ZN3PID5GetKiEv
                0x00000bee       0x10 D:\arduino\Projects\gregor_jogurt\build\/lib_promini328_16.a(PID_v1.cpp.o)
                0x00000bee                PID::GetKi()
 .text._ZN3PID5GetKdEv
                0x00000bfe       0x10 D:\arduino\Projects\gregor_jogurt\build\/lib_promini328_16.a(PID_v1.cpp.o)
                0x00000bfe                PID::GetKd()
 .text._ZN3PID12GetDirectionEv
                0x00000c0e        0x8 D:\arduino\Projects\gregor_jogurt\build\/lib_promini328_16.a(PID_v1.cpp.o)
                0x00000c0e                PID::GetDirection()
 .text._ZN3PID7ComputeEv
                0x00000c16      0x23c D:\arduino\Projects\gregor_jogurt\build\/lib_promini328_16.a(PID_v1.cpp.o)
                0x00000c16                PID::Compute()
 .text._ZN3PIDC1EPdS0_S0_dddi
                0x00000e52       0xc0 D:\arduino\Projects\gregor_jogurt\build\/lib_promini328_16.a(PID_v1.cpp.o)
                0x00000e52                PID::PID(double*, double*, double*, double, double, double, int)
 .text._ZN7OneWireC1Eh
                0x00000f12       0x88 D:\arduino\Projects\gregor_jogurt\build\/lib_promini328_16.a(OneWire.cpp.o)
                0x00000f12                OneWire::OneWire(unsigned char)
 .text._ZN7OneWire12reset_searchEv
                0x00000f9a       0x24 D:\arduino\Projects\gregor_jogurt\build\/lib_promini328_16.a(OneWire.cpp.o)
                0x00000f9a                OneWire::reset_search()
 .text._ZN7OneWire4crc8EPhh
                0x00000fbe       0x22 D:\arduino\Projects\gregor_jogurt\build\/lib_promini328_16.a(OneWire.cpp.o)
                0x00000fbe                OneWire::crc8(unsigned char*, unsigned char)
 .text._ZN7OneWire8read_bitEv
                0x00000fe0       0x8c D:\arduino\Projects\gregor_jogurt\build\/lib_promini328_16.a(OneWire.cpp.o)
                0x00000fe0                OneWire::read_bit()
 .text._ZN7OneWire4readEv
                0x0000106c       0x3a D:\arduino\Projects\gregor_jogurt\build\/lib_promini328_16.a(OneWire.cpp.o)
                0x0000106c                OneWire::read()
 .text._ZN7OneWire9write_bitEh
                0x000010a6       0x74 D:\arduino\Projects\gregor_jogurt\build\/lib_promini328_16.a(OneWire.cpp.o)
                0x000010a6                OneWire::write_bit(unsigned char)
 .text._ZN7OneWire5writeEhh
                0x0000111a       0x6a D:\arduino\Projects\gregor_jogurt\build\/lib_promini328_16.a(OneWire.cpp.o)
                0x0000111a                OneWire::write(unsigned char, unsigned char)
 .text._ZN7OneWire4skipEv
                0x00001184        0xa D:\arduino\Projects\gregor_jogurt\build\/lib_promini328_16.a(OneWire.cpp.o)
                0x00001184                OneWire::skip()
 .text._ZN7OneWire6selectEPh
                0x0000118e       0x42 D:\arduino\Projects\gregor_jogurt\build\/lib_promini328_16.a(OneWire.cpp.o)
                0x0000118e                OneWire::select(unsigned char*)
 .text._ZN7OneWire5resetEv
                0x000011d0       0x74 D:\arduino\Projects\gregor_jogurt\build\/lib_promini328_16.a(OneWire.cpp.o)
                0x000011d0                OneWire::reset()
 .text._ZN7OneWire6searchEPh
                0x00001244      0x13c D:\arduino\Projects\gregor_jogurt\build\/lib_promini328_16.a(OneWire.cpp.o)
                0x00001244                OneWire::search(unsigned char*)
 .text._ZN17DallasTemperatureC1EP7OneWire
                0x00001380       0x1e D:\arduino\Projects\gregor_jogurt\build\/lib_promini328_16.a(DallasTemperature.cpp.o)
                0x00001380                DallasTemperature::DallasTemperature(OneWire*)
 .text._ZN17DallasTemperature20calculateTemperatureEPhS0_
                0x0000139e      0x16e D:\arduino\Projects\gregor_jogurt\build\/lib_promini328_16.a(DallasTemperature.cpp.o)
                0x0000139e                DallasTemperature::calculateTemperature(unsigned char*, unsigned char*)
 .text._ZN17DallasTemperature19defaultAlarmHandlerEPh
                0x0000150c        0x2 D:\arduino\Projects\gregor_jogurt\build\/lib_promini328_16.a(DallasTemperature.cpp.o)
                0x0000150c                DallasTemperature::defaultAlarmHandler(unsigned char*)
 .text._ZN17DallasTemperature15readPowerSupplyEPh
                0x0000150e       0x58 D:\arduino\Projects\gregor_jogurt\build\/lib_promini328_16.a(DallasTemperature.cpp.o)
                0x0000150e                DallasTemperature::readPowerSupply(unsigned char*)
 .text._ZN17DallasTemperature14readScratchPadEPhS0_
                0x00001566       0xcc D:\arduino\Projects\gregor_jogurt\build\/lib_promini328_16.a(DallasTemperature.cpp.o)
                0x00001566                DallasTemperature::readScratchPad(unsigned char*, unsigned char*)
 .text._ZN17DallasTemperature21isConversionAvailableEPh
                0x00001632       0x36 D:\arduino\Projects\gregor_jogurt\build\/lib_promini328_16.a(DallasTemperature.cpp.o)
                0x00001632                DallasTemperature::isConversionAvailable(unsigned char*)
 .text._ZN17DallasTemperature27blockTillConversionCompleteEPhS0_
                0x00001668       0xa2 D:\arduino\Projects\gregor_jogurt\build\/lib_promini328_16.a(DallasTemperature.cpp.o)
                0x00001668                DallasTemperature::blockTillConversionComplete(unsigned char*, unsigned char*)
 .text._ZN17DallasTemperature19requestTemperaturesEv
                0x0000170a       0x3c D:\arduino\Projects\gregor_jogurt\build\/lib_promini328_16.a(DallasTemperature.cpp.o)
                0x0000170a                DallasTemperature::requestTemperatures()
 .text._ZN17DallasTemperature11isConnectedEPhS0_
                0x00001746       0x26 D:\arduino\Projects\gregor_jogurt\build\/lib_promini328_16.a(DallasTemperature.cpp.o)
                0x00001746                DallasTemperature::isConnected(unsigned char*, unsigned char*)
 .text._ZN17DallasTemperature8getTempCEPh
                0x0000176c       0x68 D:\arduino\Projects\gregor_jogurt\build\/lib_promini328_16.a(DallasTemperature.cpp.o)
                0x0000176c                DallasTemperature::getTempC(unsigned char*)
 .text._ZN17DallasTemperature13getResolutionEPh
                0x000017d4       0x6c D:\arduino\Projects\gregor_jogurt\build\/lib_promini328_16.a(DallasTemperature.cpp.o)
                0x000017d4                DallasTemperature::getResolution(unsigned char*)
 .text._ZN17DallasTemperature12validAddressEPh
                0x00001840       0x22 D:\arduino\Projects\gregor_jogurt\build\/lib_promini328_16.a(DallasTemperature.cpp.o)
                0x00001840                DallasTemperature::validAddress(unsigned char*)
 .text._ZN17DallasTemperature10getAddressEPhh
                0x00001862       0x5c D:\arduino\Projects\gregor_jogurt\build\/lib_promini328_16.a(DallasTemperature.cpp.o)
                0x00001862                DallasTemperature::getAddress(unsigned char*, unsigned char)
 .text._ZN17DallasTemperature15getTempCByIndexEh
                0x000018be       0x4e D:\arduino\Projects\gregor_jogurt\build\/lib_promini328_16.a(DallasTemperature.cpp.o)
                0x000018be                DallasTemperature::getTempCByIndex(unsigned char)
 .text._ZN17DallasTemperature5beginEv
                0x0000190c       0xd2 D:\arduino\Projects\gregor_jogurt\build\/lib_promini328_16.a(DallasTemperature.cpp.o)
                0x0000190c                DallasTemperature::begin()
 .text._ZN13LiquidCrystal11pulseEnableEv
                0x000019de       0x42 D:\arduino\Projects\gregor_jogurt\build\/lib_promini328_16.a(LiquidCrystal.cpp.o)
                0x000019de                LiquidCrystal::pulseEnable()
 .text._ZN13LiquidCrystal10write8bitsEh
                0x00001a20       0x6c D:\arduino\Projects\gregor_jogurt\build\/lib_promini328_16.a(LiquidCrystal.cpp.o)
                0x00001a20                LiquidCrystal::write8bits(unsigned char)
 .text._ZN13LiquidCrystal10write4bitsEh
                0x00001a8c       0x6c D:\arduino\Projects\gregor_jogurt\build\/lib_promini328_16.a(LiquidCrystal.cpp.o)
                0x00001a8c                LiquidCrystal::write4bits(unsigned char)
 .text._ZN13LiquidCrystal4sendEhh
                0x00001af8       0x52 D:\arduino\Projects\gregor_jogurt\build\/lib_promini328_16.a(LiquidCrystal.cpp.o)
                0x00001af8                LiquidCrystal::send(unsigned char, unsigned char)
 .text._ZN13LiquidCrystal5writeEh
                0x00001b4a        0xc D:\arduino\Projects\gregor_jogurt\build\/lib_promini328_16.a(LiquidCrystal.cpp.o)
                0x00001b4a                LiquidCrystal::write(unsigned char)
 .text._ZN13LiquidCrystal7commandEh
                0x00001b56        0x8 D:\arduino\Projects\gregor_jogurt\build\/lib_promini328_16.a(LiquidCrystal.cpp.o)
                0x00001b56                LiquidCrystal::command(unsigned char)
 .text._ZN13LiquidCrystal7displayEv
                0x00001b5e       0x14 D:\arduino\Projects\gregor_jogurt\build\/lib_promini328_16.a(LiquidCrystal.cpp.o)
                0x00001b5e                LiquidCrystal::display()
 .text._ZN13LiquidCrystal9setCursorEhh
                0x00001b72       0x5e D:\arduino\Projects\gregor_jogurt\build\/lib_promini328_16.a(LiquidCrystal.cpp.o)
                0x00001b72                LiquidCrystal::setCursor(unsigned char, unsigned char)
 .text._ZN13LiquidCrystal5clearEv
                0x00001bd0       0x10 D:\arduino\Projects\gregor_jogurt\build\/lib_promini328_16.a(LiquidCrystal.cpp.o)
                0x00001bd0                LiquidCrystal::clear()
 .text._ZN13LiquidCrystal5beginEhhh
                0x00001be0       0xde D:\arduino\Projects\gregor_jogurt\build\/lib_promini328_16.a(LiquidCrystal.cpp.o)
                0x00001be0                LiquidCrystal::begin(unsigned char, unsigned char, unsigned char)
 .text._ZN13LiquidCrystal4initEhhhhhhhhhhhh
                0x00001cbe       0x8e D:\arduino\Projects\gregor_jogurt\build\/lib_promini328_16.a(LiquidCrystal.cpp.o)
                0x00001cbe                LiquidCrystal::init(unsigned char, unsigned char, unsigned char, unsigned char, unsigned char, unsigned char, unsigned char, unsigned char, unsigned char, unsigned char, unsigned char, unsigned char)
 .text._ZN13LiquidCrystalC1Ehhhhhh
                0x00001d4c       0x72 D:\arduino\Projects\gregor_jogurt\build\/lib_promini328_16.a(LiquidCrystal.cpp.o)
                0x00001d4c                LiquidCrystal::LiquidCrystal(unsigned char, unsigned char, unsigned char, unsigned char, unsigned char, unsigned char)
 .text.main     0x00001dbe       0x1e D:\arduino\Projects\gregor_jogurt\build\/core_promini328_16.a(main.cpp.o)
                0x00001dbe                main
 .text._ZN5Print5writeEPKhj
                0x00001ddc       0x54 D:\arduino\Projects\gregor_jogurt\build\/core_promini328_16.a(Print.cpp.o)
                0x00001ddc                Print::write(unsigned char const*, unsigned int)
 .text._ZN5Print5writeEPKc
                0x00001e30       0x38 D:\arduino\Projects\gregor_jogurt\build\/core_promini328_16.a(Print.cpp.o)
                0x00001e30                Print::write(char const*)
 .text._ZN5Print11printNumberEmh
                0x00001e68       0xc8 D:\arduino\Projects\gregor_jogurt\build\/core_promini328_16.a(Print.cpp.o)
                0x00001e68                Print::printNumber(unsigned long, unsigned char)
 .text._ZN5Print5printEmi
                0x00001f30       0x1e D:\arduino\Projects\gregor_jogurt\build\/core_promini328_16.a(Print.cpp.o)
                0x00001f30                Print::print(unsigned long, int)
 .text._ZN5Print5printEli
                0x00001f4e       0x80 D:\arduino\Projects\gregor_jogurt\build\/core_promini328_16.a(Print.cpp.o)
                0x00001f4e                Print::print(long, int)
 .text._ZN5Print5printEii
                0x00001fce       0x26 D:\arduino\Projects\gregor_jogurt\build\/core_promini328_16.a(Print.cpp.o)
                0x00001fce                Print::print(int, int)
 .text._ZN5Print5printEPKc
                0x00001ff4        0x6 D:\arduino\Projects\gregor_jogurt\build\/core_promini328_16.a(Print.cpp.o)
                0x00001ff4                Print::print(char const*)
 .text._ZN5Print10printFloatEdh
                0x00001ffa      0x1c8 D:\arduino\Projects\gregor_jogurt\build\/core_promini328_16.a(Print.cpp.o)
                0x00001ffa                Print::printFloat(double, unsigned char)
 .text._ZN5Print5printEdi
                0x000021c2        0x6 D:\arduino\Projects\gregor_jogurt\build\/core_promini328_16.a(Print.cpp.o)
                0x000021c2                Print::print(double, int)
 .text.__vector_16
                0x000021c8       0x90 D:\arduino\Projects\gregor_jogurt\build\/core_promini328_16.a(wiring.c.o)
                0x000021c8                __vector_16
 .text.millis   0x00002258       0x1c D:\arduino\Projects\gregor_jogurt\build\/core_promini328_16.a(wiring.c.o)
                0x00002258                millis
 .text.micros   0x00002274       0x4c D:\arduino\Projects\gregor_jogurt\build\/core_promini328_16.a(wiring.c.o)
                0x00002274                micros
 .text.delay    0x000022c0       0x4c D:\arduino\Projects\gregor_jogurt\build\/core_promini328_16.a(wiring.c.o)
                0x000022c0                delay
 .text.delayMicroseconds
                0x0000230c       0x14 D:\arduino\Projects\gregor_jogurt\build\/core_promini328_16.a(wiring.c.o)
                0x0000230c                delayMicroseconds
 .text.init     0x00002320       0x76 D:\arduino\Projects\gregor_jogurt\build\/core_promini328_16.a(wiring.c.o)
                0x00002320                init
 .text.analogRead
                0x00002396       0x44 D:\arduino\Projects\gregor_jogurt\build\/core_promini328_16.a(wiring_analog.c.o)
                0x00002396                analogRead
 .text.pinMode  0x000023da       0x7e D:\arduino\Projects\gregor_jogurt\build\/core_promini328_16.a(wiring_digital.c.o)
                0x000023da                pinMode
 .text.turnOffPWM
                0x00002458       0x5a D:\arduino\Projects\gregor_jogurt\build\/core_promini328_16.a(wiring_digital.c.o)
 .text.digitalWrite
                0x000024b2       0x66 D:\arduino\Projects\gregor_jogurt\build\/core_promini328_16.a(wiring_digital.c.o)
                0x000024b2                digitalWrite
 .text.digitalRead
                0x00002518       0x60 D:\arduino\Projects\gregor_jogurt\build\/core_promini328_16.a(wiring_digital.c.o)
                0x00002518                digitalRead
 .text._Z3maplllll
                0x00002578       0x92 D:\arduino\Projects\gregor_jogurt\build\/core_promini328_16.a(WMath.cpp.o)
                0x00002578                map(long, long, long, long, long)
 .text.fplib    0x0000260a        0xa d:/arduino/codeblocks/bin/../lib/gcc/avr/4.3.3/../../../../avr/lib/avr5\libm.a(addsf3.o)
                0x0000260a                __subsf3
                0x0000260c                __addsf3
 .text.fplib    0x00002614       0xc0 d:/arduino/codeblocks/bin/../lib/gcc/avr/4.3.3/../../../../avr/lib/avr5\libm.a(addsf3x.o)
                0x0000262e                __addsf3x
 .text.fplib    0x000026d4        0x8 d:/arduino/codeblocks/bin/../lib/gcc/avr/4.3.3/../../../../avr/lib/avr5\libm.a(cmpsf2.o)
                0x000026d4                __lesf2
                0x000026d4                __nesf2
                0x000026d4                __eqsf2
                0x000026d4                __cmpsf2
                0x000026d4                __ltsf2
 .text.fplib    0x000026dc        0x4 d:/arduino/codeblocks/bin/../lib/gcc/avr/4.3.3/../../../../avr/lib/avr5\libm.a(divsf3.o)
                0x000026dc                __divsf3
 .text.fplib    0x000026e0       0xcc d:/arduino/codeblocks/bin/../lib/gcc/avr/4.3.3/../../../../avr/lib/avr5\libm.a(divsf3x.o)
                0x000026f6                __divsf3x
                0x000026fa                __divsf3_pse
 .text.fplib    0x000027ac        0xa d:/arduino/codeblocks/bin/../lib/gcc/avr/4.3.3/../../../../avr/lib/avr5\libm.a(fixsfsi.o)
                0x000027ac                __fixsfsi
 .text.fplib    0x000027b6       0x58 d:/arduino/codeblocks/bin/../lib/gcc/avr/4.3.3/../../../../avr/lib/avr5\libm.a(fixunssfsi.o)
                0x000027b6                __fixunssfsi
 .text.fplib    0x0000280e       0x7a d:/arduino/codeblocks/bin/../lib/gcc/avr/4.3.3/../../../../avr/lib/avr5\libm.a(floatsisf.o)
                0x00002812                __floatsisf
                0x0000280e                __floatunsisf
 .text.fplib    0x00002888       0x48 d:/arduino/codeblocks/bin/../lib/gcc/avr/4.3.3/../../../../avr/lib/avr5\libm.a(fp_cmp.o)
                0x00002888                __fp_cmp
 .text.fplib    0x000028d0        0xc d:/arduino/codeblocks/bin/../lib/gcc/avr/4.3.3/../../../../avr/lib/avr5\libm.a(fp_inf.o)
                0x000028d0                __fp_inf
 .text.fplib    0x000028dc        0x6 d:/arduino/codeblocks/bin/../lib/gcc/avr/4.3.3/../../../../avr/lib/avr5\libm.a(fp_nan.o)
                0x000028dc                __fp_nan
 .text.fplib    0x000028e2        0xe d:/arduino/codeblocks/bin/../lib/gcc/avr/4.3.3/../../../../avr/lib/avr5\libm.a(fp_pscA.o)
                0x000028e2                __fp_pscA
 .text.fplib    0x000028f0        0xe d:/arduino/codeblocks/bin/../lib/gcc/avr/4.3.3/../../../../avr/lib/avr5\libm.a(fp_pscB.o)
                0x000028f0                __fp_pscB
 .text.fplib    0x000028fe       0x22 d:/arduino/codeblocks/bin/../lib/gcc/avr/4.3.3/../../../../avr/lib/avr5\libm.a(fp_round.o)
                0x000028fe                __fp_round
 .text.fplib    0x00002920       0x44 d:/arduino/codeblocks/bin/../lib/gcc/avr/4.3.3/../../../../avr/lib/avr5\libm.a(fp_split3.o)
                0x00002920                __fp_split3
                0x00002930                __fp_splitA
 .text.fplib    0x00002964        0xe d:/arduino/codeblocks/bin/../lib/gcc/avr/4.3.3/../../../../avr/lib/avr5\libm.a(fp_zero.o)
                0x00002964                __fp_zero
                0x00002966                __fp_szero
 .text.fplib    0x00002972        0x8 d:/arduino/codeblocks/bin/../lib/gcc/avr/4.3.3/../../../../avr/lib/avr5\libm.a(gesf2.o)
                0x00002972                __gtsf2
                0x00002972                __gesf2
 .text.fplib    0x0000297a        0x4 d:/arduino/codeblocks/bin/../lib/gcc/avr/4.3.3/../../../../avr/lib/avr5\libm.a(mulsf3.o)
                0x0000297a                __mulsf3
 .text.fplib    0x0000297e       0xc2 d:/arduino/codeblocks/bin/../lib/gcc/avr/4.3.3/../../../../avr/lib/avr5\libm.a(mulsf3x.o)
                0x00002996                __mulsf3_pse
                0x00002992                __mulsf3x
 .text.fplib    0x00002a40        0x8 d:/arduino/codeblocks/bin/../lib/gcc/avr/4.3.3/../../../../avr/lib/avr5\libm.a(unordsf2.o)
                0x00002a40                __unordsf2
 .text.libgcc   0x00002a48       0x3e d:/arduino/codeblocks/bin/../lib/gcc/avr/4.3.3/avr5\libgcc.a(_mulsi3.o)
                0x00002a48                __mulsi3
 .text.libgcc   0x00002a86       0x44 d:/arduino/codeblocks/bin/../lib/gcc/avr/4.3.3/avr5\libgcc.a(_udivmodsi4.o)
                0x00002a86                __udivmodsi4
 .text.libgcc   0x00002aca       0x36 d:/arduino/codeblocks/bin/../lib/gcc/avr/4.3.3/avr5\libgcc.a(_divmodsi4.o)
                0x00002aca                __divmodsi4
 .text.libgcc   0x00002b00        0xc d:/arduino/codeblocks/bin/../lib/gcc/avr/4.3.3/avr5\libgcc.a(_tablejump.o)
                0x00002b04                __tablejump__
                0x00002b00                __tablejump2__
                0x00002b0c                . = ALIGN (0x2)
 *(.fini9)
 .fini9         0x00002b0c        0x0 d:/arduino/codeblocks/bin/../lib/gcc/avr/4.3.3/avr5\libgcc.a(_exit.o)
                0x00002b0c                exit
                0x00002b0c                _exit
 *(.fini9)
 *(.fini8)
 *(.fini8)
 *(.fini7)
 *(.fini7)
 *(.fini6)
 *(.fini6)
 *(.fini5)
 *(.fini5)
 *(.fini4)
 *(.fini4)
 *(.fini3)
 *(.fini3)
 *(.fini2)
 *(.fini2)
 *(.fini1)
 *(.fini1)
 *(.fini0)
 .fini0         0x00002b0c        0x4 d:/arduino/codeblocks/bin/../lib/gcc/avr/4.3.3/avr5\libgcc.a(_exit.o)
 *(.fini0)
                0x00002b10                _etext = .

.data           0x00800100      0x162 load address 0x00002b10
                0x00800100                PROVIDE (__data_start, .)
 *(.data)
 .data          0x00800100       0x24 build\gregor_jogurt.o
 .data          0x00800124        0xe D:\arduino\Projects\gregor_jogurt\build\/core_promini328_16.a(Print.cpp.o)
 *(.data*)
 .data.aggKp    0x00800132        0x4 build\gregor_jogurt.o
                0x00800132                aggKp
 .data.aggKi    0x00800136        0x4 build\gregor_jogurt.o
                0x00800136                aggKi
 .data.aggKd    0x0080013a        0x4 build\gregor_jogurt.o
                0x0080013a                aggKd
 .data.consKp   0x0080013e        0x4 build\gregor_jogurt.o
                0x0080013e                consKp
 .data.consKi   0x00800142        0x4 build\gregor_jogurt.o
                0x00800142                consKi
 .data.consKd   0x00800146        0x4 build\gregor_jogurt.o
                0x00800146                consKd
 .data.WindowSize
                0x0080014a        0x2 build\gregor_jogurt.o
                0x0080014a                WindowSize
 .data.analog_reference
                0x0080014c        0x1 D:\arduino\Projects\gregor_jogurt\build\/core_promini328_16.a(wiring_analog.c.o)
                0x0080014c                analog_reference
 *(.rodata)
 *(.rodata*)
 .rodata._ZL11dscrc_table
                0x0080014d      0x100 D:\arduino\Projects\gregor_jogurt\build\/lib_promini328_16.a(OneWire.cpp.o)
 .rodata._ZZN7OneWire9write_bitEhE8highTime
                0x0080024d        0x2 D:\arduino\Projects\gregor_jogurt\build\/lib_promini328_16.a(OneWire.cpp.o)
 .rodata._ZZN7OneWire9write_bitEhE7lowTime
                0x0080024f        0x2 D:\arduino\Projects\gregor_jogurt\build\/lib_promini328_16.a(OneWire.cpp.o)
 .rodata._ZTV13LiquidCrystal
                0x00800251        0x8 D:\arduino\Projects\gregor_jogurt\build\/lib_promini328_16.a(LiquidCrystal.cpp.o)
                0x00800251                vtable for LiquidCrystal
 .rodata._ZZN13LiquidCrystal9setCursorEhhE3C.3
                0x00800259        0x8 D:\arduino\Projects\gregor_jogurt\build\/lib_promini328_16.a(LiquidCrystal.cpp.o)
 *(.gnu.linkonce.d*)
                0x00800262                . = ALIGN (0x2)
 *fill*         0x00800261        0x1 00
                0x00800262                _edata = .
                0x00800262                PROVIDE (__data_end, .)

.bss            0x00800262       0x91
                0x00800262                PROVIDE (__bss_start, .)
 *(.bss)
 *(.bss*)
 .bss.Setpoint  0x00800262        0x4 build\gregor_jogurt.o
                0x00800262                Setpoint
 .bss.Input     0x00800266        0x4 build\gregor_jogurt.o
                0x00800266                Input
 .bss.Output    0x0080026a        0x4 build\gregor_jogurt.o
                0x0080026a                Output
 .bss.myPID     0x0080026e       0x39 build\gregor_jogurt.o
                0x0080026e                myPID
 .bss.windowStartTime
                0x008002a7        0x4 build\gregor_jogurt.o
                0x008002a7                windowStartTime
 .bss.t         0x008002ab        0x4 build\gregor_jogurt.o
                0x008002ab                t
 .bss.oneWire   0x008002af       0x13 build\gregor_jogurt.o
                0x008002af                oneWire
 .bss.sensors   0x008002c2       0x13 build\gregor_jogurt.o
                0x008002c2                sensors
 .bss.lcd       0x008002d5       0x15 build\gregor_jogurt.o
                0x008002d5                lcd
 .bss.timer0_overflow_count
                0x008002ea        0x4 D:\arduino\Projects\gregor_jogurt\build\/core_promini328_16.a(wiring.c.o)
                0x008002ea                timer0_overflow_count
 .bss.timer0_millis
                0x008002ee        0x4 D:\arduino\Projects\gregor_jogurt\build\/core_promini328_16.a(wiring.c.o)
                0x008002ee                timer0_millis
 .bss.timer0_fract
                0x008002f2        0x1 D:\arduino\Projects\gregor_jogurt\build\/core_promini328_16.a(wiring.c.o)
 *(COMMON)
                0x008002f3                PROVIDE (__bss_end, .)
                0x00002b10                __data_load_start = LOADADDR (.data)
                0x00002c72                __data_load_end = (__data_load_start + SIZEOF (.data))

.noinit         0x008002f3        0x0
                0x008002f3                PROVIDE (__noinit_start, .)
 *(.noinit*)
                0x008002f3                PROVIDE (__noinit_end, .)
                0x008002f3                _end = .
                0x008002f3                PROVIDE (__heap_start, .)

.eeprom         0x00810000        0x0
 *(.eeprom*)
                0x00810000                __eeprom_end = .

.fuse
 *(.fuse)
 *(.lfuse)
 *(.hfuse)
 *(.efuse)

.lock
 *(.lock*)

.signature
 *(.signature*)

.stab
 *(.stab)

.stabstr
 *(.stabstr)

.stab.excl
 *(.stab.excl)

.stab.exclstr
 *(.stab.exclstr)

.stab.index
 *(.stab.index)

.stab.indexstr
 *(.stab.indexstr)

.comment
 *(.comment)

.debug
 *(.debug)

.line
 *(.line)

.debug_srcinfo
 *(.debug_srcinfo)

.debug_sfnames
 *(.debug_sfnames)

.debug_aranges
 *(.debug_aranges)

.debug_pubnames
 *(.debug_pubnames)

.debug_info
 *(.debug_info)
 *(.gnu.linkonce.wi.*)

.debug_abbrev
 *(.debug_abbrev)

.debug_line
 *(.debug_line)

.debug_frame
 *(.debug_frame)

.debug_str
 *(.debug_str)

.debug_loc
 *(.debug_loc)

.debug_macinfo
 *(.debug_macinfo)
OUTPUT(build\gregor_jogurt_promini328.elf elf32-avr)
LOAD linker stubs

Cross Reference Table

Symbol                                            File
DallasTemperature::DallasTemperature(OneWire*)    D:\arduino\Projects\gregor_jogurt\build\/lib_promini328_16.a(DallasTemperature.cpp.o)
DallasTemperature::DallasTemperature(OneWire*)    D:\arduino\Projects\gregor_jogurt\build\/lib_promini328_16.a(DallasTemperature.cpp.o)
                                                  build\gregor_jogurt.o
DallasTemperature::alarmSearch(unsigned char*)    D:\arduino\Projects\gregor_jogurt\build\/lib_promini328_16.a(DallasTemperature.cpp.o)
DallasTemperature::begin()                        D:\arduino\Projects\gregor_jogurt\build\/lib_promini328_16.a(DallasTemperature.cpp.o)
                                                  build\gregor_jogurt.o
DallasTemperature::blockTillConversionComplete(unsigned char*, unsigned char*) D:\arduino\Projects\gregor_jogurt\build\/lib_promini328_16.a(DallasTemperature.cpp.o)
DallasTemperature::calculateTemperature(unsigned char*, unsigned char*) D:\arduino\Projects\gregor_jogurt\build\/lib_promini328_16.a(DallasTemperature.cpp.o)
DallasTemperature::defaultAlarmHandler(unsigned char*) D:\arduino\Projects\gregor_jogurt\build\/lib_promini328_16.a(DallasTemperature.cpp.o)
DallasTemperature::getAddress(unsigned char*, unsigned char) D:\arduino\Projects\gregor_jogurt\build\/lib_promini328_16.a(DallasTemperature.cpp.o)
DallasTemperature::getCheckForConversion()        D:\arduino\Projects\gregor_jogurt\build\/lib_promini328_16.a(DallasTemperature.cpp.o)
DallasTemperature::getDeviceCount()               D:\arduino\Projects\gregor_jogurt\build\/lib_promini328_16.a(DallasTemperature.cpp.o)
DallasTemperature::getHighAlarmTemp(unsigned char*) D:\arduino\Projects\gregor_jogurt\build\/lib_promini328_16.a(DallasTemperature.cpp.o)
DallasTemperature::getLowAlarmTemp(unsigned char*) D:\arduino\Projects\gregor_jogurt\build\/lib_promini328_16.a(DallasTemperature.cpp.o)
DallasTemperature::getResolution()                D:\arduino\Projects\gregor_jogurt\build\/lib_promini328_16.a(DallasTemperature.cpp.o)
DallasTemperature::getResolution(unsigned char*)  D:\arduino\Projects\gregor_jogurt\build\/lib_promini328_16.a(DallasTemperature.cpp.o)
DallasTemperature::getTempC(unsigned char*)       D:\arduino\Projects\gregor_jogurt\build\/lib_promini328_16.a(DallasTemperature.cpp.o)
DallasTemperature::getTempCByIndex(unsigned char) D:\arduino\Projects\gregor_jogurt\build\/lib_promini328_16.a(DallasTemperature.cpp.o)
                                                  build\gregor_jogurt.o
DallasTemperature::getTempF(unsigned char*)       D:\arduino\Projects\gregor_jogurt\build\/lib_promini328_16.a(DallasTemperature.cpp.o)
DallasTemperature::getTempFByIndex(unsigned char) D:\arduino\Projects\gregor_jogurt\build\/lib_promini328_16.a(DallasTemperature.cpp.o)
DallasTemperature::getWaitForConversion()         D:\arduino\Projects\gregor_jogurt\build\/lib_promini328_16.a(DallasTemperature.cpp.o)
DallasTemperature::hasAlarm()                     D:\arduino\Projects\gregor_jogurt\build\/lib_promini328_16.a(DallasTemperature.cpp.o)
DallasTemperature::hasAlarm(unsigned char*)       D:\arduino\Projects\gregor_jogurt\build\/lib_promini328_16.a(DallasTemperature.cpp.o)
DallasTemperature::isConnected(unsigned char*)    D:\arduino\Projects\gregor_jogurt\build\/lib_promini328_16.a(DallasTemperature.cpp.o)
DallasTemperature::isConnected(unsigned char*, unsigned char*) D:\arduino\Projects\gregor_jogurt\build\/lib_promini328_16.a(DallasTemperature.cpp.o)
DallasTemperature::isConversionAvailable(unsigned char*) D:\arduino\Projects\gregor_jogurt\build\/lib_promini328_16.a(DallasTemperature.cpp.o)
DallasTemperature::isParasitePowerMode()          D:\arduino\Projects\gregor_jogurt\build\/lib_promini328_16.a(DallasTemperature.cpp.o)
DallasTemperature::processAlarms()                D:\arduino\Projects\gregor_jogurt\build\/lib_promini328_16.a(DallasTemperature.cpp.o)
DallasTemperature::readPowerSupply(unsigned char*) D:\arduino\Projects\gregor_jogurt\build\/lib_promini328_16.a(DallasTemperature.cpp.o)
DallasTemperature::readScratchPad(unsigned char*, unsigned char*) D:\arduino\Projects\gregor_jogurt\build\/lib_promini328_16.a(DallasTemperature.cpp.o)
DallasTemperature::requestTemperatures()          D:\arduino\Projects\gregor_jogurt\build\/lib_promini328_16.a(DallasTemperature.cpp.o)
                                                  build\gregor_jogurt.o
DallasTemperature::requestTemperaturesByAddress(unsigned char*) D:\arduino\Projects\gregor_jogurt\build\/lib_promini328_16.a(DallasTemperature.cpp.o)
DallasTemperature::requestTemperaturesByIndex(unsigned char) D:\arduino\Projects\gregor_jogurt\build\/lib_promini328_16.a(DallasTemperature.cpp.o)
DallasTemperature::resetAlarmSearch()             D:\arduino\Projects\gregor_jogurt\build\/lib_promini328_16.a(DallasTemperature.cpp.o)
DallasTemperature::setAlarmHandler(void (*)(unsigned char*)) D:\arduino\Projects\gregor_jogurt\build\/lib_promini328_16.a(DallasTemperature.cpp.o)
DallasTemperature::setCheckForConversion(bool)    D:\arduino\Projects\gregor_jogurt\build\/lib_promini328_16.a(DallasTemperature.cpp.o)
DallasTemperature::setHighAlarmTemp(unsigned char*, char) D:\arduino\Projects\gregor_jogurt\build\/lib_promini328_16.a(DallasTemperature.cpp.o)
DallasTemperature::setLowAlarmTemp(unsigned char*, char) D:\arduino\Projects\gregor_jogurt\build\/lib_promini328_16.a(DallasTemperature.cpp.o)
DallasTemperature::setResolution(unsigned char)   D:\arduino\Projects\gregor_jogurt\build\/lib_promini328_16.a(DallasTemperature.cpp.o)
DallasTemperature::setResolution(unsigned char*, unsigned char) D:\arduino\Projects\gregor_jogurt\build\/lib_promini328_16.a(DallasTemperature.cpp.o)
DallasTemperature::setWaitForConversion(bool)     D:\arduino\Projects\gregor_jogurt\build\/lib_promini328_16.a(DallasTemperature.cpp.o)
DallasTemperature::toCelsius(float)               D:\arduino\Projects\gregor_jogurt\build\/lib_promini328_16.a(DallasTemperature.cpp.o)
DallasTemperature::toFahrenheit(float)            D:\arduino\Projects\gregor_jogurt\build\/lib_promini328_16.a(DallasTemperature.cpp.o)
DallasTemperature::validAddress(unsigned char*)   D:\arduino\Projects\gregor_jogurt\build\/lib_promini328_16.a(DallasTemperature.cpp.o)
DallasTemperature::writeScratchPad(unsigned char*, unsigned char const*) D:\arduino\Projects\gregor_jogurt\build\/lib_promini328_16.a(DallasTemperature.cpp.o)
Input                                             build\gregor_jogurt.o
LiquidCrystal::LiquidCrystal(unsigned char, unsigned char, unsigned char, unsigned char, unsigned char, unsigned char) D:\arduino\Projects\gregor_jogurt\build\/lib_promini328_16.a(LiquidCrystal.cpp.o)
LiquidCrystal::LiquidCrystal(unsigned char, unsigned char, unsigned char, unsigned char, unsigned char, unsigned char) D:\arduino\Projects\gregor_jogurt\build\/lib_promini328_16.a(LiquidCrystal.cpp.o)
                                                  build\gregor_jogurt.o
LiquidCrystal::LiquidCrystal(unsigned char, unsigned char, unsigned char, unsigned char, unsigned char, unsigned char, unsigned char) D:\arduino\Projects\gregor_jogurt\build\/lib_promini328_16.a(LiquidCrystal.cpp.o)
LiquidCrystal::LiquidCrystal(unsigned char, unsigned char, unsigned char, unsigned char, unsigned char, unsigned char, unsigned char) D:\arduino\Projects\gregor_jogurt\build\/lib_promini328_16.a(LiquidCrystal.cpp.o)
LiquidCrystal::LiquidCrystal(unsigned char, unsigned char, unsigned char, unsigned char, unsigned char, unsigned char, unsigned char, unsigned char, unsigned char, unsigned char) D:\arduino\Projects\gregor_jogurt\build\/lib_promini328_16.a(LiquidCrystal.cpp.o)
LiquidCrystal::LiquidCrystal(unsigned char, unsigned char, unsigned char, unsigned char, unsigned char, unsigned char, unsigned char, unsigned char, unsigned char, unsigned char) D:\arduino\Projects\gregor_jogurt\build\/lib_promini328_16.a(LiquidCrystal.cpp.o)
LiquidCrystal::LiquidCrystal(unsigned char, unsigned char, unsigned char, unsigned char, unsigned char, unsigned char, unsigned char, unsigned char, unsigned char, unsigned char, unsigned char) D:\arduino\Projects\gregor_jogurt\build\/lib_promini328_16.a(LiquidCrystal.cpp.o)
LiquidCrystal::LiquidCrystal(unsigned char, unsigned char, unsigned char, unsigned char, unsigned char, unsigned char, unsigned char, unsigned char, unsigned char, unsigned char, unsigned char) D:\arduino\Projects\gregor_jogurt\build\/lib_promini328_16.a(LiquidCrystal.cpp.o)
LiquidCrystal::autoscroll()                       D:\arduino\Projects\gregor_jogurt\build\/lib_promini328_16.a(LiquidCrystal.cpp.o)
LiquidCrystal::begin(unsigned char, unsigned char, unsigned char) D:\arduino\Projects\gregor_jogurt\build\/lib_promini328_16.a(LiquidCrystal.cpp.o)
                                                  build\gregor_jogurt.o
LiquidCrystal::blink()                            D:\arduino\Projects\gregor_jogurt\build\/lib_promini328_16.a(LiquidCrystal.cpp.o)
LiquidCrystal::clear()                            D:\arduino\Projects\gregor_jogurt\build\/lib_promini328_16.a(LiquidCrystal.cpp.o)
                                                  build\gregor_jogurt.o
LiquidCrystal::command(unsigned char)             D:\arduino\Projects\gregor_jogurt\build\/lib_promini328_16.a(LiquidCrystal.cpp.o)
LiquidCrystal::createChar(unsigned char, unsigned char*) D:\arduino\Projects\gregor_jogurt\build\/lib_promini328_16.a(LiquidCrystal.cpp.o)
LiquidCrystal::cursor()                           D:\arduino\Projects\gregor_jogurt\build\/lib_promini328_16.a(LiquidCrystal.cpp.o)
LiquidCrystal::display()                          D:\arduino\Projects\gregor_jogurt\build\/lib_promini328_16.a(LiquidCrystal.cpp.o)
LiquidCrystal::home()                             D:\arduino\Projects\gregor_jogurt\build\/lib_promini328_16.a(LiquidCrystal.cpp.o)
LiquidCrystal::init(unsigned char, unsigned char, unsigned char, unsigned char, unsigned char, unsigned char, unsigned char, unsigned char, unsigned char, unsigned char, unsigned char, unsigned char) D:\arduino\Projects\gregor_jogurt\build\/lib_promini328_16.a(LiquidCrystal.cpp.o)
LiquidCrystal::leftToRight()                      D:\arduino\Projects\gregor_jogurt\build\/lib_promini328_16.a(LiquidCrystal.cpp.o)
LiquidCrystal::noAutoscroll()                     D:\arduino\Projects\gregor_jogurt\build\/lib_promini328_16.a(LiquidCrystal.cpp.o)
LiquidCrystal::noBlink()                          D:\arduino\Projects\gregor_jogurt\build\/lib_promini328_16.a(LiquidCrystal.cpp.o)
LiquidCrystal::noCursor()                         D:\arduino\Projects\gregor_jogurt\build\/lib_promini328_16.a(LiquidCrystal.cpp.o)
LiquidCrystal::noDisplay()                        D:\arduino\Projects\gregor_jogurt\build\/lib_promini328_16.a(LiquidCrystal.cpp.o)
LiquidCrystal::pulseEnable()                      D:\arduino\Projects\gregor_jogurt\build\/lib_promini328_16.a(LiquidCrystal.cpp.o)
LiquidCrystal::rightToLeft()                      D:\arduino\Projects\gregor_jogurt\build\/lib_promini328_16.a(LiquidCrystal.cpp.o)
LiquidCrystal::scrollDisplayLeft()                D:\arduino\Projects\gregor_jogurt\build\/lib_promini328_16.a(LiquidCrystal.cpp.o)
LiquidCrystal::scrollDisplayRight()               D:\arduino\Projects\gregor_jogurt\build\/lib_promini328_16.a(LiquidCrystal.cpp.o)
LiquidCrystal::send(unsigned char, unsigned char) D:\arduino\Projects\gregor_jogurt\build\/lib_promini328_16.a(LiquidCrystal.cpp.o)
LiquidCrystal::setCursor(unsigned char, unsigned char) D:\arduino\Projects\gregor_jogurt\build\/lib_promini328_16.a(LiquidCrystal.cpp.o)
                                                  build\gregor_jogurt.o
LiquidCrystal::write(unsigned char)               D:\arduino\Projects\gregor_jogurt\build\/lib_promini328_16.a(LiquidCrystal.cpp.o)
LiquidCrystal::write4bits(unsigned char)          D:\arduino\Projects\gregor_jogurt\build\/lib_promini328_16.a(LiquidCrystal.cpp.o)
LiquidCrystal::write8bits(unsigned char)          D:\arduino\Projects\gregor_jogurt\build\/lib_promini328_16.a(LiquidCrystal.cpp.o)
OneWire::OneWire(unsigned char)                   D:\arduino\Projects\gregor_jogurt\build\/lib_promini328_16.a(OneWire.cpp.o)
                                                  build\gregor_jogurt.o
OneWire::OneWire(unsigned char)                   D:\arduino\Projects\gregor_jogurt\build\/lib_promini328_16.a(OneWire.cpp.o)
OneWire::crc8(unsigned char*, unsigned char)      D:\arduino\Projects\gregor_jogurt\build\/lib_promini328_16.a(OneWire.cpp.o)
                                                  D:\arduino\Projects\gregor_jogurt\build\/lib_promini328_16.a(DallasTemperature.cpp.o)
OneWire::depower()                                D:\arduino\Projects\gregor_jogurt\build\/lib_promini328_16.a(OneWire.cpp.o)
OneWire::read()                                   D:\arduino\Projects\gregor_jogurt\build\/lib_promini328_16.a(OneWire.cpp.o)
                                                  D:\arduino\Projects\gregor_jogurt\build\/lib_promini328_16.a(DallasTemperature.cpp.o)
OneWire::read_bit()                               D:\arduino\Projects\gregor_jogurt\build\/lib_promini328_16.a(OneWire.cpp.o)
                                                  D:\arduino\Projects\gregor_jogurt\build\/lib_promini328_16.a(DallasTemperature.cpp.o)
OneWire::reset()                                  D:\arduino\Projects\gregor_jogurt\build\/lib_promini328_16.a(OneWire.cpp.o)
                                                  D:\arduino\Projects\gregor_jogurt\build\/lib_promini328_16.a(DallasTemperature.cpp.o)
OneWire::reset_search()                           D:\arduino\Projects\gregor_jogurt\build\/lib_promini328_16.a(OneWire.cpp.o)
                                                  D:\arduino\Projects\gregor_jogurt\build\/lib_promini328_16.a(DallasTemperature.cpp.o)
OneWire::search(unsigned char*)                   D:\arduino\Projects\gregor_jogurt\build\/lib_promini328_16.a(OneWire.cpp.o)
                                                  D:\arduino\Projects\gregor_jogurt\build\/lib_promini328_16.a(DallasTemperature.cpp.o)
OneWire::select(unsigned char*)                   D:\arduino\Projects\gregor_jogurt\build\/lib_promini328_16.a(OneWire.cpp.o)
                                                  D:\arduino\Projects\gregor_jogurt\build\/lib_promini328_16.a(DallasTemperature.cpp.o)
OneWire::skip()                                   D:\arduino\Projects\gregor_jogurt\build\/lib_promini328_16.a(OneWire.cpp.o)
                                                  D:\arduino\Projects\gregor_jogurt\build\/lib_promini328_16.a(DallasTemperature.cpp.o)
OneWire::write(unsigned char, unsigned char)      D:\arduino\Projects\gregor_jogurt\build\/lib_promini328_16.a(OneWire.cpp.o)
                                                  D:\arduino\Projects\gregor_jogurt\build\/lib_promini328_16.a(DallasTemperature.cpp.o)
OneWire::write_bit(unsigned char)                 D:\arduino\Projects\gregor_jogurt\build\/lib_promini328_16.a(OneWire.cpp.o)
                                                  D:\arduino\Projects\gregor_jogurt\build\/lib_promini328_16.a(DallasTemperature.cpp.o)
Output                                            build\gregor_jogurt.o
PID::Compute()                                    D:\arduino\Projects\gregor_jogurt\build\/lib_promini328_16.a(PID_v1.cpp.o)
                                                  build\gregor_jogurt.o
PID::GetDirection()                               D:\arduino\Projects\gregor_jogurt\build\/lib_promini328_16.a(PID_v1.cpp.o)
                                                  build\gregor_jogurt.o
PID::GetKd()                                      D:\arduino\Projects\gregor_jogurt\build\/lib_promini328_16.a(PID_v1.cpp.o)
                                                  build\gregor_jogurt.o
PID::GetKi()                                      D:\arduino\Projects\gregor_jogurt\build\/lib_promini328_16.a(PID_v1.cpp.o)
                                                  build\gregor_jogurt.o
PID::GetKp()                                      D:\arduino\Projects\gregor_jogurt\build\/lib_promini328_16.a(PID_v1.cpp.o)
                                                  build\gregor_jogurt.o
PID::GetMode()                                    D:\arduino\Projects\gregor_jogurt\build\/lib_promini328_16.a(PID_v1.cpp.o)
PID::Initialize()                                 D:\arduino\Projects\gregor_jogurt\build\/lib_promini328_16.a(PID_v1.cpp.o)
PID::PID(double*, double*, double*, double, double, double, int) D:\arduino\Projects\gregor_jogurt\build\/lib_promini328_16.a(PID_v1.cpp.o)
PID::PID(double*, double*, double*, double, double, double, int) D:\arduino\Projects\gregor_jogurt\build\/lib_promini328_16.a(PID_v1.cpp.o)
                                                  build\gregor_jogurt.o
PID::SetControllerDirection(int)                  D:\arduino\Projects\gregor_jogurt\build\/lib_promini328_16.a(PID_v1.cpp.o)
PID::SetMode(int)                                 D:\arduino\Projects\gregor_jogurt\build\/lib_promini328_16.a(PID_v1.cpp.o)
                                                  build\gregor_jogurt.o
PID::SetOutputLimits(double, double)              D:\arduino\Projects\gregor_jogurt\build\/lib_promini328_16.a(PID_v1.cpp.o)
                                                  build\gregor_jogurt.o
PID::SetSampleTime(int)                           D:\arduino\Projects\gregor_jogurt\build\/lib_promini328_16.a(PID_v1.cpp.o)
                                                  build\gregor_jogurt.o
PID::SetTunings(double, double, double)           D:\arduino\Projects\gregor_jogurt\build\/lib_promini328_16.a(PID_v1.cpp.o)
                                                  build\gregor_jogurt.o
Print::print(Printable const&)                    D:\arduino\Projects\gregor_jogurt\build\/core_promini328_16.a(Print.cpp.o)
Print::print(String const&)                       D:\arduino\Projects\gregor_jogurt\build\/core_promini328_16.a(Print.cpp.o)
Print::print(__FlashStringHelper const*)          D:\arduino\Projects\gregor_jogurt\build\/core_promini328_16.a(Print.cpp.o)
Print::print(char const*)                         D:\arduino\Projects\gregor_jogurt\build\/core_promini328_16.a(Print.cpp.o)
                                                  build\gregor_jogurt.o
Print::print(char)                                D:\arduino\Projects\gregor_jogurt\build\/core_promini328_16.a(Print.cpp.o)
Print::print(double, int)                         D:\arduino\Projects\gregor_jogurt\build\/core_promini328_16.a(Print.cpp.o)
                                                  build\gregor_jogurt.o
Print::print(int, int)                            D:\arduino\Projects\gregor_jogurt\build\/core_promini328_16.a(Print.cpp.o)
                                                  build\gregor_jogurt.o
Print::print(long, int)                           D:\arduino\Projects\gregor_jogurt\build\/core_promini328_16.a(Print.cpp.o)
Print::print(unsigned char, int)                  D:\arduino\Projects\gregor_jogurt\build\/core_promini328_16.a(Print.cpp.o)
Print::print(unsigned int, int)                   D:\arduino\Projects\gregor_jogurt\build\/core_promini328_16.a(Print.cpp.o)
Print::print(unsigned long, int)                  D:\arduino\Projects\gregor_jogurt\build\/core_promini328_16.a(Print.cpp.o)
                                                  build\gregor_jogurt.o
Print::printFloat(double, unsigned char)          D:\arduino\Projects\gregor_jogurt\build\/core_promini328_16.a(Print.cpp.o)
Print::printNumber(unsigned long, unsigned char)  D:\arduino\Projects\gregor_jogurt\build\/core_promini328_16.a(Print.cpp.o)
Print::println()                                  D:\arduino\Projects\gregor_jogurt\build\/core_promini328_16.a(Print.cpp.o)
Print::println(Printable const&)                  D:\arduino\Projects\gregor_jogurt\build\/core_promini328_16.a(Print.cpp.o)
Print::println(String const&)                     D:\arduino\Projects\gregor_jogurt\build\/core_promini328_16.a(Print.cpp.o)
Print::println(__FlashStringHelper const*)        D:\arduino\Projects\gregor_jogurt\build\/core_promini328_16.a(Print.cpp.o)
Print::println(char const*)                       D:\arduino\Projects\gregor_jogurt\build\/core_promini328_16.a(Print.cpp.o)
Print::println(char)                              D:\arduino\Projects\gregor_jogurt\build\/core_promini328_16.a(Print.cpp.o)
Print::println(double, int)                       D:\arduino\Projects\gregor_jogurt\build\/core_promini328_16.a(Print.cpp.o)
Print::println(int, int)                          D:\arduino\Projects\gregor_jogurt\build\/core_promini328_16.a(Print.cpp.o)
Print::println(long, int)                         D:\arduino\Projects\gregor_jogurt\build\/core_promini328_16.a(Print.cpp.o)
Print::println(unsigned char, int)                D:\arduino\Projects\gregor_jogurt\build\/core_promini328_16.a(Print.cpp.o)
Print::println(unsigned int, int)                 D:\arduino\Projects\gregor_jogurt\build\/core_promini328_16.a(Print.cpp.o)
Print::println(unsigned long, int)                D:\arduino\Projects\gregor_jogurt\build\/core_promini328_16.a(Print.cpp.o)
Print::write(char const*)                         D:\arduino\Projects\gregor_jogurt\build\/core_promini328_16.a(Print.cpp.o)
Print::write(unsigned char const*, unsigned int)  D:\arduino\Projects\gregor_jogurt\build\/core_promini328_16.a(Print.cpp.o)
                                                  D:\arduino\Projects\gregor_jogurt\build\/lib_promini328_16.a(LiquidCrystal.cpp.o)
Setpoint                                          build\gregor_jogurt.o
String::String(String const&)                     D:\arduino\Projects\gregor_jogurt\build\/core_promini328_16.a(WString.cpp.o)
String::String(String const&)                     D:\arduino\Projects\gregor_jogurt\build\/core_promini328_16.a(WString.cpp.o)
String::String(char const*)                       D:\arduino\Projects\gregor_jogurt\build\/core_promini328_16.a(WString.cpp.o)
String::String(char const*)                       D:\arduino\Projects\gregor_jogurt\build\/core_promini328_16.a(WString.cpp.o)
String::String(char)                              D:\arduino\Projects\gregor_jogurt\build\/core_promini328_16.a(WString.cpp.o)
String::String(char)                              D:\arduino\Projects\gregor_jogurt\build\/core_promini328_16.a(WString.cpp.o)
String::String(int, unsigned char)                D:\arduino\Projects\gregor_jogurt\build\/core_promini328_16.a(WString.cpp.o)
String::String(int, unsigned char)                D:\arduino\Projects\gregor_jogurt\build\/core_promini328_16.a(WString.cpp.o)
String::String(long, unsigned char)               D:\arduino\Projects\gregor_jogurt\build\/core_promini328_16.a(WString.cpp.o)
String::String(long, unsigned char)               D:\arduino\Projects\gregor_jogurt\build\/core_promini328_16.a(WString.cpp.o)
String::String(unsigned char, unsigned char)      D:\arduino\Projects\gregor_jogurt\build\/core_promini328_16.a(WString.cpp.o)
String::String(unsigned char, unsigned char)      D:\arduino\Projects\gregor_jogurt\build\/core_promini328_16.a(WString.cpp.o)
String::String(unsigned int, unsigned char)       D:\arduino\Projects\gregor_jogurt\build\/core_promini328_16.a(WString.cpp.o)
String::String(unsigned int, unsigned char)       D:\arduino\Projects\gregor_jogurt\build\/core_promini328_16.a(WString.cpp.o)
String::String(unsigned long, unsigned char)      D:\arduino\Projects\gregor_jogurt\build\/core_promini328_16.a(WString.cpp.o)
String::String(unsigned long, unsigned char)      D:\arduino\Projects\gregor_jogurt\build\/core_promini328_16.a(WString.cpp.o)
String::changeBuffer(unsigned int)                D:\arduino\Projects\gregor_jogurt\build\/core_promini328_16.a(WString.cpp.o)
String::charAt(unsigned int) const                D:\arduino\Projects\gregor_jogurt\build\/core_promini328_16.a(WString.cpp.o)
String::compareTo(String const&) const            D:\arduino\Projects\gregor_jogurt\build\/core_promini328_16.a(WString.cpp.o)
String::concat(String const&)                     D:\arduino\Projects\gregor_jogurt\build\/core_promini328_16.a(WString.cpp.o)
String::concat(char const*)                       D:\arduino\Projects\gregor_jogurt\build\/core_promini328_16.a(WString.cpp.o)
String::concat(char const*, unsigned int)         D:\arduino\Projects\gregor_jogurt\build\/core_promini328_16.a(WString.cpp.o)
String::concat(char)                              D:\arduino\Projects\gregor_jogurt\build\/core_promini328_16.a(WString.cpp.o)
String::concat(int)                               D:\arduino\Projects\gregor_jogurt\build\/core_promini328_16.a(WString.cpp.o)
String::concat(long)                              D:\arduino\Projects\gregor_jogurt\build\/core_promini328_16.a(WString.cpp.o)
String::concat(unsigned char)                     D:\arduino\Projects\gregor_jogurt\build\/core_promini328_16.a(WString.cpp.o)
String::concat(unsigned int)                      D:\arduino\Projects\gregor_jogurt\build\/core_promini328_16.a(WString.cpp.o)
String::concat(unsigned long)                     D:\arduino\Projects\gregor_jogurt\build\/core_promini328_16.a(WString.cpp.o)
String::copy(char const*, unsigned int)           D:\arduino\Projects\gregor_jogurt\build\/core_promini328_16.a(WString.cpp.o)
String::endsWith(String const&) const             D:\arduino\Projects\gregor_jogurt\build\/core_promini328_16.a(WString.cpp.o)
String::equals(String const&) const               D:\arduino\Projects\gregor_jogurt\build\/core_promini328_16.a(WString.cpp.o)
String::equals(char const*) const                 D:\arduino\Projects\gregor_jogurt\build\/core_promini328_16.a(WString.cpp.o)
String::equalsIgnoreCase(String const&) const     D:\arduino\Projects\gregor_jogurt\build\/core_promini328_16.a(WString.cpp.o)
String::getBytes(unsigned char*, unsigned int, unsigned int) const D:\arduino\Projects\gregor_jogurt\build\/core_promini328_16.a(WString.cpp.o)
String::indexOf(String const&) const              D:\arduino\Projects\gregor_jogurt\build\/core_promini328_16.a(WString.cpp.o)
String::indexOf(String const&, unsigned int) const D:\arduino\Projects\gregor_jogurt\build\/core_promini328_16.a(WString.cpp.o)
String::indexOf(char) const                       D:\arduino\Projects\gregor_jogurt\build\/core_promini328_16.a(WString.cpp.o)
String::indexOf(char, unsigned int) const         D:\arduino\Projects\gregor_jogurt\build\/core_promini328_16.a(WString.cpp.o)
String::invalidate()                              D:\arduino\Projects\gregor_jogurt\build\/core_promini328_16.a(WString.cpp.o)
String::lastIndexOf(String const&) const          D:\arduino\Projects\gregor_jogurt\build\/core_promini328_16.a(WString.cpp.o)
String::lastIndexOf(String const&, unsigned int) const D:\arduino\Projects\gregor_jogurt\build\/core_promini328_16.a(WString.cpp.o)
String::lastIndexOf(char) const                   D:\arduino\Projects\gregor_jogurt\build\/core_promini328_16.a(WString.cpp.o)
String::lastIndexOf(char, unsigned int) const     D:\arduino\Projects\gregor_jogurt\build\/core_promini328_16.a(WString.cpp.o)
String::operator<(String const&) const            D:\arduino\Projects\gregor_jogurt\build\/core_promini328_16.a(WString.cpp.o)
String::operator<=(String const&) const           D:\arduino\Projects\gregor_jogurt\build\/core_promini328_16.a(WString.cpp.o)
String::operator=(String const&)                  D:\arduino\Projects\gregor_jogurt\build\/core_promini328_16.a(WString.cpp.o)
String::operator=(char const*)                    D:\arduino\Projects\gregor_jogurt\build\/core_promini328_16.a(WString.cpp.o)
String::operator>(String const&) const            D:\arduino\Projects\gregor_jogurt\build\/core_promini328_16.a(WString.cpp.o)
String::operator>=(String const&) const           D:\arduino\Projects\gregor_jogurt\build\/core_promini328_16.a(WString.cpp.o)
String::operator[](unsigned int)                  D:\arduino\Projects\gregor_jogurt\build\/core_promini328_16.a(WString.cpp.o)
String::operator[](unsigned int) const            D:\arduino\Projects\gregor_jogurt\build\/core_promini328_16.a(WString.cpp.o)
                                                  D:\arduino\Projects\gregor_jogurt\build\/core_promini328_16.a(Print.cpp.o)
String::replace(String const&, String const&)     D:\arduino\Projects\gregor_jogurt\build\/core_promini328_16.a(WString.cpp.o)
String::replace(char, char)                       D:\arduino\Projects\gregor_jogurt\build\/core_promini328_16.a(WString.cpp.o)
String::reserve(unsigned int)                     D:\arduino\Projects\gregor_jogurt\build\/core_promini328_16.a(WString.cpp.o)
String::setCharAt(unsigned int, char)             D:\arduino\Projects\gregor_jogurt\build\/core_promini328_16.a(WString.cpp.o)
String::startsWith(String const&) const           D:\arduino\Projects\gregor_jogurt\build\/core_promini328_16.a(WString.cpp.o)
String::startsWith(String const&, unsigned int) const D:\arduino\Projects\gregor_jogurt\build\/core_promini328_16.a(WString.cpp.o)
String::substring(unsigned int) const             D:\arduino\Projects\gregor_jogurt\build\/core_promini328_16.a(WString.cpp.o)
String::substring(unsigned int, unsigned int) const D:\arduino\Projects\gregor_jogurt\build\/core_promini328_16.a(WString.cpp.o)
String::toInt() const                             D:\arduino\Projects\gregor_jogurt\build\/core_promini328_16.a(WString.cpp.o)
String::toLowerCase()                             D:\arduino\Projects\gregor_jogurt\build\/core_promini328_16.a(WString.cpp.o)
String::toUpperCase()                             D:\arduino\Projects\gregor_jogurt\build\/core_promini328_16.a(WString.cpp.o)
String::trim()                                    D:\arduino\Projects\gregor_jogurt\build\/core_promini328_16.a(WString.cpp.o)
String::~String()                                 D:\arduino\Projects\gregor_jogurt\build\/core_promini328_16.a(WString.cpp.o)
String::~String()                                 D:\arduino\Projects\gregor_jogurt\build\/core_promini328_16.a(WString.cpp.o)
WindowSize                                        build\gregor_jogurt.o
__addsf3                                          d:/arduino/codeblocks/bin/../lib/gcc/avr/4.3.3/../../../../avr/lib/avr5\libm.a(addsf3.o)
                                                  D:\arduino\Projects\gregor_jogurt\build\/core_promini328_16.a(Print.cpp.o)
                                                  D:\arduino\Projects\gregor_jogurt\build\/lib_promini328_16.a(DallasTemperature.cpp.o)
                                                  D:\arduino\Projects\gregor_jogurt\build\/lib_promini328_16.a(PID_v1.cpp.o)
__addsf3x                                         d:/arduino/codeblocks/bin/../lib/gcc/avr/4.3.3/../../../../avr/lib/avr5\libm.a(addsf3x.o)
                                                  d:/arduino/codeblocks/bin/../lib/gcc/avr/4.3.3/../../../../avr/lib/avr5\libm.a(addsf3.o)
__bad_interrupt                                   d:/arduino/codeblocks/bin/../lib/gcc/avr/4.3.3/../../../../avr/lib/avr5/crtm328p.o
__brkval                                          d:/arduino/codeblocks/bin/../lib/gcc/avr/4.3.3/../../../../avr/lib/avr5\libc.a(realloc.o)
                                                  d:/arduino/codeblocks/bin/../lib/gcc/avr/4.3.3/../../../../avr/lib/avr5\libc.a(malloc.o)
__bss_end                                         d:/arduino/codeblocks/bin/../lib/gcc/avr/4.3.3/avr5\libgcc.a(_clear_bss.o)
__bss_start                                       d:/arduino/codeblocks/bin/../lib/gcc/avr/4.3.3/avr5\libgcc.a(_clear_bss.o)
__cmpsf2                                          d:/arduino/codeblocks/bin/../lib/gcc/avr/4.3.3/../../../../avr/lib/avr5\libm.a(cmpsf2.o)
__ctors_end                                       d:/arduino/codeblocks/bin/../lib/gcc/avr/4.3.3/avr5\libgcc.a(_ctors.o)
__ctors_start                                     d:/arduino/codeblocks/bin/../lib/gcc/avr/4.3.3/avr5\libgcc.a(_ctors.o)
__ctype_isfalse                                   d:/arduino/codeblocks/bin/../lib/gcc/avr/4.3.3/../../../../avr/lib/avr5\libc.a(cty_isfalse.o)
                                                  d:/arduino/codeblocks/bin/../lib/gcc/avr/4.3.3/../../../../avr/lib/avr5\libc.a(isspace.o)
__ctype_istrue                                    d:/arduino/codeblocks/bin/../lib/gcc/avr/4.3.3/../../../../avr/lib/avr5\libc.a(cty_isfalse.o)
__cxa_guard_abort                                 D:\arduino\Projects\gregor_jogurt\build\/core_promini328_16.a(new.cpp.o)
__cxa_guard_acquire                               D:\arduino\Projects\gregor_jogurt\build\/core_promini328_16.a(new.cpp.o)
__cxa_guard_release                               D:\arduino\Projects\gregor_jogurt\build\/core_promini328_16.a(new.cpp.o)
__cxa_pure_virtual                                D:\arduino\Projects\gregor_jogurt\build\/core_promini328_16.a(new.cpp.o)
                                                  D:\arduino\Projects\gregor_jogurt\build\/core_promini328_16.a(Print.cpp.o)
__data_end                                        d:/arduino/codeblocks/bin/../lib/gcc/avr/4.3.3/avr5\libgcc.a(_copy_data.o)
__data_load_start                                 d:/arduino/codeblocks/bin/../lib/gcc/avr/4.3.3/avr5\libgcc.a(_copy_data.o)
__data_start                                      d:/arduino/codeblocks/bin/../lib/gcc/avr/4.3.3/avr5\libgcc.a(_copy_data.o)
__divmodsi4                                       d:/arduino/codeblocks/bin/../lib/gcc/avr/4.3.3/avr5\libgcc.a(_divmodsi4.o)
                                                  d:/arduino/codeblocks/bin/../lib/gcc/avr/4.3.3/../../../../avr/lib/avr5\libc.a(random.o)
                                                  D:\arduino\Projects\gregor_jogurt\build\/core_promini328_16.a(WMath.cpp.o)
__divsf3                                          d:/arduino/codeblocks/bin/../lib/gcc/avr/4.3.3/../../../../avr/lib/avr5\libm.a(divsf3.o)
                                                  D:\arduino\Projects\gregor_jogurt\build\/core_promini328_16.a(Print.cpp.o)
                                                  D:\arduino\Projects\gregor_jogurt\build\/lib_promini328_16.a(DallasTemperature.cpp.o)
                                                  D:\arduino\Projects\gregor_jogurt\build\/lib_promini328_16.a(PID_v1.cpp.o)
__divsf3_pse                                      d:/arduino/codeblocks/bin/../lib/gcc/avr/4.3.3/../../../../avr/lib/avr5\libm.a(divsf3x.o)
__divsf3x                                         d:/arduino/codeblocks/bin/../lib/gcc/avr/4.3.3/../../../../avr/lib/avr5\libm.a(divsf3x.o)
                                                  d:/arduino/codeblocks/bin/../lib/gcc/avr/4.3.3/../../../../avr/lib/avr5\libm.a(divsf3.o)
__do_clear_bss                                    d:/arduino/codeblocks/bin/../lib/gcc/avr/4.3.3/avr5\libgcc.a(_clear_bss.o)
                                                  d:/arduino/codeblocks/bin/../lib/gcc/avr/4.3.3/../../../../avr/lib/avr5\libc.a(realloc.o)
                                                  d:/arduino/codeblocks/bin/../lib/gcc/avr/4.3.3/../../../../avr/lib/avr5\libc.a(random.o)
                                                  d:/arduino/codeblocks/bin/../lib/gcc/avr/4.3.3/../../../../avr/lib/avr5\libc.a(malloc.o)
                                                  D:\arduino\Projects\gregor_jogurt\build\/core_promini328_16.a(WString.cpp.o)
                                                  D:\arduino\Projects\gregor_jogurt\build\/core_promini328_16.a(wiring.c.o)
                                                  build\gregor_jogurt.o
__do_copy_data                                    d:/arduino/codeblocks/bin/../lib/gcc/avr/4.3.3/avr5\libgcc.a(_copy_data.o)
                                                  d:/arduino/codeblocks/bin/../lib/gcc/avr/4.3.3/../../../../avr/lib/avr5\libc.a(realloc.o)
                                                  d:/arduino/codeblocks/bin/../lib/gcc/avr/4.3.3/../../../../avr/lib/avr5\libc.a(random.o)
                                                  d:/arduino/codeblocks/bin/../lib/gcc/avr/4.3.3/../../../../avr/lib/avr5\libc.a(malloc.o)
                                                  D:\arduino\Projects\gregor_jogurt\build\/core_promini328_16.a(WString.cpp.o)
                                                  D:\arduino\Projects\gregor_jogurt\build\/core_promini328_16.a(wiring_analog.c.o)
                                                  D:\arduino\Projects\gregor_jogurt\build\/core_promini328_16.a(Print.cpp.o)
                                                  D:\arduino\Projects\gregor_jogurt\build\/lib_promini328_16.a(LiquidCrystal.cpp.o)
                                                  D:\arduino\Projects\gregor_jogurt\build\/lib_promini328_16.a(OneWire.cpp.o)
                                                  build\gregor_jogurt.o
__do_global_ctors                                 d:/arduino/codeblocks/bin/../lib/gcc/avr/4.3.3/avr5\libgcc.a(_ctors.o)
                                                  build\gregor_jogurt.o
__epilogue_restores__                             d:/arduino/codeblocks/bin/../lib/gcc/avr/4.3.3/avr5\libgcc.a(_epilogue.o)
                                                  d:/arduino/codeblocks/bin/../lib/gcc/avr/4.3.3/../../../../avr/lib/avr5\libc.a(realloc.o)
                                                  d:/arduino/codeblocks/bin/../lib/gcc/avr/4.3.3/../../../../avr/lib/avr5\libc.a(random.o)
__eqsf2                                           d:/arduino/codeblocks/bin/../lib/gcc/avr/4.3.3/../../../../avr/lib/avr5\libm.a(cmpsf2.o)
__fixsfsi                                         d:/arduino/codeblocks/bin/../lib/gcc/avr/4.3.3/../../../../avr/lib/avr5\libm.a(fixsfsi.o)
                                                  D:\arduino\Projects\gregor_jogurt\build\/core_promini328_16.a(Print.cpp.o)
                                                  D:\arduino\Projects\gregor_jogurt\build\/lib_promini328_16.a(DallasTemperature.cpp.o)
                                                  build\gregor_jogurt.o
__fixunssfsi                                      d:/arduino/codeblocks/bin/../lib/gcc/avr/4.3.3/../../../../avr/lib/avr5\libm.a(fixunssfsi.o)
                                                  d:/arduino/codeblocks/bin/../lib/gcc/avr/4.3.3/../../../../avr/lib/avr5\libm.a(fixsfsi.o)
                                                  D:\arduino\Projects\gregor_jogurt\build\/core_promini328_16.a(Print.cpp.o)
__floatsisf                                       d:/arduino/codeblocks/bin/../lib/gcc/avr/4.3.3/../../../../avr/lib/avr5\libm.a(floatsisf.o)
                                                  D:\arduino\Projects\gregor_jogurt\build\/core_promini328_16.a(Print.cpp.o)
                                                  D:\arduino\Projects\gregor_jogurt\build\/lib_promini328_16.a(DallasTemperature.cpp.o)
                                                  D:\arduino\Projects\gregor_jogurt\build\/lib_promini328_16.a(PID_v1.cpp.o)
                                                  build\gregor_jogurt.o
__floatunsisf                                     d:/arduino/codeblocks/bin/../lib/gcc/avr/4.3.3/../../../../avr/lib/avr5\libm.a(floatsisf.o)
                                                  D:\arduino\Projects\gregor_jogurt\build\/core_promini328_16.a(Print.cpp.o)
                                                  D:\arduino\Projects\gregor_jogurt\build\/lib_promini328_16.a(DallasTemperature.cpp.o)
                                                  D:\arduino\Projects\gregor_jogurt\build\/lib_promini328_16.a(PID_v1.cpp.o)
                                                  build\gregor_jogurt.o
__flp                                             d:/arduino/codeblocks/bin/../lib/gcc/avr/4.3.3/../../../../avr/lib/avr5\libc.a(realloc.o)
                                                  d:/arduino/codeblocks/bin/../lib/gcc/avr/4.3.3/../../../../avr/lib/avr5\libc.a(malloc.o)
__fp_cmp                                          d:/arduino/codeblocks/bin/../lib/gcc/avr/4.3.3/../../../../avr/lib/avr5\libm.a(fp_cmp.o)
                                                  d:/arduino/codeblocks/bin/../lib/gcc/avr/4.3.3/../../../../avr/lib/avr5\libm.a(unordsf2.o)
                                                  d:/arduino/codeblocks/bin/../lib/gcc/avr/4.3.3/../../../../avr/lib/avr5\libm.a(gesf2.o)
                                                  d:/arduino/codeblocks/bin/../lib/gcc/avr/4.3.3/../../../../avr/lib/avr5\libm.a(cmpsf2.o)
__fp_inf                                          d:/arduino/codeblocks/bin/../lib/gcc/avr/4.3.3/../../../../avr/lib/avr5\libm.a(fp_inf.o)
                                                  d:/arduino/codeblocks/bin/../lib/gcc/avr/4.3.3/../../../../avr/lib/avr5\libm.a(mulsf3x.o)
                                                  d:/arduino/codeblocks/bin/../lib/gcc/avr/4.3.3/../../../../avr/lib/avr5\libm.a(divsf3x.o)
                                                  d:/arduino/codeblocks/bin/../lib/gcc/avr/4.3.3/../../../../avr/lib/avr5\libm.a(addsf3x.o)
__fp_nan                                          d:/arduino/codeblocks/bin/../lib/gcc/avr/4.3.3/../../../../avr/lib/avr5\libm.a(fp_nan.o)
                                                  d:/arduino/codeblocks/bin/../lib/gcc/avr/4.3.3/../../../../avr/lib/avr5\libm.a(mulsf3x.o)
                                                  d:/arduino/codeblocks/bin/../lib/gcc/avr/4.3.3/../../../../avr/lib/avr5\libm.a(divsf3x.o)
                                                  d:/arduino/codeblocks/bin/../lib/gcc/avr/4.3.3/../../../../avr/lib/avr5\libm.a(addsf3x.o)
__fp_pscA                                         d:/arduino/codeblocks/bin/../lib/gcc/avr/4.3.3/../../../../avr/lib/avr5\libm.a(fp_pscA.o)
                                                  d:/arduino/codeblocks/bin/../lib/gcc/avr/4.3.3/../../../../avr/lib/avr5\libm.a(mulsf3x.o)
                                                  d:/arduino/codeblocks/bin/../lib/gcc/avr/4.3.3/../../../../avr/lib/avr5\libm.a(divsf3x.o)
                                                  d:/arduino/codeblocks/bin/../lib/gcc/avr/4.3.3/../../../../avr/lib/avr5\libm.a(addsf3x.o)
__fp_pscB                                         d:/arduino/codeblocks/bin/../lib/gcc/avr/4.3.3/../../../../avr/lib/avr5\libm.a(fp_pscB.o)
                                                  d:/arduino/codeblocks/bin/../lib/gcc/avr/4.3.3/../../../../avr/lib/avr5\libm.a(mulsf3x.o)
                                                  d:/arduino/codeblocks/bin/../lib/gcc/avr/4.3.3/../../../../avr/lib/avr5\libm.a(divsf3x.o)
                                                  d:/arduino/codeblocks/bin/../lib/gcc/avr/4.3.3/../../../../avr/lib/avr5\libm.a(addsf3x.o)
__fp_round                                        d:/arduino/codeblocks/bin/../lib/gcc/avr/4.3.3/../../../../avr/lib/avr5\libm.a(fp_round.o)
                                                  d:/arduino/codeblocks/bin/../lib/gcc/avr/4.3.3/../../../../avr/lib/avr5\libm.a(mulsf3.o)
                                                  d:/arduino/codeblocks/bin/../lib/gcc/avr/4.3.3/../../../../avr/lib/avr5\libm.a(divsf3.o)
                                                  d:/arduino/codeblocks/bin/../lib/gcc/avr/4.3.3/../../../../avr/lib/avr5\libm.a(addsf3.o)
__fp_split3                                       d:/arduino/codeblocks/bin/../lib/gcc/avr/4.3.3/../../../../avr/lib/avr5\libm.a(fp_split3.o)
                                                  d:/arduino/codeblocks/bin/../lib/gcc/avr/4.3.3/../../../../avr/lib/avr5\libm.a(mulsf3x.o)
                                                  d:/arduino/codeblocks/bin/../lib/gcc/avr/4.3.3/../../../../avr/lib/avr5\libm.a(divsf3x.o)
                                                  d:/arduino/codeblocks/bin/../lib/gcc/avr/4.3.3/../../../../avr/lib/avr5\libm.a(addsf3x.o)
__fp_splitA                                       d:/arduino/codeblocks/bin/../lib/gcc/avr/4.3.3/../../../../avr/lib/avr5\libm.a(fp_split3.o)
                                                  d:/arduino/codeblocks/bin/../lib/gcc/avr/4.3.3/../../../../avr/lib/avr5\libm.a(fixunssfsi.o)
__fp_szero                                        d:/arduino/codeblocks/bin/../lib/gcc/avr/4.3.3/../../../../avr/lib/avr5\libm.a(fp_zero.o)
                                                  d:/arduino/codeblocks/bin/../lib/gcc/avr/4.3.3/../../../../avr/lib/avr5\libm.a(mulsf3x.o)
                                                  d:/arduino/codeblocks/bin/../lib/gcc/avr/4.3.3/../../../../avr/lib/avr5\libm.a(fixsfsi.o)
                                                  d:/arduino/codeblocks/bin/../lib/gcc/avr/4.3.3/../../../../avr/lib/avr5\libm.a(divsf3x.o)
__fp_zero                                         d:/arduino/codeblocks/bin/../lib/gcc/avr/4.3.3/../../../../avr/lib/avr5\libm.a(fp_zero.o)
                                                  d:/arduino/codeblocks/bin/../lib/gcc/avr/4.3.3/../../../../avr/lib/avr5\libm.a(fixunssfsi.o)
                                                  d:/arduino/codeblocks/bin/../lib/gcc/avr/4.3.3/../../../../avr/lib/avr5\libm.a(addsf3x.o)
__gesf2                                           d:/arduino/codeblocks/bin/../lib/gcc/avr/4.3.3/../../../../avr/lib/avr5\libm.a(gesf2.o)
                                                  D:\arduino\Projects\gregor_jogurt\build\/lib_promini328_16.a(PID_v1.cpp.o)
__gtsf2                                           d:/arduino/codeblocks/bin/../lib/gcc/avr/4.3.3/../../../../avr/lib/avr5\libm.a(gesf2.o)
                                                  D:\arduino\Projects\gregor_jogurt\build\/core_promini328_16.a(Print.cpp.o)
                                                  D:\arduino\Projects\gregor_jogurt\build\/lib_promini328_16.a(PID_v1.cpp.o)
                                                  build\gregor_jogurt.o
__heap_end                                        d:/arduino/codeblocks/bin/../lib/gcc/avr/4.3.3/../../../../avr/lib/avr5/crtm328p.o
                                                  d:/arduino/codeblocks/bin/../lib/gcc/avr/4.3.3/../../../../avr/lib/avr5\libc.a(malloc.o)
__heap_start                                      d:/arduino/codeblocks/bin/../lib/gcc/avr/4.3.3/../../../../avr/lib/avr5\libc.a(malloc.o)
__init                                            d:/arduino/codeblocks/bin/../lib/gcc/avr/4.3.3/../../../../avr/lib/avr5/crtm328p.o
__lesf2                                           d:/arduino/codeblocks/bin/../lib/gcc/avr/4.3.3/../../../../avr/lib/avr5\libm.a(cmpsf2.o)
                                                  D:\arduino\Projects\gregor_jogurt\build\/core_promini328_16.a(Print.cpp.o)
__ltsf2                                           d:/arduino/codeblocks/bin/../lib/gcc/avr/4.3.3/../../../../avr/lib/avr5\libm.a(cmpsf2.o)
                                                  D:\arduino\Projects\gregor_jogurt\build\/core_promini328_16.a(Print.cpp.o)
                                                  D:\arduino\Projects\gregor_jogurt\build\/lib_promini328_16.a(PID_v1.cpp.o)
                                                  build\gregor_jogurt.o
__malloc_heap_end                                 d:/arduino/codeblocks/bin/../lib/gcc/avr/4.3.3/../../../../avr/lib/avr5\libc.a(malloc.o)
                                                  d:/arduino/codeblocks/bin/../lib/gcc/avr/4.3.3/../../../../avr/lib/avr5\libc.a(realloc.o)
__malloc_heap_start                               d:/arduino/codeblocks/bin/../lib/gcc/avr/4.3.3/../../../../avr/lib/avr5\libc.a(malloc.o)
__malloc_margin                                   d:/arduino/codeblocks/bin/../lib/gcc/avr/4.3.3/../../../../avr/lib/avr5\libc.a(malloc.o)
                                                  d:/arduino/codeblocks/bin/../lib/gcc/avr/4.3.3/../../../../avr/lib/avr5\libc.a(realloc.o)
__mulsf3                                          d:/arduino/codeblocks/bin/../lib/gcc/avr/4.3.3/../../../../avr/lib/avr5\libm.a(mulsf3.o)
                                                  D:\arduino\Projects\gregor_jogurt\build\/core_promini328_16.a(Print.cpp.o)
                                                  D:\arduino\Projects\gregor_jogurt\build\/lib_promini328_16.a(DallasTemperature.cpp.o)
                                                  D:\arduino\Projects\gregor_jogurt\build\/lib_promini328_16.a(PID_v1.cpp.o)
                                                  build\gregor_jogurt.o
__mulsf3_pse                                      d:/arduino/codeblocks/bin/../lib/gcc/avr/4.3.3/../../../../avr/lib/avr5\libm.a(mulsf3x.o)
__mulsf3x                                         d:/arduino/codeblocks/bin/../lib/gcc/avr/4.3.3/../../../../avr/lib/avr5\libm.a(mulsf3x.o)
                                                  d:/arduino/codeblocks/bin/../lib/gcc/avr/4.3.3/../../../../avr/lib/avr5\libm.a(mulsf3.o)
__mulsi3                                          d:/arduino/codeblocks/bin/../lib/gcc/avr/4.3.3/avr5\libgcc.a(_mulsi3.o)
                                                  d:/arduino/codeblocks/bin/../lib/gcc/avr/4.3.3/../../../../avr/lib/avr5\libc.a(random.o)
                                                  D:\arduino\Projects\gregor_jogurt\build\/core_promini328_16.a(WMath.cpp.o)
                                                  D:\arduino\Projects\gregor_jogurt\build\/core_promini328_16.a(Print.cpp.o)
                                                  build\gregor_jogurt.o
__mulsi_const_10                                  d:/arduino/codeblocks/bin/../lib/gcc/avr/4.3.3/../../../../avr/lib/avr5\libc.a(mulsi10.o)
                                                  d:/arduino/codeblocks/bin/../lib/gcc/avr/4.3.3/../../../../avr/lib/avr5\libc.a(atol.o)
__nesf2                                           d:/arduino/codeblocks/bin/../lib/gcc/avr/4.3.3/../../../../avr/lib/avr5\libm.a(cmpsf2.o)
__prologue_saves__                                d:/arduino/codeblocks/bin/../lib/gcc/avr/4.3.3/avr5\libgcc.a(_prologue.o)
                                                  d:/arduino/codeblocks/bin/../lib/gcc/avr/4.3.3/../../../../avr/lib/avr5\libc.a(realloc.o)
                                                  d:/arduino/codeblocks/bin/../lib/gcc/avr/4.3.3/../../../../avr/lib/avr5\libc.a(random.o)
__stack                                           d:/arduino/codeblocks/bin/../lib/gcc/avr/4.3.3/../../../../avr/lib/avr5/crtm328p.o
__subsf3                                          d:/arduino/codeblocks/bin/../lib/gcc/avr/4.3.3/../../../../avr/lib/avr5\libm.a(addsf3.o)
                                                  D:\arduino\Projects\gregor_jogurt\build\/core_promini328_16.a(Print.cpp.o)
                                                  D:\arduino\Projects\gregor_jogurt\build\/lib_promini328_16.a(DallasTemperature.cpp.o)
                                                  D:\arduino\Projects\gregor_jogurt\build\/lib_promini328_16.a(PID_v1.cpp.o)
                                                  build\gregor_jogurt.o
__tablejump2__                                    d:/arduino/codeblocks/bin/../lib/gcc/avr/4.3.3/avr5\libgcc.a(_tablejump.o)
__tablejump__                                     d:/arduino/codeblocks/bin/../lib/gcc/avr/4.3.3/avr5\libgcc.a(_tablejump.o)
                                                  d:/arduino/codeblocks/bin/../lib/gcc/avr/4.3.3/avr5\libgcc.a(_ctors.o)
__udivmodhi4                                      d:/arduino/codeblocks/bin/../lib/gcc/avr/4.3.3/avr5\libgcc.a(_udivmodhi4.o)
                                                  d:/arduino/codeblocks/bin/../lib/gcc/avr/4.3.3/../../../../avr/lib/avr5\libc.a(utoa.o)
                                                  d:/arduino/codeblocks/bin/../lib/gcc/avr/4.3.3/../../../../avr/lib/avr5\libc.a(itoa.o)
__udivmodsi4                                      d:/arduino/codeblocks/bin/../lib/gcc/avr/4.3.3/avr5\libgcc.a(_udivmodsi4.o)
                                                  d:/arduino/codeblocks/bin/../lib/gcc/avr/4.3.3/../../../../avr/lib/avr5\libc.a(ultoa.o)
                                                  d:/arduino/codeblocks/bin/../lib/gcc/avr/4.3.3/../../../../avr/lib/avr5\libc.a(ltoa.o)
                                                  d:/arduino/codeblocks/bin/../lib/gcc/avr/4.3.3/avr5\libgcc.a(_divmodsi4.o)
                                                  D:\arduino\Projects\gregor_jogurt\build\/core_promini328_16.a(Print.cpp.o)
                                                  build\gregor_jogurt.o
__unordsf2                                        d:/arduino/codeblocks/bin/../lib/gcc/avr/4.3.3/../../../../avr/lib/avr5\libm.a(unordsf2.o)
                                                  D:\arduino\Projects\gregor_jogurt\build\/core_promini328_16.a(Print.cpp.o)
__vector_1                                        d:/arduino/codeblocks/bin/../lib/gcc/avr/4.3.3/../../../../avr/lib/avr5/crtm328p.o
__vector_10                                       d:/arduino/codeblocks/bin/../lib/gcc/avr/4.3.3/../../../../avr/lib/avr5/crtm328p.o
__vector_11                                       d:/arduino/codeblocks/bin/../lib/gcc/avr/4.3.3/../../../../avr/lib/avr5/crtm328p.o
__vector_12                                       d:/arduino/codeblocks/bin/../lib/gcc/avr/4.3.3/../../../../avr/lib/avr5/crtm328p.o
__vector_13                                       d:/arduino/codeblocks/bin/../lib/gcc/avr/4.3.3/../../../../avr/lib/avr5/crtm328p.o
__vector_14                                       d:/arduino/codeblocks/bin/../lib/gcc/avr/4.3.3/../../../../avr/lib/avr5/crtm328p.o
__vector_15                                       d:/arduino/codeblocks/bin/../lib/gcc/avr/4.3.3/../../../../avr/lib/avr5/crtm328p.o
__vector_16                                       D:\arduino\Projects\gregor_jogurt\build\/core_promini328_16.a(wiring.c.o)
                                                  d:/arduino/codeblocks/bin/../lib/gcc/avr/4.3.3/../../../../avr/lib/avr5/crtm328p.o
__vector_17                                       d:/arduino/codeblocks/bin/../lib/gcc/avr/4.3.3/../../../../avr/lib/avr5/crtm328p.o
__vector_18                                       d:/arduino/codeblocks/bin/../lib/gcc/avr/4.3.3/../../../../avr/lib/avr5/crtm328p.o
__vector_19                                       d:/arduino/codeblocks/bin/../lib/gcc/avr/4.3.3/../../../../avr/lib/avr5/crtm328p.o
__vector_2                                        d:/arduino/codeblocks/bin/../lib/gcc/avr/4.3.3/../../../../avr/lib/avr5/crtm328p.o
__vector_20                                       d:/arduino/codeblocks/bin/../lib/gcc/avr/4.3.3/../../../../avr/lib/avr5/crtm328p.o
__vector_21                                       d:/arduino/codeblocks/bin/../lib/gcc/avr/4.3.3/../../../../avr/lib/avr5/crtm328p.o
__vector_22                                       d:/arduino/codeblocks/bin/../lib/gcc/avr/4.3.3/../../../../avr/lib/avr5/crtm328p.o
__vector_23                                       d:/arduino/codeblocks/bin/../lib/gcc/avr/4.3.3/../../../../avr/lib/avr5/crtm328p.o
__vector_24                                       d:/arduino/codeblocks/bin/../lib/gcc/avr/4.3.3/../../../../avr/lib/avr5/crtm328p.o
__vector_25                                       d:/arduino/codeblocks/bin/../lib/gcc/avr/4.3.3/../../../../avr/lib/avr5/crtm328p.o
__vector_3                                        d:/arduino/codeblocks/bin/../lib/gcc/avr/4.3.3/../../../../avr/lib/avr5/crtm328p.o
__vector_4                                        d:/arduino/codeblocks/bin/../lib/gcc/avr/4.3.3/../../../../avr/lib/avr5/crtm328p.o
__vector_5                                        d:/arduino/codeblocks/bin/../lib/gcc/avr/4.3.3/../../../../avr/lib/avr5/crtm328p.o
__vector_6                                        d:/arduino/codeblocks/bin/../lib/gcc/avr/4.3.3/../../../../avr/lib/avr5/crtm328p.o
__vector_7                                        d:/arduino/codeblocks/bin/../lib/gcc/avr/4.3.3/../../../../avr/lib/avr5/crtm328p.o
__vector_8                                        d:/arduino/codeblocks/bin/../lib/gcc/avr/4.3.3/../../../../avr/lib/avr5/crtm328p.o
__vector_9                                        d:/arduino/codeblocks/bin/../lib/gcc/avr/4.3.3/../../../../avr/lib/avr5/crtm328p.o
__vector_default                                  d:/arduino/codeblocks/bin/../lib/gcc/avr/4.3.3/../../../../avr/lib/avr5/crtm328p.o
__vectors                                         d:/arduino/codeblocks/bin/../lib/gcc/avr/4.3.3/../../../../avr/lib/avr5/crtm328p.o
_exit                                             d:/arduino/codeblocks/bin/../lib/gcc/avr/4.3.3/avr5\libgcc.a(_exit.o)
aggKd                                             build\gregor_jogurt.o
aggKi                                             build\gregor_jogurt.o
aggKp                                             build\gregor_jogurt.o
analogRead                                        D:\arduino\Projects\gregor_jogurt\build\/core_promini328_16.a(wiring_analog.c.o)
                                                  build\gregor_jogurt.o
analogReference                                   D:\arduino\Projects\gregor_jogurt\build\/core_promini328_16.a(wiring_analog.c.o)
analogWrite                                       D:\arduino\Projects\gregor_jogurt\build\/core_promini328_16.a(wiring_analog.c.o)
analog_reference                                  D:\arduino\Projects\gregor_jogurt\build\/core_promini328_16.a(wiring_analog.c.o)
atol                                              d:/arduino/codeblocks/bin/../lib/gcc/avr/4.3.3/../../../../avr/lib/avr5\libc.a(atol.o)
                                                  D:\arduino\Projects\gregor_jogurt\build\/core_promini328_16.a(WString.cpp.o)
consKd                                            build\gregor_jogurt.o
consKi                                            build\gregor_jogurt.o
consKp                                            build\gregor_jogurt.o
delay                                             D:\arduino\Projects\gregor_jogurt\build\/core_promini328_16.a(wiring.c.o)
                                                  D:\arduino\Projects\gregor_jogurt\build\/lib_promini328_16.a(DallasTemperature.cpp.o)
delayMicroseconds                                 D:\arduino\Projects\gregor_jogurt\build\/core_promini328_16.a(wiring.c.o)
                                                  D:\arduino\Projects\gregor_jogurt\build\/lib_promini328_16.a(LiquidCrystal.cpp.o)
                                                  D:\arduino\Projects\gregor_jogurt\build\/lib_promini328_16.a(OneWire.cpp.o)
digitalRead                                       D:\arduino\Projects\gregor_jogurt\build\/core_promini328_16.a(wiring_digital.c.o)
                                                  D:\arduino\Projects\gregor_jogurt\build\/lib_promini328_16.a(OneWire.cpp.o)
digitalWrite                                      D:\arduino\Projects\gregor_jogurt\build\/core_promini328_16.a(wiring_digital.c.o)
                                                  D:\arduino\Projects\gregor_jogurt\build\/core_promini328_16.a(wiring_analog.c.o)
                                                  D:\arduino\Projects\gregor_jogurt\build\/lib_promini328_16.a(LiquidCrystal.cpp.o)
                                                  D:\arduino\Projects\gregor_jogurt\build\/lib_promini328_16.a(OneWire.cpp.o)
                                                  build\gregor_jogurt.o
digital_pin_to_bit_mask_PGM                       D:\arduino\Projects\gregor_jogurt\build\/core_promini328_16.a(wiring_digital.c.o)
                                                  D:\arduino\Projects\gregor_jogurt\build\/lib_promini328_16.a(OneWire.cpp.o)
digital_pin_to_port_PGM                           D:\arduino\Projects\gregor_jogurt\build\/core_promini328_16.a(wiring_digital.c.o)
                                                  D:\arduino\Projects\gregor_jogurt\build\/lib_promini328_16.a(OneWire.cpp.o)
digital_pin_to_timer_PGM                          D:\arduino\Projects\gregor_jogurt\build\/core_promini328_16.a(wiring_digital.c.o)