Archive member included because of file (symbol)

D:\arduino\Projects\dm442_stepper\build\/lib_nano328_16.a(EEPROM.cpp.o)
                              build\dm442_stepper.o (EEPROMClass::read(int))
D:\arduino\Projects\dm442_stepper\build\/core_nano328_16.a(HardwareSerial.cpp.o)
                              build\dm442_stepper.o (Serial)
D:\arduino\Projects\dm442_stepper\build\/core_nano328_16.a(main.cpp.o)
                              d:/arduino/codeblocks/bin/../lib/gcc/avr/4.3.3/../../../../avr/lib/avr5/crtm328p.o (main)
D:\arduino\Projects\dm442_stepper\build\/core_nano328_16.a(new.cpp.o)
                              D:\arduino\Projects\dm442_stepper\build\/core_nano328_16.a(HardwareSerial.cpp.o) (__cxa_pure_virtual)
D:\arduino\Projects\dm442_stepper\build\/core_nano328_16.a(Print.cpp.o)
                              D:\arduino\Projects\dm442_stepper\build\/core_nano328_16.a(HardwareSerial.cpp.o) (Print::write(unsigned char const*, unsigned int))
D:\arduino\Projects\dm442_stepper\build\/core_nano328_16.a(wiring.c.o)
                              build\dm442_stepper.o (millis)
D:\arduino\Projects\dm442_stepper\build\/core_nano328_16.a(wiring_analog.c.o)
                              build\dm442_stepper.o (analogRead)
D:\arduino\Projects\dm442_stepper\build\/core_nano328_16.a(wiring_digital.c.o)
                              build\dm442_stepper.o (pinMode)
D:\arduino\Projects\dm442_stepper\build\/core_nano328_16.a(WMath.cpp.o)
                              build\dm442_stepper.o (map(long, long, long, long, long))
D:\arduino\Projects\dm442_stepper\build\/core_nano328_16.a(WString.cpp.o)
                              D:\arduino\Projects\dm442_stepper\build\/core_nano328_16.a(Print.cpp.o) (String::operator[](unsigned int) const)
d:/arduino/codeblocks/bin/../lib/gcc/avr/4.3.3/../../../../avr/lib/avr5\libm.a(addsf3.o)
                              D:\arduino\Projects\dm442_stepper\build\/core_nano328_16.a(Print.cpp.o) (__subsf3)
d:/arduino/codeblocks/bin/../lib/gcc/avr/4.3.3/../../../../avr/lib/avr5\libm.a(addsf3x.o)
                              d:/arduino/codeblocks/bin/../lib/gcc/avr/4.3.3/../../../../avr/lib/avr5\libm.a(addsf3.o) (__addsf3x)
d:/arduino/codeblocks/bin/../lib/gcc/avr/4.3.3/../../../../avr/lib/avr5\libm.a(cmpsf2.o)
                              D:\arduino\Projects\dm442_stepper\build\/core_nano328_16.a(Print.cpp.o) (__ltsf2)
d:/arduino/codeblocks/bin/../lib/gcc/avr/4.3.3/../../../../avr/lib/avr5\libm.a(divsf3.o)
                              build\dm442_stepper.o (__divsf3)
d:/arduino/codeblocks/bin/../lib/gcc/avr/4.3.3/../../../../avr/lib/avr5\libm.a(divsf3x.o)
                              d:/arduino/codeblocks/bin/../lib/gcc/avr/4.3.3/../../../../avr/lib/avr5\libm.a(divsf3.o) (__divsf3x)
d:/arduino/codeblocks/bin/../lib/gcc/avr/4.3.3/../../../../avr/lib/avr5\libm.a(fixsfsi.o)
                              D:\arduino\Projects\dm442_stepper\build\/core_nano328_16.a(Print.cpp.o) (__fixsfsi)
d:/arduino/codeblocks/bin/../lib/gcc/avr/4.3.3/../../../../avr/lib/avr5\libm.a(fixunssfsi.o)
                              build\dm442_stepper.o (__fixunssfsi)
d:/arduino/codeblocks/bin/../lib/gcc/avr/4.3.3/../../../../avr/lib/avr5\libm.a(floatsisf.o)
                              build\dm442_stepper.o (__floatunsisf)
d:/arduino/codeblocks/bin/../lib/gcc/avr/4.3.3/../../../../avr/lib/avr5\libm.a(fp_cmp.o)
                              d:/arduino/codeblocks/bin/../lib/gcc/avr/4.3.3/../../../../avr/lib/avr5\libm.a(cmpsf2.o) (__fp_cmp)
d:/arduino/codeblocks/bin/../lib/gcc/avr/4.3.3/../../../../avr/lib/avr5\libm.a(fp_inf.o)
                              d:/arduino/codeblocks/bin/../lib/gcc/avr/4.3.3/../../../../avr/lib/avr5\libm.a(addsf3x.o) (__fp_inf)
d:/arduino/codeblocks/bin/../lib/gcc/avr/4.3.3/../../../../avr/lib/avr5\libm.a(fp_nan.o)
                              d:/arduino/codeblocks/bin/../lib/gcc/avr/4.3.3/../../../../avr/lib/avr5\libm.a(addsf3x.o) (__fp_nan)
d:/arduino/codeblocks/bin/../lib/gcc/avr/4.3.3/../../../../avr/lib/avr5\libm.a(fp_pscA.o)
                              d:/arduino/codeblocks/bin/../lib/gcc/avr/4.3.3/../../../../avr/lib/avr5\libm.a(addsf3x.o) (__fp_pscA)
d:/arduino/codeblocks/bin/../lib/gcc/avr/4.3.3/../../../../avr/lib/avr5\libm.a(fp_pscB.o)
                              d:/arduino/codeblocks/bin/../lib/gcc/avr/4.3.3/../../../../avr/lib/avr5\libm.a(addsf3x.o) (__fp_pscB)
d:/arduino/codeblocks/bin/../lib/gcc/avr/4.3.3/../../../../avr/lib/avr5\libm.a(fp_round.o)
                              d:/arduino/codeblocks/bin/../lib/gcc/avr/4.3.3/../../../../avr/lib/avr5\libm.a(addsf3.o) (__fp_round)
d:/arduino/codeblocks/bin/../lib/gcc/avr/4.3.3/../../../../avr/lib/avr5\libm.a(fp_split3.o)
                              d:/arduino/codeblocks/bin/../lib/gcc/avr/4.3.3/../../../../avr/lib/avr5\libm.a(addsf3x.o) (__fp_split3)
d:/arduino/codeblocks/bin/../lib/gcc/avr/4.3.3/../../../../avr/lib/avr5\libm.a(fp_zero.o)
[...]
Memory Configuration

Name             Origin             Length             Attributes
text             0x00000000         0x00020000         xr
data             0x00800060         0x0000ffa0         rw !x
eeprom           0x00810000         0x00010000         rw !x
fuse             0x00820000         0x00000400         rw !x
lock             0x00830000         0x00000400         rw !x
signature        0x00840000         0x00000400         rw !x
*default*        0x00000000         0xffffffff

Linker script and memory map

Address of section .data set to 0x800100
LOAD d:/arduino/codeblocks/bin/../lib/gcc/avr/4.3.3/../../../../avr/lib/avr5/crtm328p.o
LOAD build\dm442_stepper.o
LOAD D:\arduino\Projects\dm442_stepper\build\/lib_nano328_16.a
LOAD D:\arduino\Projects\dm442_stepper\build\/core_nano328_16.a
LOAD d:/arduino/codeblocks/bin/../lib/gcc/avr/4.3.3/../../../../avr/lib/avr5\libm.a
LOAD d:/arduino/codeblocks/bin/../lib/gcc/avr/4.3.3/avr5\libgcc.a
LOAD d:/arduino/codeblocks/bin/../lib/gcc/avr/4.3.3/../../../../avr/lib/avr5\libc.a
LOAD d:/arduino/codeblocks/bin/../lib/gcc/avr/4.3.3/avr5\libgcc.a

.hash
 *(.hash)

.dynsym
 *(.dynsym)

.dynstr
 *(.dynstr)

.gnu.version
 *(.gnu.version)

.gnu.version_d
 *(.gnu.version_d)

.gnu.version_r
 *(.gnu.version_r)

.rel.init
 *(.rel.init)

.rela.init
 *(.rela.init)

.rel.text
 *(.rel.text)
 *(.rel.text.*)
 *(.rel.gnu.linkonce.t*)

.rela.text
 *(.rela.text)
 *(.rela.text.*)
 *(.rela.gnu.linkonce.t*)

.rel.fini
 *(.rel.fini)

.rela.fini
 *(.rela.fini)

.rel.rodata
 *(.rel.rodata)
 *(.rel.rodata.*)
 *(.rel.gnu.linkonce.r*)

.rela.rodata
 *(.rela.rodata)
 *(.rela.rodata.*)
 *(.rela.gnu.linkonce.r*)

.rel.data
 *(.rel.data)
 *(.rel.data.*)
 *(.rel.gnu.linkonce.d*)

.rela.data
 *(.rela.data)
 *(.rela.data.*)
 *(.rela.gnu.linkonce.d*)

.rel.ctors
 *(.rel.ctors)

.rela.ctors
 *(.rela.ctors)

.rel.dtors
 *(.rel.dtors)

.rela.dtors
 *(.rela.dtors)

.rel.got
 *(.rel.got)

.rela.got
 *(.rela.got)

.rel.bss
 *(.rel.bss)

.rela.bss
 *(.rela.bss)

.rel.plt
 *(.rel.plt)

.rela.plt
 *(.rela.plt)

.text           0x00000000     0x24b6
 *(.vectors)
 .vectors       0x00000000       0x68 d:/arduino/codeblocks/bin/../lib/gcc/avr/4.3.3/../../../../avr/lib/avr5/crtm328p.o
                0x00000000                __vectors
                0x00000000                __vector_default
 *(.vectors)
 *(.progmem.gcc*)
 *(.progmem*)
 .progmem.data  0x00000068       0x5a D:\arduino\Projects\dm442_stepper\build\/core_nano328_16.a(wiring_digital.c.o)
                0x00000068                port_to_mode_PGM
                0x00000086                digital_pin_to_port_PGM
                0x0000009a                digital_pin_to_bit_mask_PGM
                0x00000072                port_to_output_PGM
                0x0000007c                port_to_input_PGM
                0x000000ae                digital_pin_to_timer_PGM
                0x000000c2                . = ALIGN (0x2)
                0x000000c2                __trampolines_start = .
 *(.trampolines)
 .trampolines   0x000000c2        0x0 linker stubs
 *(.trampolines*)
                0x000000c2                __trampolines_end = .
 *(.jumptables)
 *(.jumptables*)
 *(.lowtext)
 *(.lowtext*)
                0x000000c2                __ctors_start = .
 *(.ctors)
 .ctors         0x000000c2        0x2 D:\arduino\Projects\dm442_stepper\build\/core_nano328_16.a(HardwareSerial.cpp.o)
                0x000000c4                __ctors_end = .
                0x000000c4                __dtors_start = .
 *(.dtors)
                0x000000c4                __dtors_end = .
 SORT(*)(.ctors)
 SORT(*)(.dtors)
 *(.init0)
 .init0         0x000000c4        0x0 d:/arduino/codeblocks/bin/../lib/gcc/avr/4.3.3/../../../../avr/lib/avr5/crtm328p.o
                0x000000c4                __init
 *(.init0)
 *(.init1)
 *(.init1)
 *(.init2)
 .init2         0x000000c4        0xc d:/arduino/codeblocks/bin/../lib/gcc/avr/4.3.3/../../../../avr/lib/avr5/crtm328p.o
 *(.init2)
 *(.init3)
 *(.init3)
 *(.init4)
 .init4         0x000000d0       0x16 d:/arduino/codeblocks/bin/../lib/gcc/avr/4.3.3/avr5\libgcc.a(_copy_data.o)
                0x000000d0                __do_copy_data
 .init4         0x000000e6       0x10 d:/arduino/codeblocks/bin/../lib/gcc/avr/4.3.3/avr5\libgcc.a(_clear_bss.o)
                0x000000e6                __do_clear_bss
 *(.init4)
 *(.init5)
 *(.init5)
 *(.init6)
 .init6         0x000000f6       0x16 d:/arduino/codeblocks/bin/../lib/gcc/avr/4.3.3/avr5\libgcc.a(_ctors.o)
                0x000000f6                __do_global_ctors
 *(.init6)
 *(.init7)
 *(.init7)
 *(.init8)
 *(.init8)
 *(.init9)
 .init9         0x0000010c        0x8 d:/arduino/codeblocks/bin/../lib/gcc/avr/4.3.3/../../../../avr/lib/avr5/crtm328p.o
 *(.init9)
 *(.text)
 .text          0x00000114        0x4 d:/arduino/codeblocks/bin/../lib/gcc/avr/4.3.3/../../../../avr/lib/avr5/crtm328p.o
                0x00000114                __vector_22
                0x00000114                __vector_1
                0x00000114                __vector_24
                0x00000114                __vector_12
                0x00000114                __bad_interrupt
                0x00000114                __vector_6
                0x00000114                __vector_3
                0x00000114                __vector_23
                0x00000114                __vector_25
                0x00000114                __vector_11
                0x00000114                __vector_13
                0x00000114                __vector_17
                0x00000114                __vector_7
                0x00000114                __vector_5
                0x00000114                __vector_4
                0x00000114                __vector_9
                0x00000114                __vector_2
                0x00000114                __vector_21
                0x00000114                __vector_15
                0x00000114                __vector_8
                0x00000114                __vector_14
                0x00000114                __vector_10
                0x00000114                __vector_20
 .text          0x00000118      0x204 d:/arduino/codeblocks/bin/../lib/gcc/avr/4.3.3/../../../../avr/lib/avr5\libc.a(malloc.o)
                0x00000118                malloc
                0x0000026c                free
 .text          0x0000031c      0x1aa d:/arduino/codeblocks/bin/../lib/gcc/avr/4.3.3/../../../../avr/lib/avr5\libc.a(realloc.o)
                0x0000031c                realloc
 .text          0x000004c6       0x12 d:/arduino/codeblocks/bin/../lib/gcc/avr/4.3.3/../../../../avr/lib/avr5\libc.a(memcpy.o)
                0x000004c6                memcpy
 .text          0x000004d8       0x12 d:/arduino/codeblocks/bin/../lib/gcc/avr/4.3.3/../../../../avr/lib/avr5\libc.a(strcmp.o)
                0x000004d8                strcmp
 .text          0x000004ea        0xe d:/arduino/codeblocks/bin/../lib/gcc/avr/4.3.3/../../../../avr/lib/avr5\libc.a(strcpy.o)
                0x000004ea                strcpy
                0x000004f8                . = ALIGN (0x2)
 *(.text.*)
 .text._Z17one_step_functioniimi
                0x000004f8       0xce build\dm442_stepper.o
                0x000004f8                one_step_function(int, int, unsigned long, int)
 .text._Z12izpis_eepromv
                0x000005c6       0x9a build\dm442_stepper.o
                0x000005c6                izpis_eeprom()
 .text.loop     0x00000660      0x936 build\dm442_stepper.o
                0x00000660                loop
 .text.setup    0x00000f96       0xd0 build\dm442_stepper.o
                0x00000f96                setup
 .text._ZN11EEPROMClass4readEi
                0x00001066        0xe D:\arduino\Projects\dm442_stepper\build\/lib_nano328_16.a(EEPROM.cpp.o)
                0x00001066                EEPROMClass::read(int)
 .text._ZN11EEPROMClass5writeEih
                0x00001074       0x18 D:\arduino\Projects\dm442_stepper\build\/lib_nano328_16.a(EEPROM.cpp.o)
                0x00001074                EEPROMClass::write(int, unsigned char)
 .text._Z11serialEventv
                0x0000108c        0x2 D:\arduino\Projects\dm442_stepper\build\/core_nano328_16.a(HardwareSerial.cpp.o)
                0x0000108c                serialEvent()
 .text.__vector_18
                0x0000108e       0x76 D:\arduino\Projects\dm442_stepper\build\/core_nano328_16.a(HardwareSerial.cpp.o)
                0x0000108e                __vector_18
 .text._Z14serialEventRunv
                0x00001104       0x26 D:\arduino\Projects\dm442_stepper\build\/core_nano328_16.a(HardwareSerial.cpp.o)
                0x00001104                serialEventRun()
 .text.__vector_19
                0x0000112a       0x76 D:\arduino\Projects\dm442_stepper\build\/core_nano328_16.a(HardwareSerial.cpp.o)
                0x0000112a                __vector_19
 .text._ZN14HardwareSerial5beginEm
                0x000011a0      0x10e D:\arduino\Projects\dm442_stepper\build\/core_nano328_16.a(HardwareSerial.cpp.o)
                0x000011a0                HardwareSerial::begin(unsigned long)
 .text._ZN14HardwareSerial9availableEv
                0x000012ae       0x22 D:\arduino\Projects\dm442_stepper\build\/core_nano328_16.a(HardwareSerial.cpp.o)
                0x000012ae                HardwareSerial::available()
 .text._ZN14HardwareSerial4peekEv
                0x000012d0       0x40 D:\arduino\Projects\dm442_stepper\build\/core_nano328_16.a(HardwareSerial.cpp.o)
                0x000012d0                HardwareSerial::peek()
 .text._ZN14HardwareSerial4readEv
                0x00001310       0x52 D:\arduino\Projects\dm442_stepper\build\/core_nano328_16.a(HardwareSerial.cpp.o)
                0x00001310                HardwareSerial::read()
 .text._ZN14HardwareSerial5flushEv
                0x00001362       0x20 D:\arduino\Projects\dm442_stepper\build\/core_nano328_16.a(HardwareSerial.cpp.o)
                0x00001362                HardwareSerial::flush()
 .text._ZN14HardwareSerial5writeEh
                0x00001382       0x80 D:\arduino\Projects\dm442_stepper\build\/core_nano328_16.a(HardwareSerial.cpp.o)
                0x00001382                HardwareSerial::write(unsigned char)
 .text._GLOBAL__I_rx_buffer
                0x00001402       0xac D:\arduino\Projects\dm442_stepper\build\/core_nano328_16.a(HardwareSerial.cpp.o)
 .text.main     0x000014ae       0x1e D:\arduino\Projects\dm442_stepper\build\/core_nano328_16.a(main.cpp.o)
                0x000014ae                main
 .text._ZN5Print5writeEPKhj
                0x000014cc       0x54 D:\arduino\Projects\dm442_stepper\build\/core_nano328_16.a(Print.cpp.o)
                0x000014cc                Print::write(unsigned char const*, unsigned int)
 .text._ZN5Print5printEc
                0x00001520       0x10 D:\arduino\Projects\dm442_stepper\build\/core_nano328_16.a(Print.cpp.o)
                0x00001520                Print::print(char)
 .text._ZN5Print5writeEPKc
                0x00001530       0x38 D:\arduino\Projects\dm442_stepper\build\/core_nano328_16.a(Print.cpp.o)
                0x00001530                Print::write(char const*)
 .text._ZN5Print11printNumberEmh
                0x00001568       0xc8 D:\arduino\Projects\dm442_stepper\build\/core_nano328_16.a(Print.cpp.o)
                0x00001568                Print::printNumber(unsigned long, unsigned char)
 .text._ZN5Print5printEmi
                0x00001630       0x1e D:\arduino\Projects\dm442_stepper\build\/core_nano328_16.a(Print.cpp.o)
                0x00001630                Print::print(unsigned long, int)
 .text._ZN5Print5printEji
                0x0000164e       0x22 D:\arduino\Projects\dm442_stepper\build\/core_nano328_16.a(Print.cpp.o)
                0x0000164e                Print::print(unsigned int, int)
 .text._ZN5Print5printEhi
                0x00001670       0x24 D:\arduino\Projects\dm442_stepper\build\/core_nano328_16.a(Print.cpp.o)
                0x00001670                Print::print(unsigned char, int)
 .text._ZN5Print5printEli
                0x00001694       0x80 D:\arduino\Projects\dm442_stepper\build\/core_nano328_16.a(Print.cpp.o)
                0x00001694                Print::print(long, int)
 .text._ZN5Print5printEii
                0x00001714       0x26 D:\arduino\Projects\dm442_stepper\build\/core_nano328_16.a(Print.cpp.o)
                0x00001714                Print::print(int, int)
 .text._ZN5Print5printEPKc
                0x0000173a        0x6 D:\arduino\Projects\dm442_stepper\build\/core_nano328_16.a(Print.cpp.o)
                0x0000173a                Print::print(char const*)
 .text._ZN5Print10printFloatEdh
                0x00001740      0x1c8 D:\arduino\Projects\dm442_stepper\build\/core_nano328_16.a(Print.cpp.o)
                0x00001740                Print::printFloat(double, unsigned char)
 .text._ZN5Print5printEdi
                0x00001908        0x6 D:\arduino\Projects\dm442_stepper\build\/core_nano328_16.a(Print.cpp.o)
                0x00001908                Print::print(double, int)
 .text.__vector_16
                0x0000190e       0x90 D:\arduino\Projects\dm442_stepper\build\/core_nano328_16.a(wiring.c.o)
                0x0000190e                __vector_16
 .text.millis   0x0000199e       0x1c D:\arduino\Projects\dm442_stepper\build\/core_nano328_16.a(wiring.c.o)
                0x0000199e                millis
 .text.micros   0x000019ba       0x4c D:\arduino\Projects\dm442_stepper\build\/core_nano328_16.a(wiring.c.o)
                0x000019ba                micros
 .text.delayMicroseconds
                0x00001a06       0x14 D:\arduino\Projects\dm442_stepper\build\/core_nano328_16.a(wiring.c.o)
                0x00001a06                delayMicroseconds
 .text.init     0x00001a1a       0x76 D:\arduino\Projects\dm442_stepper\build\/core_nano328_16.a(wiring.c.o)
                0x00001a1a                init
 .text.analogRead
                0x00001a90       0x44 D:\arduino\Projects\dm442_stepper\build\/core_nano328_16.a(wiring_analog.c.o)
                0x00001a90                analogRead
 .text.pinMode  0x00001ad4       0x7e D:\arduino\Projects\dm442_stepper\build\/core_nano328_16.a(wiring_digital.c.o)
                0x00001ad4                pinMode
 .text.turnOffPWM
                0x00001b52       0x5a D:\arduino\Projects\dm442_stepper\build\/core_nano328_16.a(wiring_digital.c.o)
 .text.digitalWrite
                0x00001bac       0x66 D:\arduino\Projects\dm442_stepper\build\/core_nano328_16.a(wiring_digital.c.o)
                0x00001bac                digitalWrite
 .text.digitalRead
                0x00001c12       0x60 D:\arduino\Projects\dm442_stepper\build\/core_nano328_16.a(wiring_digital.c.o)
                0x00001c12                digitalRead
 .text._Z3maplllll
                0x00001c72       0x92 D:\arduino\Projects\dm442_stepper\build\/core_nano328_16.a(WMath.cpp.o)
                0x00001c72                map(long, long, long, long, long)
 .text._ZNK6String6equalsEPKc
                0x00001d04       0x46 D:\arduino\Projects\dm442_stepper\build\/core_nano328_16.a(WString.cpp.o)
                0x00001d04                String::equals(char const*) const
 .text._ZNK6String9compareToERKS_
                0x00001d4a       0x66 D:\arduino\Projects\dm442_stepper\build\/core_nano328_16.a(WString.cpp.o)
                0x00001d4a                String::compareTo(String const&) const
 .text._ZN6String12changeBufferEj
                0x00001db0       0x34 D:\arduino\Projects\dm442_stepper\build\/core_nano328_16.a(WString.cpp.o)
                0x00001db0                String::changeBuffer(unsigned int)
 .text._ZN6String7reserveEj
                0x00001de4       0x38 D:\arduino\Projects\dm442_stepper\build\/core_nano328_16.a(WString.cpp.o)
                0x00001de4                String::reserve(unsigned int)
 .text._ZN6String6concatEPKcj
                0x00001e1c       0x5a D:\arduino\Projects\dm442_stepper\build\/core_nano328_16.a(WString.cpp.o)
                0x00001e1c                String::concat(char const*, unsigned int)
 .text._ZN6String6concatEc
                0x00001e76       0x26 D:\arduino\Projects\dm442_stepper\build\/core_nano328_16.a(WString.cpp.o)
                0x00001e76                String::concat(char)
 .text._ZN6String10invalidateEv
                0x00001e9c       0x24 D:\arduino\Projects\dm442_stepper\build\/core_nano328_16.a(WString.cpp.o)
                0x00001e9c                String::invalidate()
 .text._ZN6String4copyEPKcj
                0x00001ec0       0x42 D:\arduino\Projects\dm442_stepper\build\/core_nano328_16.a(WString.cpp.o)
                0x00001ec0                String::copy(char const*, unsigned int)
 .text._ZN6StringC1EPKc
                0x00001f02       0x34 D:\arduino\Projects\dm442_stepper\build\/core_nano328_16.a(WString.cpp.o)
                0x00001f02                String::String(char const*)
 .text._ZN6StringD1Ev
                0x00001f36        0xc D:\arduino\Projects\dm442_stepper\build\/core_nano328_16.a(WString.cpp.o)
                0x00001f36                String::~String()
 .text.fplib    0x00001f42        0xa d:/arduino/codeblocks/bin/../lib/gcc/avr/4.3.3/../../../../avr/lib/avr5\libm.a(addsf3.o)
                0x00001f42                __subsf3
                0x00001f44                __addsf3
 .text.fplib    0x00001f4c       0xc0 d:/arduino/codeblocks/bin/../lib/gcc/avr/4.3.3/../../../../avr/lib/avr5\libm.a(addsf3x.o)
                0x00001f66                __addsf3x
 .text.fplib    0x0000200c        0x8 d:/arduino/codeblocks/bin/../lib/gcc/avr/4.3.3/../../../../avr/lib/avr5\libm.a(cmpsf2.o)
                0x0000200c                __lesf2
                0x0000200c                __nesf2
                0x0000200c                __eqsf2
                0x0000200c                __cmpsf2
                0x0000200c                __ltsf2
 .text.fplib    0x00002014        0x4 d:/arduino/codeblocks/bin/../lib/gcc/avr/4.3.3/../../../../avr/lib/avr5\libm.a(divsf3.o)
                0x00002014                __divsf3
 .text.fplib    0x00002018       0xcc d:/arduino/codeblocks/bin/../lib/gcc/avr/4.3.3/../../../../avr/lib/avr5\libm.a(divsf3x.o)
                0x0000202e                __divsf3x
                0x00002032                __divsf3_pse
 .text.fplib    0x000020e4        0xa d:/arduino/codeblocks/bin/../lib/gcc/avr/4.3.3/../../../../avr/lib/avr5\libm.a(fixsfsi.o)
                0x000020e4                __fixsfsi
 .text.fplib    0x000020ee       0x58 d:/arduino/codeblocks/bin/../lib/gcc/avr/4.3.3/../../../../avr/lib/avr5\libm.a(fixunssfsi.o)
                0x000020ee                __fixunssfsi
 .text.fplib    0x00002146       0x7a d:/arduino/codeblocks/bin/../lib/gcc/avr/4.3.3/../../../../avr/lib/avr5\libm.a(floatsisf.o)
                0x0000214a                __floatsisf
                0x00002146                __floatunsisf
 .text.fplib    0x000021c0       0x48 d:/arduino/codeblocks/bin/../lib/gcc/avr/4.3.3/../../../../avr/lib/avr5\libm.a(fp_cmp.o)
                0x000021c0                __fp_cmp
 .text.fplib    0x00002208        0xc d:/arduino/codeblocks/bin/../lib/gcc/avr/4.3.3/../../../../avr/lib/avr5\libm.a(fp_inf.o)
                0x00002208                __fp_inf
 .text.fplib    0x00002214        0x6 d:/arduino/codeblocks/bin/../lib/gcc/avr/4.3.3/../../../../avr/lib/avr5\libm.a(fp_nan.o)
                0x00002214                __fp_nan
 .text.fplib    0x0000221a        0xe d:/arduino/codeblocks/bin/../lib/gcc/avr/4.3.3/../../../../avr/lib/avr5\libm.a(fp_pscA.o)
                0x0000221a                __fp_pscA
 .text.fplib    0x00002228        0xe d:/arduino/codeblocks/bin/../lib/gcc/avr/4.3.3/../../../../avr/lib/avr5\libm.a(fp_pscB.o)
                0x00002228                __fp_pscB
 .text.fplib    0x00002236       0x22 d:/arduino/codeblocks/bin/../lib/gcc/avr/4.3.3/../../../../avr/lib/avr5\libm.a(fp_round.o)
                0x00002236                __fp_round
 .text.fplib    0x00002258       0x44 d:/arduino/codeblocks/bin/../lib/gcc/avr/4.3.3/../../../../avr/lib/avr5\libm.a(fp_split3.o)
                0x00002258                __fp_split3
                0x00002268                __fp_splitA
 .text.fplib    0x0000229c        0xe d:/arduino/codeblocks/bin/../lib/gcc/avr/4.3.3/../../../../avr/lib/avr5\libm.a(fp_zero.o)
                0x0000229c                __fp_zero
                0x0000229e                __fp_szero
 .text.fplib    0x000022aa        0x8 d:/arduino/codeblocks/bin/../lib/gcc/avr/4.3.3/../../../../avr/lib/avr5\libm.a(gesf2.o)
                0x000022aa                __gtsf2
                0x000022aa                __gesf2
 .text.fplib    0x000022b2        0x4 d:/arduino/codeblocks/bin/../lib/gcc/avr/4.3.3/../../../../avr/lib/avr5\libm.a(mulsf3.o)
                0x000022b2                __mulsf3
 .text.fplib    0x000022b6       0xc2 d:/arduino/codeblocks/bin/../lib/gcc/avr/4.3.3/../../../../avr/lib/avr5\libm.a(mulsf3x.o)
                0x000022ce                __mulsf3_pse
                0x000022ca                __mulsf3x
 .text.fplib    0x00002378        0x8 d:/arduino/codeblocks/bin/../lib/gcc/avr/4.3.3/../../../../avr/lib/avr5\libm.a(unordsf2.o)
                0x00002378                __unordsf2
 .text.libgcc   0x00002380       0x3e d:/arduino/codeblocks/bin/../lib/gcc/avr/4.3.3/avr5\libgcc.a(_mulsi3.o)
                0x00002380                __mulsi3
 .text.libgcc   0x000023be       0x44 d:/arduino/codeblocks/bin/../lib/gcc/avr/4.3.3/avr5\libgcc.a(_udivmodsi4.o)
                0x000023be                __udivmodsi4
 .text.libgcc   0x00002402       0x36 d:/arduino/codeblocks/bin/../lib/gcc/avr/4.3.3/avr5\libgcc.a(_divmodsi4.o)
                0x00002402                __divmodsi4
 .text.libgcc   0x00002438        0xc d:/arduino/codeblocks/bin/../lib/gcc/avr/4.3.3/avr5\libgcc.a(_tablejump.o)
                0x0000243c                __tablejump__
                0x00002438                __tablejump2__
 .text.libgcc   0x00002444       0x38 d:/arduino/codeblocks/bin/../lib/gcc/avr/4.3.3/avr5\libgcc.a(_prologue.o)
                0x00002444                __prologue_saves__
 .text.libgcc   0x0000247c       0x36 d:/arduino/codeblocks/bin/../lib/gcc/avr/4.3.3/avr5\libgcc.a(_epilogue.o)
                0x0000247c                __epilogue_restores__
                0x000024b2                . = ALIGN (0x2)
 *(.fini9)
 .fini9         0x000024b2        0x0 d:/arduino/codeblocks/bin/../lib/gcc/avr/4.3.3/avr5\libgcc.a(_exit.o)
                0x000024b2                exit
                0x000024b2                _exit
 *(.fini9)
 *(.fini8)
 *(.fini8)
 *(.fini7)
 *(.fini7)
 *(.fini6)
 *(.fini6)
 *(.fini5)
 *(.fini5)
 *(.fini4)
 *(.fini4)
 *(.fini3)
 *(.fini3)
 *(.fini2)
 *(.fini2)
 *(.fini1)
 *(.fini1)
 *(.fini0)
 .fini0         0x000024b2        0x4 d:/arduino/codeblocks/bin/../lib/gcc/avr/4.3.3/avr5\libgcc.a(_exit.o)
 *(.fini0)
                0x000024b6                _etext = .

.data           0x00800100       0xc4 load address 0x000024b6
                0x00800100                PROVIDE (__data_start, .)
 *(.data)
 .data          0x00800100       0x94 build\dm442_stepper.o
 .data          0x00800194        0xe D:\arduino\Projects\dm442_stepper\build\/core_nano328_16.a(Print.cpp.o)
 .data          0x008001a2        0x6 d:/arduino/codeblocks/bin/../lib/gcc/avr/4.3.3/../../../../avr/lib/avr5\libc.a(malloc.o)
                0x008001a4                __malloc_heap_start
                0x008001a6                __malloc_heap_end
                0x008001a2                __malloc_margin
 *(.data*)
 .data.direction
                0x008001a8        0x2 build\dm442_stepper.o
                0x008001a8                direction
 .data.pulrev   0x008001aa        0x2 build\dm442_stepper.o
                0x008001aa                pulrev
 .data.sensorReading
                0x008001ac        0x2 build\dm442_stepper.o
                0x008001ac                sensorReading
 .data.spd      0x008001ae        0x2 build\dm442_stepper.o
                0x008001ae                spd
 .data.stepFACTOR
                0x008001b0        0x2 build\dm442_stepper.o
                0x008001b0                stepFACTOR
 .data.analog_reference
                0x008001b2        0x1 D:\arduino\Projects\dm442_stepper\build\/core_nano328_16.a(wiring_analog.c.o)
                0x008001b2                analog_reference
 *(.rodata)
 *(.rodata*)
 .rodata._ZTV14HardwareSerial
                0x008001b3       0x10 D:\arduino\Projects\dm442_stepper\build\/core_nano328_16.a(HardwareSerial.cpp.o)
                0x008001b3                vtable for HardwareSerial
 *(.gnu.linkonce.d*)
                0x008001c4                . = ALIGN (0x2)
 *fill*         0x008001c3        0x1 00
                0x008001c4                _edata = .
                0x008001c4                PROVIDE (__data_end, .)

.bss            0x008001c4       0xf3
                0x008001c4                PROVIDE (__bss_start, .)
 *(.bss)
 *(.bss*)
 .bss.timeOfLastEvent
                0x008001c4        0x4 build\dm442_stepper.o
                0x008001c4                timeOfLastEvent
 .bss.timeOfLastEvent1
                0x008001c8        0x4 build\dm442_stepper.o
                0x008001c8                timeOfLastEvent1
 .bss.timeOfLastEvent2
                0x008001cc        0x4 build\dm442_stepper.o
                0x008001cc                timeOfLastEvent2
 .bss.timeOfLastEvent3
                0x008001d0        0x4 build\dm442_stepper.o
                0x008001d0                timeOfLastEvent3
 .bss.uPt       0x008001d4        0x4 build\dm442_stepper.o
                0x008001d4                uPt
 .bss.uDt       0x008001d8        0x4 build\dm442_stepper.o
                0x008001d8                uDt
 .bss.uDTmp     0x008001dc        0x4 build\dm442_stepper.o
                0x008001dc                uDTmp
 .bss.uPTmp     0x008001e0        0x4 build\dm442_stepper.o
                0x008001e0                uPTmp
 .bss.sTime     0x008001e4        0x4 build\dm442_stepper.o
                0x008001e4                sTime
 .bss.sKorakov  0x008001e8        0x4 build\dm442_stepper.o
                0x008001e8                sKorakov
 .bss.spd1      0x008001ec        0x4 build\dm442_stepper.o
                0x008001ec                spd1
 .bss.ms        0x008001f0        0x1 build\dm442_stepper.o
                0x008001f0                ms
 .bss.izpis_pul
                0x008001f1        0x1 build\dm442_stepper.o
                0x008001f1                izpis_pul
 .bss.step_delay_us
                0x008001f2        0x4 build\dm442_stepper.o
                0x008001f2                step_delay_us
 .bss.PULScount
                0x008001f6        0x4 build\dm442_stepper.o
                0x008001f6                PULScount
 .bss.LastPULScount
                0x008001fa        0x4 build\dm442_stepper.o
                0x008001fa                LastPULScount
 .bss.BUT0ST    0x008001fe        0x1 build\dm442_stepper.o
                0x008001fe                BUT0ST
 .bss.EEPROM    0x008001ff        0x1 D:\arduino\Projects\dm442_stepper\build\/lib_nano328_16.a(EEPROM.cpp.o)
                0x008001ff                EEPROM
 .bss.rx_buffer
                0x00800200       0x44 D:\arduino\Projects\dm442_stepper\build\/core_nano328_16.a(HardwareSerial.cpp.o)
                0x00800200                rx_buffer
 .bss.tx_buffer
                0x00800244       0x44 D:\arduino\Projects\dm442_stepper\build\/core_nano328_16.a(HardwareSerial.cpp.o)
                0x00800244                tx_buffer
 .bss.Serial    0x00800288       0x22 D:\arduino\Projects\dm442_stepper\build\/core_nano328_16.a(HardwareSerial.cpp.o)
                0x00800288                Serial
 .bss.timer0_overflow_count
                0x008002aa        0x4 D:\arduino\Projects\dm442_stepper\build\/core_nano328_16.a(wiring.c.o)
                0x008002aa                timer0_overflow_count
 .bss.timer0_millis
                0x008002ae        0x4 D:\arduino\Projects\dm442_stepper\build\/core_nano328_16.a(wiring.c.o)
                0x008002ae                timer0_millis
 .bss.timer0_fract
                0x008002b2        0x1 D:\arduino\Projects\dm442_stepper\build\/core_nano328_16.a(wiring.c.o)
 *(COMMON)
 COMMON         0x008002b3        0x4 d:/arduino/codeblocks/bin/../lib/gcc/avr/4.3.3/../../../../avr/lib/avr5\libc.a(malloc.o)
                0x008002b3                __brkval
                0x008002b5                __flp
                0x008002b7                PROVIDE (__bss_end, .)
                0x000024b6                __data_load_start = LOADADDR (.data)
                0x0000257a                __data_load_end = (__data_load_start + SIZEOF (.data))

.noinit         0x008002b7        0x0
                0x008002b7                PROVIDE (__noinit_start, .)
 *(.noinit*)
                0x008002b7                PROVIDE (__noinit_end, .)
                0x008002b7                _end = .
                0x008002b7                PROVIDE (__heap_start, .)

.eeprom         0x00810000        0x0
 *(.eeprom*)
                0x00810000                __eeprom_end = .

.fuse
 *(.fuse)
 *(.lfuse)
 *(.hfuse)
 *(.efuse)

.lock
 *(.lock*)

.signature
 *(.signature*)

.stab
 *(.stab)

.stabstr
 *(.stabstr)

.stab.excl
 *(.stab.excl)

.stab.exclstr
 *(.stab.exclstr)

.stab.index
 *(.stab.index)

.stab.indexstr
 *(.stab.indexstr)

.comment
 *(.comment)

.debug
 *(.debug)

.line
 *(.line)

.debug_srcinfo
 *(.debug_srcinfo)

.debug_sfnames
 *(.debug_sfnames)

.debug_aranges
 *(.debug_aranges)

.debug_pubnames
 *(.debug_pubnames)

.debug_info
 *(.debug_info)
 *(.gnu.linkonce.wi.*)

.debug_abbrev
 *(.debug_abbrev)

.debug_line
 *(.debug_line)

.debug_frame
 *(.debug_frame)

.debug_str
 *(.debug_str)

.debug_loc
 *(.debug_loc)

.debug_macinfo
 *(.debug_macinfo)
OUTPUT(build\dm442_stepper_nano328.elf elf32-avr)
LOAD linker stubs

Cross Reference Table

Symbol                                            File
BUT0ST                                            build\dm442_stepper.o
BUT1ST                                            build\dm442_stepper.o
BUTPROCESS                                        build\dm442_stepper.o
EEPROM                                            D:\arduino\Projects\dm442_stepper\build\/lib_nano328_16.a(EEPROM.cpp.o)
                                                  build\dm442_stepper.o
EEPROMClass::read(int)                            D:\arduino\Projects\dm442_stepper\build\/lib_nano328_16.a(EEPROM.cpp.o)
                                                  build\dm442_stepper.o
EEPROMClass::write(int, unsigned char)            D:\arduino\Projects\dm442_stepper\build\/lib_nano328_16.a(EEPROM.cpp.o)
                                                  build\dm442_stepper.o
EEsize                                            build\dm442_stepper.o
HardwareSerial::HardwareSerial(ring_buffer*, ring_buffer*, unsigned char volatile*, unsigned char volatile*, unsigned char volatile*, unsigned char volatile*, unsigned char volatile*, unsigned char volatile*, unsigned char, unsigned char, unsigned char, unsigned char, unsigned char) D:\arduino\Projects\dm442_stepper\build\/core_nano328_16.a(HardwareSerial.cpp.o)
HardwareSerial::HardwareSerial(ring_buffer*, ring_buffer*, unsigned char volatile*, unsigned char volatile*, unsigned char volatile*, unsigned char volatile*, unsigned char volatile*, unsigned char volatile*, unsigned char, unsigned char, unsigned char, unsigned char, unsigned char) D:\arduino\Projects\dm442_stepper\build\/core_nano328_16.a(HardwareSerial.cpp.o)
HardwareSerial::available()                       D:\arduino\Projects\dm442_stepper\build\/core_nano328_16.a(HardwareSerial.cpp.o)
                                                  build\dm442_stepper.o
HardwareSerial::begin(unsigned long)              D:\arduino\Projects\dm442_stepper\build\/core_nano328_16.a(HardwareSerial.cpp.o)
                                                  build\dm442_stepper.o
HardwareSerial::begin(unsigned long, unsigned char) D:\arduino\Projects\dm442_stepper\build\/core_nano328_16.a(HardwareSerial.cpp.o)
HardwareSerial::end()                             D:\arduino\Projects\dm442_stepper\build\/core_nano328_16.a(HardwareSerial.cpp.o)
HardwareSerial::flush()                           D:\arduino\Projects\dm442_stepper\build\/core_nano328_16.a(HardwareSerial.cpp.o)
HardwareSerial::operator bool()                   D:\arduino\Projects\dm442_stepper\build\/core_nano328_16.a(HardwareSerial.cpp.o)
HardwareSerial::peek()                            D:\arduino\Projects\dm442_stepper\build\/core_nano328_16.a(HardwareSerial.cpp.o)
HardwareSerial::read()                            D:\arduino\Projects\dm442_stepper\build\/core_nano328_16.a(HardwareSerial.cpp.o)
                                                  build\dm442_stepper.o
HardwareSerial::write(unsigned char)              D:\arduino\Projects\dm442_stepper\build\/core_nano328_16.a(HardwareSerial.cpp.o)
KS                                                build\dm442_stepper.o
LED0ST                                            build\dm442_stepper.o
LED1ST                                            build\dm442_stepper.o
LastPULScount                                     build\dm442_stepper.o
PULScount                                         build\dm442_stepper.o
PULState                                          build\dm442_stepper.o
Print::print(Printable const&)                    D:\arduino\Projects\dm442_stepper\build\/core_nano328_16.a(Print.cpp.o)
Print::print(String const&)                       D:\arduino\Projects\dm442_stepper\build\/core_nano328_16.a(Print.cpp.o)
Print::print(__FlashStringHelper const*)          D:\arduino\Projects\dm442_stepper\build\/core_nano328_16.a(Print.cpp.o)
Print::print(char const*)                         D:\arduino\Projects\dm442_stepper\build\/core_nano328_16.a(Print.cpp.o)
                                                  build\dm442_stepper.o
Print::print(char)                                D:\arduino\Projects\dm442_stepper\build\/core_nano328_16.a(Print.cpp.o)
                                                  build\dm442_stepper.o
Print::print(double, int)                         D:\arduino\Projects\dm442_stepper\build\/core_nano328_16.a(Print.cpp.o)
                                                  build\dm442_stepper.o
Print::print(int, int)                            D:\arduino\Projects\dm442_stepper\build\/core_nano328_16.a(Print.cpp.o)
                                                  build\dm442_stepper.o
Print::print(long, int)                           D:\arduino\Projects\dm442_stepper\build\/core_nano328_16.a(Print.cpp.o)
Print::print(unsigned char, int)                  D:\arduino\Projects\dm442_stepper\build\/core_nano328_16.a(Print.cpp.o)
                                                  build\dm442_stepper.o
Print::print(unsigned int, int)                   D:\arduino\Projects\dm442_stepper\build\/core_nano328_16.a(Print.cpp.o)
                                                  build\dm442_stepper.o
Print::print(unsigned long, int)                  D:\arduino\Projects\dm442_stepper\build\/core_nano328_16.a(Print.cpp.o)
                                                  build\dm442_stepper.o
Print::printFloat(double, unsigned char)          D:\arduino\Projects\dm442_stepper\build\/core_nano328_16.a(Print.cpp.o)
Print::printNumber(unsigned long, unsigned char)  D:\arduino\Projects\dm442_stepper\build\/core_nano328_16.a(Print.cpp.o)
Print::println()                                  D:\arduino\Projects\dm442_stepper\build\/core_nano328_16.a(Print.cpp.o)
Print::println(Printable const&)                  D:\arduino\Projects\dm442_stepper\build\/core_nano328_16.a(Print.cpp.o)
Print::println(String const&)                     D:\arduino\Projects\dm442_stepper\build\/core_nano328_16.a(Print.cpp.o)
Print::println(__FlashStringHelper const*)        D:\arduino\Projects\dm442_stepper\build\/core_nano328_16.a(Print.cpp.o)
Print::println(char const*)                       D:\arduino\Projects\dm442_stepper\build\/core_nano328_16.a(Print.cpp.o)
Print::println(char)                              D:\arduino\Projects\dm442_stepper\build\/core_nano328_16.a(Print.cpp.o)
Print::println(double, int)                       D:\arduino\Projects\dm442_stepper\build\/core_nano328_16.a(Print.cpp.o)
Print::println(int, int)                          D:\arduino\Projects\dm442_stepper\build\/core_nano328_16.a(Print.cpp.o)
Print::println(long, int)                         D:\arduino\Projects\dm442_stepper\build\/core_nano328_16.a(Print.cpp.o)
Print::println(unsigned char, int)                D:\arduino\Projects\dm442_stepper\build\/core_nano328_16.a(Print.cpp.o)
Print::println(unsigned int, int)                 D:\arduino\Projects\dm442_stepper\build\/core_nano328_16.a(Print.cpp.o)
Print::println(unsigned long, int)                D:\arduino\Projects\dm442_stepper\build\/core_nano328_16.a(Print.cpp.o)
Print::write(char const*)                         D:\arduino\Projects\dm442_stepper\build\/core_nano328_16.a(Print.cpp.o)
Print::write(unsigned char const*, unsigned int)  D:\arduino\Projects\dm442_stepper\build\/core_nano328_16.a(Print.cpp.o)
                                                  D:\arduino\Projects\dm442_stepper\build\/core_nano328_16.a(HardwareSerial.cpp.o)
Serial                                            D:\arduino\Projects\dm442_stepper\build\/core_nano328_16.a(HardwareSerial.cpp.o)
                                                  build\dm442_stepper.o
St                                                build\dm442_stepper.o
String::String(String const&)                     D:\arduino\Projects\dm442_stepper\build\/core_nano328_16.a(WString.cpp.o)
String::String(String const&)                     D:\arduino\Projects\dm442_stepper\build\/core_nano328_16.a(WString.cpp.o)
String::String(char const*)                       D:\arduino\Projects\dm442_stepper\build\/core_nano328_16.a(WString.cpp.o)
                                                  build\dm442_stepper.o
String::String(char const*)                       D:\arduino\Projects\dm442_stepper\build\/core_nano328_16.a(WString.cpp.o)
String::String(char)                              D:\arduino\Projects\dm442_stepper\build\/core_nano328_16.a(WString.cpp.o)
String::String(char)                              D:\arduino\Projects\dm442_stepper\build\/core_nano328_16.a(WString.cpp.o)
String::String(int, unsigned char)                D:\arduino\Projects\dm442_stepper\build\/core_nano328_16.a(WString.cpp.o)
String::String(int, unsigned char)                D:\arduino\Projects\dm442_stepper\build\/core_nano328_16.a(WString.cpp.o)
String::String(long, unsigned char)               D:\arduino\Projects\dm442_stepper\build\/core_nano328_16.a(WString.cpp.o)
String::String(long, unsigned char)               D:\arduino\Projects\dm442_stepper\build\/core_nano328_16.a(WString.cpp.o)
String::String(unsigned char, unsigned char)      D:\arduino\Projects\dm442_stepper\build\/core_nano328_16.a(WString.cpp.o)
String::String(unsigned char, unsigned char)      D:\arduino\Projects\dm442_stepper\build\/core_nano328_16.a(WString.cpp.o)
String::String(unsigned int, unsigned char)       D:\arduino\Projects\dm442_stepper\build\/core_nano328_16.a(WString.cpp.o)
String::String(unsigned int, unsigned char)       D:\arduino\Projects\dm442_stepper\build\/core_nano328_16.a(WString.cpp.o)
String::String(unsigned long, unsigned char)      D:\arduino\Projects\dm442_stepper\build\/core_nano328_16.a(WString.cpp.o)
String::String(unsigned long, unsigned char)      D:\arduino\Projects\dm442_stepper\build\/core_nano328_16.a(WString.cpp.o)
String::changeBuffer(unsigned int)                D:\arduino\Projects\dm442_stepper\build\/core_nano328_16.a(WString.cpp.o)
String::charAt(unsigned int) const                D:\arduino\Projects\dm442_stepper\build\/core_nano328_16.a(WString.cpp.o)
String::compareTo(String const&) const            D:\arduino\Projects\dm442_stepper\build\/core_nano328_16.a(WString.cpp.o)
                                                  build\dm442_stepper.o
String::concat(String const&)                     D:\arduino\Projects\dm442_stepper\build\/core_nano328_16.a(WString.cpp.o)
String::concat(char const*)                       D:\arduino\Projects\dm442_stepper\build\/core_nano328_16.a(WString.cpp.o)
String::concat(char const*, unsigned int)         D:\arduino\Projects\dm442_stepper\build\/core_nano328_16.a(WString.cpp.o)
String::concat(char)                              D:\arduino\Projects\dm442_stepper\build\/core_nano328_16.a(WString.cpp.o)
                                                  build\dm442_stepper.o
String::concat(int)                               D:\arduino\Projects\dm442_stepper\build\/core_nano328_16.a(WString.cpp.o)
String::concat(long)                              D:\arduino\Projects\dm442_stepper\build\/core_nano328_16.a(WString.cpp.o)
String::concat(unsigned char)                     D:\arduino\Projects\dm442_stepper\build\/core_nano328_16.a(WString.cpp.o)
String::concat(unsigned int)                      D:\arduino\Projects\dm442_stepper\build\/core_nano328_16.a(WString.cpp.o)
String::concat(unsigned long)                     D:\arduino\Projects\dm442_stepper\build\/core_nano328_16.a(WString.cpp.o)
String::copy(char const*, unsigned int)           D:\arduino\Projects\dm442_stepper\build\/core_nano328_16.a(WString.cpp.o)
String::endsWith(String const&) const             D:\arduino\Projects\dm442_stepper\build\/core_nano328_16.a(WString.cpp.o)
String::equals(String const&) const               D:\arduino\Projects\dm442_stepper\build\/core_nano328_16.a(WString.cpp.o)
String::equals(char const*) const                 D:\arduino\Projects\dm442_stepper\build\/core_nano328_16.a(WString.cpp.o)
                                                  build\dm442_stepper.o
String::equalsIgnoreCase(String const&) const     D:\arduino\Projects\dm442_stepper\build\/core_nano328_16.a(WString.cpp.o)
String::getBytes(unsigned char*, unsigned int, unsigned int) const D:\arduino\Projects\dm442_stepper\build\/core_nano328_16.a(WString.cpp.o)
String::indexOf(String const&) const              D:\arduino\Projects\dm442_stepper\build\/core_nano328_16.a(WString.cpp.o)
String::indexOf(String const&, unsigned int) const D:\arduino\Projects\dm442_stepper\build\/core_nano328_16.a(WString.cpp.o)
String::indexOf(char) const                       D:\arduino\Projects\dm442_stepper\build\/core_nano328_16.a(WString.cpp.o)
String::indexOf(char, unsigned int) const         D:\arduino\Projects\dm442_stepper\build\/core_nano328_16.a(WString.cpp.o)
String::invalidate()                              D:\arduino\Projects\dm442_stepper\build\/core_nano328_16.a(WString.cpp.o)
String::lastIndexOf(String const&) const          D:\arduino\Projects\dm442_stepper\build\/core_nano328_16.a(WString.cpp.o)
String::lastIndexOf(String const&, unsigned int) const D:\arduino\Projects\dm442_stepper\build\/core_nano328_16.a(WString.cpp.o)
String::lastIndexOf(char) const                   D:\arduino\Projects\dm442_stepper\build\/core_nano328_16.a(WString.cpp.o)
String::lastIndexOf(char, unsigned int) const     D:\arduino\Projects\dm442_stepper\build\/core_nano328_16.a(WString.cpp.o)
String::operator<(String const&) const            D:\arduino\Projects\dm442_stepper\build\/core_nano328_16.a(WString.cpp.o)
String::operator<=(String const&) const           D:\arduino\Projects\dm442_stepper\build\/core_nano328_16.a(WString.cpp.o)
String::operator=(String const&)                  D:\arduino\Projects\dm442_stepper\build\/core_nano328_16.a(WString.cpp.o)
String::operator=(char const*)                    D:\arduino\Projects\dm442_stepper\build\/core_nano328_16.a(WString.cpp.o)
String::operator>(String const&) const            D:\arduino\Projects\dm442_stepper\build\/core_nano328_16.a(WString.cpp.o)
String::operator>=(String const&) const           D:\arduino\Projects\dm442_stepper\build\/core_nano328_16.a(WString.cpp.o)
String::operator[](unsigned int)                  D:\arduino\Projects\dm442_stepper\build\/core_nano328_16.a(WString.cpp.o)
String::operator[](unsigned int) const            D:\arduino\Projects\dm442_stepper\build\/core_nano328_16.a(WString.cpp.o)
                                                  D:\arduino\Projects\dm442_stepper\build\/core_nano328_16.a(Print.cpp.o)
String::replace(String const&, String const&)     D:\arduino\Projects\dm442_stepper\build\/core_nano328_16.a(WString.cpp.o)
String::replace(char, char)                       D:\arduino\Projects\dm442_stepper\build\/core_nano328_16.a(WString.cpp.o)
String::reserve(unsigned int)                     D:\arduino\Projects\dm442_stepper\build\/core_nano328_16.a(WString.cpp.o)
String::setCharAt(unsigned int, char)             D:\arduino\Projects\dm442_stepper\build\/core_nano328_16.a(WString.cpp.o)
String::startsWith(String const&) const           D:\arduino\Projects\dm442_stepper\build\/core_nano328_16.a(WString.cpp.o)
String::startsWith(String const&, unsigned int) const D:\arduino\Projects\dm442_stepper\build\/core_nano328_16.a(WString.cpp.o)
String::substring(unsigned int) const             D:\arduino\Projects\dm442_stepper\build\/core_nano328_16.a(WString.cpp.o)
String::substring(unsigned int, unsigned int) const D:\arduino\Projects\dm442_stepper\build\/core_nano328_16.a(WString.cpp.o)
String::toInt() const                             D:\arduino\Projects\dm442_stepper\build\/core_nano328_16.a(WString.cpp.o)
String::toLowerCase()                             D:\arduino\Projects\dm442_stepper\build\/core_nano328_16.a(WString.cpp.o)
String::toUpperCase()                             D:\arduino\Projects\dm442_stepper\build\/core_nano328_16.a(WString.cpp.o)
String::trim()                                    D:\arduino\Projects\dm442_stepper\build\/core_nano328_16.a(WString.cpp.o)
String::~String()                                 D:\arduino\Projects\dm442_stepper\build\/core_nano328_16.a(WString.cpp.o)
String::~String()                                 D:\arduino\Projects\dm442_stepper\build\/core_nano328_16.a(WString.cpp.o)
                                                  build\dm442_stepper.o
__addsf3                                          d:/arduino/codeblocks/bin/../lib/gcc/avr/4.3.3/../../../../avr/lib/avr5\libm.a(addsf3.o)
                                                  D:\arduino\Projects\dm442_stepper\build\/core_nano328_16.a(Print.cpp.o)
__addsf3x                                         d:/arduino/codeblocks/bin/../lib/gcc/avr/4.3.3/../../../../avr/lib/avr5\libm.a(addsf3x.o)
                                                  d:/arduino/codeblocks/bin/../lib/gcc/avr/4.3.3/../../../../avr/lib/avr5\libm.a(addsf3.o)
__bad_interrupt                                   d:/arduino/codeblocks/bin/../lib/gcc/avr/4.3.3/../../../../avr/lib/avr5/crtm328p.o
__brkval                                          d:/arduino/codeblocks/bin/../lib/gcc/avr/4.3.3/../../../../avr/lib/avr5\libc.a(realloc.o)
                                                  d:/arduino/codeblocks/bin/../lib/gcc/avr/4.3.3/../../../../avr/lib/avr5\libc.a(malloc.o)
__bss_end                                         d:/arduino/codeblocks/bin/../lib/gcc/avr/4.3.3/avr5\libgcc.a(_clear_bss.o)
__bss_start                                       d:/arduino/codeblocks/bin/../lib/gcc/avr/4.3.3/avr5\libgcc.a(_clear_bss.o)
__cmpsf2                                          d:/arduino/codeblocks/bin/../lib/gcc/avr/4.3.3/../../../../avr/lib/avr5\libm.a(cmpsf2.o)
__ctors_end                                       d:/arduino/codeblocks/bin/../lib/gcc/avr/4.3.3/avr5\libgcc.a(_ctors.o)
__ctors_start                                     d:/arduino/codeblocks/bin/../lib/gcc/avr/4.3.3/avr5\libgcc.a(_ctors.o)
__ctype_isfalse                                   d:/arduino/codeblocks/bin/../lib/gcc/avr/4.3.3/../../../../avr/lib/avr5\libc.a(cty_isfalse.o)
                                                  d:/arduino/codeblocks/bin/../lib/gcc/avr/4.3.3/../../../../avr/lib/avr5\libc.a(isspace.o)
__ctype_istrue                                    d:/arduino/codeblocks/bin/../lib/gcc/avr/4.3.3/../../../../avr/lib/avr5\libc.a(cty_isfalse.o)
__cxa_guard_abort                                 D:\arduino\Projects\dm442_stepper\build\/core_nano328_16.a(new.cpp.o)
__cxa_guard_acquire                               D:\arduino\Projects\dm442_stepper\build\/core_nano328_16.a(new.cpp.o)
__cxa_guard_release                               D:\arduino\Projects\dm442_stepper\build\/core_nano328_16.a(new.cpp.o)
__cxa_pure_virtual                                D:\arduino\Projects\dm442_stepper\build\/core_nano328_16.a(new.cpp.o)
                                                  D:\arduino\Projects\dm442_stepper\build\/core_nano328_16.a(Print.cpp.o)
                                                  D:\arduino\Projects\dm442_stepper\build\/core_nano328_16.a(HardwareSerial.cpp.o)
__data_end                                        d:/arduino/codeblocks/bin/../lib/gcc/avr/4.3.3/avr5\libgcc.a(_copy_data.o)
__data_load_start                                 d:/arduino/codeblocks/bin/../lib/gcc/avr/4.3.3/avr5\libgcc.a(_copy_data.o)
__data_start                                      d:/arduino/codeblocks/bin/../lib/gcc/avr/4.3.3/avr5\libgcc.a(_copy_data.o)
__divmodsi4                                       d:/arduino/codeblocks/bin/../lib/gcc/avr/4.3.3/avr5\libgcc.a(_divmodsi4.o)
                                                  d:/arduino/codeblocks/bin/../lib/gcc/avr/4.3.3/../../../../avr/lib/avr5\libc.a(random.o)
                                                  D:\arduino\Projects\dm442_stepper\build\/core_nano328_16.a(WMath.cpp.o)
__divsf3                                          d:/arduino/codeblocks/bin/../lib/gcc/avr/4.3.3/../../../../avr/lib/avr5\libm.a(divsf3.o)
                                                  D:\arduino\Projects\dm442_stepper\build\/core_nano328_16.a(Print.cpp.o)
                                                  build\dm442_stepper.o
__divsf3_pse                                      d:/arduino/codeblocks/bin/../lib/gcc/avr/4.3.3/../../../../avr/lib/avr5\libm.a(divsf3x.o)
__divsf3x                                         d:/arduino/codeblocks/bin/../lib/gcc/avr/4.3.3/../../../../avr/lib/avr5\libm.a(divsf3x.o)
                                                  d:/arduino/codeblocks/bin/../lib/gcc/avr/4.3.3/../../../../avr/lib/avr5\libm.a(divsf3.o)
__do_clear_bss                                    d:/arduino/codeblocks/bin/../lib/gcc/avr/4.3.3/avr5\libgcc.a(_clear_bss.o)
                                                  d:/arduino/codeblocks/bin/../lib/gcc/avr/4.3.3/../../../../avr/lib/avr5\libc.a(realloc.o)
                                                  d:/arduino/codeblocks/bin/../lib/gcc/avr/4.3.3/../../../../avr/lib/avr5\libc.a(random.o)
                                                  d:/arduino/codeblocks/bin/../lib/gcc/avr/4.3.3/../../../../avr/lib/avr5\libc.a(malloc.o)
                                                  D:\arduino\Projects\dm442_stepper\build\/core_nano328_16.a(WString.cpp.o)
                                                  D:\arduino\Projects\dm442_stepper\build\/core_nano328_16.a(wiring.c.o)
                                                  D:\arduino\Projects\dm442_stepper\build\/core_nano328_16.a(HardwareSerial.cpp.o)
                                                  D:\arduino\Projects\dm442_stepper\build\/lib_nano328_16.a(EEPROM.cpp.o)
                                                  build\dm442_stepper.o
__do_copy_data                                    d:/arduino/codeblocks/bin/../lib/gcc/avr/4.3.3/avr5\libgcc.a(_copy_data.o)
                                                  d:/arduino/codeblocks/bin/../lib/gcc/avr/4.3.3/../../../../avr/lib/avr5\libc.a(realloc.o)
                                                  d:/arduino/codeblocks/bin/../lib/gcc/avr/4.3.3/../../../../avr/lib/avr5\libc.a(random.o)
                                                  d:/arduino/codeblocks/bin/../lib/gcc/avr/4.3.3/../../../../avr/lib/avr5\libc.a(malloc.o)
                                                  D:\arduino\Projects\dm442_stepper\build\/core_nano328_16.a(WString.cpp.o)
                                                  D:\arduino\Projects\dm442_stepper\build\/core_nano328_16.a(wiring_analog.c.o)
                                                  D:\arduino\Projects\dm442_stepper\build\/core_nano328_16.a(Print.cpp.o)
                                                  D:\arduino\Projects\dm442_stepper\build\/core_nano328_16.a(HardwareSerial.cpp.o)
                                                  build\dm442_stepper.o
__do_global_ctors                                 d:/arduino/codeblocks/bin/../lib/gcc/avr/4.3.3/avr5\libgcc.a(_ctors.o)
                                                  D:\arduino\Projects\dm442_stepper\build\/core_nano328_16.a(HardwareSerial.cpp.o)
__epilogue_restores__                             d:/arduino/codeblocks/bin/../lib/gcc/avr/4.3.3/avr5\libgcc.a(_epilogue.o)
                                                  d:/arduino/codeblocks/bin/../lib/gcc/avr/4.3.3/../../../../avr/lib/avr5\libc.a(realloc.o)
                                                  d:/arduino/codeblocks/bin/../lib/gcc/avr/4.3.3/../../../../avr/lib/avr5\libc.a(random.o)
__eqsf2                                           d:/arduino/codeblocks/bin/../lib/gcc/avr/4.3.3/../../../../avr/lib/avr5\libm.a(cmpsf2.o)
__fixsfsi                                         d:/arduino/codeblocks/bin/../lib/gcc/avr/4.3.3/../../../../avr/lib/avr5\libm.a(fixsfsi.o)
                                                  D:\arduino\Projects\dm442_stepper\build\/core_nano328_16.a(Print.cpp.o)
__fixunssfsi                                      d:/arduino/codeblocks/bin/../lib/gcc/avr/4.3.3/../../../../avr/lib/avr5\libm.a(fixunssfsi.o)
                                                  d:/arduino/codeblocks/bin/../lib/gcc/avr/4.3.3/../../../../avr/lib/avr5\libm.a(fixsfsi.o)
                                                  D:\arduino\Projects\dm442_stepper\build\/core_nano328_16.a(Print.cpp.o)
                                                  build\dm442_stepper.o
__floatsisf                                       d:/arduino/codeblocks/bin/../lib/gcc/avr/4.3.3/../../../../avr/lib/avr5\libm.a(floatsisf.o)
                                                  D:\arduino\Projects\dm442_stepper\build\/core_nano328_16.a(Print.cpp.o)
                                                  build\dm442_stepper.o
__floatunsisf                                     d:/arduino/codeblocks/bin/../lib/gcc/avr/4.3.3/../../../../avr/lib/avr5\libm.a(floatsisf.o)
                                                  D:\arduino\Projects\dm442_stepper\build\/core_nano328_16.a(Print.cpp.o)
                                                  build\dm442_stepper.o
__flp                                             d:/arduino/codeblocks/bin/../lib/gcc/avr/4.3.3/../../../../avr/lib/avr5\libc.a(realloc.o)
                                                  d:/arduino/codeblocks/bin/../lib/gcc/avr/4.3.3/../../../../avr/lib/avr5\libc.a(malloc.o)
__fp_cmp                                          d:/arduino/codeblocks/bin/../lib/gcc/avr/4.3.3/../../../../avr/lib/avr5\libm.a(fp_cmp.o)
                                                  d:/arduino/codeblocks/bin/../lib/gcc/avr/4.3.3/../../../../avr/lib/avr5\libm.a(unordsf2.o)
                                                  d:/arduino/codeblocks/bin/../lib/gcc/avr/4.3.3/../../../../avr/lib/avr5\libm.a(gesf2.o)
                                                  d:/arduino/codeblocks/bin/../lib/gcc/avr/4.3.3/../../../../avr/lib/avr5\libm.a(cmpsf2.o)
__fp_inf                                          d:/arduino/codeblocks/bin/../lib/gcc/avr/4.3.3/../../../../avr/lib/avr5\libm.a(fp_inf.o)
                                                  d:/arduino/codeblocks/bin/../lib/gcc/avr/4.3.3/../../../../avr/lib/avr5\libm.a(mulsf3x.o)
                                                  d:/arduino/codeblocks/bin/../lib/gcc/avr/4.3.3/../../../../avr/lib/avr5\libm.a(divsf3x.o)
                                                  d:/arduino/codeblocks/bin/../lib/gcc/avr/4.3.3/../../../../avr/lib/avr5\libm.a(addsf3x.o)
__fp_nan                                          d:/arduino/codeblocks/bin/../lib/gcc/avr/4.3.3/../../../../avr/lib/avr5\libm.a(fp_nan.o)
                                                  d:/arduino/codeblocks/bin/../lib/gcc/avr/4.3.3/../../../../avr/lib/avr5\libm.a(mulsf3x.o)
                                                  d:/arduino/codeblocks/bin/../lib/gcc/avr/4.3.3/../../../../avr/lib/avr5\libm.a(divsf3x.o)
                                                  d:/arduino/codeblocks/bin/../lib/gcc/avr/4.3.3/../../../../avr/lib/avr5\libm.a(addsf3x.o)
__fp_pscA                                         d:/arduino/codeblocks/bin/../lib/gcc/avr/4.3.3/../../../../avr/lib/avr5\libm.a(fp_pscA.o)
                                                  d:/arduino/codeblocks/bin/../lib/gcc/avr/4.3.3/../../../../avr/lib/avr5\libm.a(mulsf3x.o)
                                                  d:/arduino/codeblocks/bin/../lib/gcc/avr/4.3.3/../../../../avr/lib/avr5\libm.a(divsf3x.o)
                                                  d:/arduino/codeblocks/bin/../lib/gcc/avr/4.3.3/../../../../avr/lib/avr5\libm.a(addsf3x.o)
__fp_pscB                                         d:/arduino/codeblocks/bin/../lib/gcc/avr/4.3.3/../../../../avr/lib/avr5\libm.a(fp_pscB.o)
                                                  d:/arduino/codeblocks/bin/../lib/gcc/avr/4.3.3/../../../../avr/lib/avr5\libm.a(mulsf3x.o)
                                                  d:/arduino/codeblocks/bin/../lib/gcc/avr/4.3.3/../../../../avr/lib/avr5\libm.a(divsf3x.o)
                                                  d:/arduino/codeblocks/bin/../lib/gcc/avr/4.3.3/../../../../avr/lib/avr5\libm.a(addsf3x.o)
__fp_round                                        d:/arduino/codeblocks/bin/../lib/gcc/avr/4.3.3/../../../../avr/lib/avr5\libm.a(fp_round.o)
                                                  d:/arduino/codeblocks/bin/../lib/gcc/avr/4.3.3/../../../../avr/lib/avr5\libm.a(mulsf3.o)
                                                  d:/arduino/codeblocks/bin/../lib/gcc/avr/4.3.3/../../../../avr/lib/avr5\libm.a(divsf3.o)
                                                  d:/arduino/codeblocks/bin/../lib/gcc/avr/4.3.3/../../../../avr/lib/avr5\libm.a(addsf3.o)
__fp_split3                                       d:/arduino/codeblocks/bin/../lib/gcc/avr/4.3.3/../../../../avr/lib/avr5\libm.a(fp_split3.o)
                                                  d:/arduino/codeblocks/bin/../lib/gcc/avr/4.3.3/../../../../avr/lib/avr5\libm.a(mulsf3x.o)
                                                  d:/arduino/codeblocks/bin/../lib/gcc/avr/4.3.3/../../../../avr/lib/avr5\libm.a(divsf3x.o)
                                                  d:/arduino/codeblocks/bin/../lib/gcc/avr/4.3.3/../../../../avr/lib/avr5\libm.a(addsf3x.o)
__fp_splitA                                       d:/arduino/codeblocks/bin/../lib/gcc/avr/4.3.3/../../../../avr/lib/avr5\libm.a(fp_split3.o)
                                                  d:/arduino/codeblocks/bin/../lib/gcc/avr/4.3.3/../../../../avr/lib/avr5\libm.a(fixunssfsi.o)
__fp_szero                                        d:/arduino/codeblocks/bin/../lib/gcc/avr/4.3.3/../../../../avr/lib/avr5\libm.a(fp_zero.o)
                                                  d:/arduino/codeblocks/bin/../lib/gcc/avr/4.3.3/../../../../avr/lib/avr5\libm.a(mulsf3x.o)
                                                  d:/arduino/codeblocks/bin/../lib/gcc/avr/4.3.3/../../../../avr/lib/avr5\libm.a(fixsfsi.o)
                                                  d:/arduino/codeblocks/bin/../lib/gcc/avr/4.3.3/../../../../avr/lib/avr5\libm.a(divsf3x.o)
__fp_zero                                         d:/arduino/codeblocks/bin/../lib/gcc/avr/4.3.3/../../../../avr/lib/avr5\libm.a(fp_zero.o)
                                                  d:/arduino/codeblocks/bin/../lib/gcc/avr/4.3.3/../../../../avr/lib/avr5\libm.a(fixunssfsi.o)
                                                  d:/arduino/codeblocks/bin/../lib/gcc/avr/4.3.3/../../../../avr/lib/avr5\libm.a(addsf3x.o)
__gesf2                                           d:/arduino/codeblocks/bin/../lib/gcc/avr/4.3.3/../../../../avr/lib/avr5\libm.a(gesf2.o)
__gtsf2                                           d:/arduino/codeblocks/bin/../lib/gcc/avr/4.3.3/../../../../avr/lib/avr5\libm.a(gesf2.o)
                                                  D:\arduino\Projects\dm442_stepper\build\/core_nano328_16.a(Print.cpp.o)
__heap_end                                        d:/arduino/codeblocks/bin/../lib/gcc/avr/4.3.3/../../../../avr/lib/avr5/crtm328p.o
                                                  d:/arduino/codeblocks/bin/../lib/gcc/avr/4.3.3/../../../../avr/lib/avr5\libc.a(malloc.o)
__heap_start                                      d:/arduino/codeblocks/bin/../lib/gcc/avr/4.3.3/../../../../avr/lib/avr5\libc.a(malloc.o)
__init                                            d:/arduino/codeblocks/bin/../lib/gcc/avr/4.3.3/../../../../avr/lib/avr5/crtm328p.o
__lesf2                                           d:/arduino/codeblocks/bin/../lib/gcc/avr/4.3.3/../../../../avr/lib/avr5\libm.a(cmpsf2.o)
                                                  D:\arduino\Projects\dm442_stepper\build\/core_nano328_16.a(Print.cpp.o)
__ltsf2                                           d:/arduino/codeblocks/bin/../lib/gcc/avr/4.3.3/../../../../avr/lib/avr5\libm.a(cmpsf2.o)
                                                  D:\arduino\Projects\dm442_stepper\build\/core_nano328_16.a(Print.cpp.o)
__malloc_heap_end                                 d:/arduino/codeblocks/bin/../lib/gcc/avr/4.3.3/../../../../avr/lib/avr5\libc.a(malloc.o)
                                                  d:/arduino/codeblocks/bin/../lib/gcc/avr/4.3.3/../../../../avr/lib/avr5\libc.a(realloc.o)
__malloc_heap_start                               d:/arduino/codeblocks/bin/../lib/gcc/avr/4.3.3/../../../../avr/lib/avr5\libc.a(malloc.o)
__malloc_margin                                   d:/arduino/codeblocks/bin/../lib/gcc/avr/4.3.3/../../../../avr/lib/avr5\libc.a(malloc.o)
                                                  d:/arduino/codeblocks/bin/../lib/gcc/avr/4.3.3/../../../../avr/lib/avr5\libc.a(realloc.o)
__mulsf3                                          d:/arduino/codeblocks/bin/../lib/gcc/avr/4.3.3/../../../../avr/lib/avr5\libm.a(mulsf3.o)
                                                  D:\arduino\Projects\dm442_stepper\build\/core_nano328_16.a(Print.cpp.o)
                                                  build\dm442_stepper.o
__mulsf3_pse                                      d:/arduino/codeblocks/bin/../lib/gcc/avr/4.3.3/../../../../avr/lib/avr5\libm.a(mulsf3x.o)
__mulsf3x                                         d:/arduino/codeblocks/bin/../lib/gcc/avr/4.3.3/../../../../avr/lib/avr5\libm.a(mulsf3x.o)
                                                  d:/arduino/codeblocks/bin/../lib/gcc/avr/4.3.3/../../../../avr/lib/avr5\libm.a(mulsf3.o)
__mulsi3                                          d:/arduino/codeblocks/bin/../lib/gcc/avr/4.3.3/avr5\libgcc.a(_mulsi3.o)
                                                  d:/arduino/codeblocks/bin/../lib/gcc/avr/4.3.3/../../../../avr/lib/avr5\libc.a(random.o)
                                                  D:\arduino\Projects\dm442_stepper\build\/core_nano328_16.a(WMath.cpp.o)
                                                  D:\arduino\Projects\dm442_stepper\build\/core_nano328_16.a(Print.cpp.o)
                                                  build\dm442_stepper.o
__mulsi_const_10                                  d:/arduino/codeblocks/bin/../lib/gcc/avr/4.3.3/../../../../avr/lib/avr5\libc.a(mulsi10.o)
                                                  d:/arduino/codeblocks/bin/../lib/gcc/avr/4.3.3/../../../../avr/lib/avr5\libc.a(atol.o)
__nesf2                                           d:/arduino/codeblocks/bin/../lib/gcc/avr/4.3.3/../../../../avr/lib/avr5\libm.a(cmpsf2.o)
__prologue_saves__                                d:/arduino/codeblocks/bin/../lib/gcc/avr/4.3.3/avr5\libgcc.a(_prologue.o)
                                                  d:/arduino/codeblocks/bin/../lib/gcc/avr/4.3.3/../../../../avr/lib/avr5\libc.a(realloc.o)
                                                  d:/arduino/codeblocks/bin/../lib/gcc/avr/4.3.3/../../../../avr/lib/avr5\libc.a(random.o)
__stack                                           d:/arduino/codeblocks/bin/../lib/gcc/avr/4.3.3/../../../../avr/lib/avr5/crtm328p.o
__subsf3                                          d:/arduino/codeblocks/bin/../lib/gcc/avr/4.3.3/../../../../avr/lib/avr5\libm.a(addsf3.o)
                                                  D:\arduino\Projects\dm442_stepper\build\/core_nano328_16.a(Print.cpp.o)
__tablejump2__                                    d:/arduino/codeblocks/bin/../lib/gcc/avr/4.3.3/avr5\libgcc.a(_tablejump.o)
__tablejump__                                     d:/arduino/codeblocks/bin/../lib/gcc/avr/4.3.3/avr5\libgcc.a(_tablejump.o)
                                                  d:/arduino/codeblocks/bin/../lib/gcc/avr/4.3.3/avr5\libgcc.a(_ctors.o)
__udivmodhi4                                      d:/arduino/codeblocks/bin/../lib/gcc/avr/4.3.3/avr5\libgcc.a(_udivmodhi4.o)
                                                  d:/arduino/codeblocks/bin/../lib/gcc/avr/4.3.3/../../../../avr/lib/avr5\libc.a(utoa.o)
                                                  d:/arduino/codeblocks/bin/../lib/gcc/avr/4.3.3/../../../../avr/lib/avr5\libc.a(itoa.o)
__udivmodsi4                                      d:/arduino/codeblocks/bin/../lib/gcc/avr/4.3.3/avr5\libgcc.a(_udivmodsi4.o)
                                                  d:/arduino/codeblocks/bin/../lib/gcc/avr/4.3.3/../../../../avr/lib/avr5\libc.a(ultoa.o)
                                                  d:/arduino/codeblocks/bin/../lib/gcc/avr/4.3.3/../../../../avr/lib/avr5\libc.a(ltoa.o)
                                                  d:/arduino/codeblocks/bin/../lib/gcc/avr/4.3.3/avr5\libgcc.a(_divmodsi4.o)
                                                  D:\arduino\Projects\dm442_stepper\build\/core_nano328_16.a(Print.cpp.o)
                                                  D:\arduino\Projects\dm442_stepper\build\/core_nano328_16.a(HardwareSerial.cpp.o)
__unordsf2                                        d:/arduino/codeblocks/bin/../lib/gcc/avr/4.3.3/../../../../avr/lib/avr5\libm.a(unordsf2.o)
                                                  D:\arduino\Projects\dm442_stepper\build\/core_nano328_16.a(Print.cpp.o)
__vector_1                                        d:/arduino/codeblocks/bin/../lib/gcc/avr/4.3.3/../../../../avr/lib/avr5/crtm328p.o
__vector_10                                       d:/arduino/codeblocks/bin/../lib/gcc/avr/4.3.3/../../../../avr/lib/avr5/crtm328p.o
__vector_11                                       d:/arduino/codeblocks/bin/../lib/gcc/avr/4.3.3/../../../../avr/lib/avr5/crtm328p.o
__vector_12                                       d:/arduino/codeblocks/bin/../lib/gcc/avr/4.3.3/../../../../avr/lib/avr5/crtm328p.o
__vector_13                                       d:/arduino/codeblocks/bin/../lib/gcc/avr/4.3.3/../../../../avr/lib/avr5/crtm328p.o
__vector_14                                       d:/arduino/codeblocks/bin/../lib/gcc/avr/4.3.3/../../../../avr/lib/avr5/crtm328p.o
__vector_15                                       d:/arduino/codeblocks/bin/../lib/gcc/avr/4.3.3/../../../../avr/lib/avr5/crtm328p.o
__vector_16                                       D:\arduino\Projects\dm442_stepper\build\/core_nano328_16.a(wiring.c.o)
                                                  d:/arduino/codeblocks/bin/../lib/gcc/avr/4.3.3/../../../../avr/lib/avr5/crtm328p.o
__vector_17                                       d:/arduino/codeblocks/bin/../lib/gcc/avr/4.3.3/../../../../avr/lib/avr5/crtm328p.o
__vector_18                                       D:\arduino\Projects\dm442_stepper\build\/core_nano328_16.a(HardwareSerial.cpp.o)
                                                  d:/arduino/codeblocks/bin/../lib/gcc/avr/4.3.3/../../../../avr/lib/avr5/crtm328p.o
__vector_19                                       D:\arduino\Projects\dm442_stepper\build\/core_nano328_16.a(HardwareSerial.cpp.o)
                                                  d:/arduino/codeblocks/bin/../lib/gcc/avr/4.3.3/../../../../avr/lib/avr5/crtm328p.o
__vector_2                                        d:/arduino/codeblocks/bin/../lib/gcc/avr/4.3.3/../../../../avr/lib/avr5/crtm328p.o
__vector_20                                       d:/arduino/codeblocks/bin/../lib/gcc/avr/4.3.3/../../../../avr/lib/avr5/crtm328p.o
__vector_21                                       d:/arduino/codeblocks/bin/../lib/gcc/avr/4.3.3/../../../../avr/lib/avr5/crtm328p.o
__vector_22                                       d:/arduino/codeblocks/bin/../lib/gcc/avr/4.3.3/../../../../avr/lib/avr5/crtm328p.o
__vector_23                                       d:/arduino/codeblocks/bin/../lib/gcc/avr/4.3.3/../../../../avr/lib/avr5/crtm328p.o
__vector_24                                       d:/arduino/codeblocks/bin/../lib/gcc/avr/4.3.3/../../../../avr/lib/avr5/crtm328p.o
__vector_25                                       d:/arduino/codeblocks/bin/../lib/gcc/avr/4.3.3/../../../../avr/lib/avr5/crtm328p.o
__vector_3                                        d:/arduino/codeblocks/bin/../lib/gcc/avr/4.3.3/../../../../avr/lib/avr5/crtm328p.o
__vector_4                                        d:/arduino/codeblocks/bin/../lib/gcc/avr/4.3.3/../../../../avr/lib/avr5/crtm328p.o
__vector_5                                        d:/arduino/codeblocks/bin/../lib/gcc/avr/4.3.3/../../../../avr/lib/avr5/crtm328p.o
__vector_6                                        d:/arduino/codeblocks/bin/../lib/gcc/avr/4.3.3/../../../../avr/lib/avr5/crtm328p.o
__vector_7                                        d:/arduino/codeblocks/bin/../lib/gcc/avr/4.3.3/../../../../avr/lib/avr5/crtm328p.o
__vector_8                                        d:/arduino/codeblocks/bin/../lib/gcc/avr/4.3.3/../../../../avr/lib/avr5/crtm328p.o
__vector_9                                        d:/arduino/codeblocks/bin/../lib/gcc/avr/4.3.3/../../../../avr/lib/avr5/crtm328p.o
__vector_default                                  d:/arduino/codeblocks/bin/../lib/gcc/avr/4.3.3/../../../../avr/lib/avr5/crtm328p.o
__vectors                                         d:/arduino/codeblocks/bin/../lib/gcc/avr/4.3.3/../../../../avr/lib/avr5/crtm328p.o
_exit                                             d:/arduino/codeblocks/bin/../lib/gcc/avr/4.3.3/avr5\libgcc.a(_exit.o)
analogRead                                        D:\arduino\Projects\dm442_stepper\build\/core_nano328_16.a(wiring_analog.c.o)
                                                  build\dm442_stepper.o
analogReference                                   D:\arduino\Projects\dm442_stepper\build\/core_nano328_16.a(wiring_analog.c.o)
analogWrite                                       D:\arduino\Projects\dm442_stepper\build\/core_nano328_16.a(wiring_analog.c.o)
analog_reference                                  D:\arduino\Projects\dm442_stepper\build\/core_nano328_16.a(wiring_analog.c.o)
atol                                              d:/arduino/codeblocks/bin/../lib/gcc/avr/4.3.3/../../../../avr/lib/avr5\libc.a(atol.o)
                                                  D:\arduino\Projects\dm442_stepper\build\/core_nano328_16.a(WString.cpp.o)
blink(int, int, int)                              build\dm442_stepper.o
delay                                             D:\arduino\Projects\dm442_stepper\build\/core_nano328_16.a(wiring.c.o)
                                                  build\dm442_stepper.o
delayMicroseconds                                 D:\arduino\Projects\dm442_stepper\build\/core_nano328_16.a(wiring.c.o)
                                                  build\dm442_stepper.o
digitalRead                                       D:\arduino\Projects\dm442_stepper\build\/core_nano328_16.a(wiring_digital.c.o)
                                                  build\dm442_stepper.o
digitalWrite                                      D:\arduino\Projects\dm442_stepper\build\/core_nano328_16.a(wiring_digital.c.o)
                                                  D:\arduino\Projects\dm442_stepper\build\/core_nano328_16.a(wiring_analog.c.o)
                                                  build\dm442_stepper.o
digital_pin_to_bit_mask_PGM                       D:\arduino\Projects\dm442_stepper\build\/core_nano328_16.a(wiring_digital.c.o)
digital_pin_to_port_PGM                           D:\arduino\Projects\dm442_stepper\build\/core_nano328_16.a(wiring_digital.c.o)
digital_pin_to_timer_PGM                          D:\arduino\Projects\dm442_stepper\build\/core_nano328_16.a(wiring_digital.c.o)
                                                  D:\arduino\Projects\dm442_stepper\build\/core_nano328_16.a(wiring_analog.c.o)
direction                                         build\dm442_stepper.o
eKorakov                                          build\dm442_stepper.o
eTime                                             build\dm442_stepper.o
emotorSpeed                                       build\dm442_stepper.o
exit                                              d:/arduino/codeblocks/bin/../lib/gcc/avr/4.3.3/avr5\libgcc.a(_exit.o)
                                                  d:/arduino/codeblocks/bin/../lib/gcc/avr/4.3.3/../../../../avr/lib/avr5/crtm328p.o
fak_kor_za_izr                                    build\dm442_stepper.o
free                                              d:/arduino/codeblocks/bin/../lib/gcc/avr/4.3.3/../../../../avr/lib/avr5\libc.a(malloc.o)
                                                  d:/arduino/codeblocks/bin/../lib/gcc/avr/4.3.3/../../../../avr/lib/avr5\libc.a(realloc.o)
                                                  D:\arduino\Projects\dm442_stepper\build\/core_nano328_16.a(WString.cpp.o)
                                                  D:\arduino\Projects\dm442_stepper\build\/core_nano328_16.a(new.cpp.o)
hitrostkms(float, float, float, int)              build\dm442_stepper.o
init                                              D:\arduino\Projects\dm442_stepper\build\/core_nano328_16.a(wiring.c.o)
                                                  D:\arduino\Projects\dm442_stepper\build\/core_nano328_16.a(main.cpp.o)
isspace                                           d:/arduino/codeblocks/bin/../lib/gcc/avr/4.3.3/../../../../avr/lib/avr5\libc.a(isspace.o)
                                                  D:\arduino\Projects\dm442_stepper\build\/core_nano328_16.a(WString.cpp.o)
itoa                                              d:/arduino/codeblocks/bin/../lib/gcc/avr/4.3.3/../../../../avr/lib/avr5\libc.a(itoa.o)
                                                  D:\arduino\Projects\dm442_stepper\build\/core_nano328_16.a(WString.cpp.o)
izpis_eeprom()                                    build\dm442_stepper.o
izpis_pul                                         build\dm442_stepper.o
korakov                                           build\dm442_stepper.o
lKorakov                                          build\dm442_stepper.o
lTime                                             build\dm442_stepper.o
lmotorSpeed                                       build\dm442_stepper.o
loop                                              build\dm442_stepper.o
                                                  D:\arduino\Projects\dm442_stepper\build\/core_nano328_16.a(main.cpp.o)
ltoa                                              d:/arduino/codeblocks/bin/../lib/gcc/avr/4.3.3/../../../../avr/lib/avr5\libc.a(ltoa.o)
                                                  D:\arduino\Projects\dm442_stepper\build\/core_nano328_16.a(WString.cpp.o)
main                                              D:\arduino\Projects\dm442_stepper\build\/core_nano328_16.a(main.cpp.o)
                                                  d:/arduino/codeblocks/bin/../lib/gcc/avr/4.3.3/../../../../avr/lib/avr5/crtm328p.o
makeWord(unsigned char, unsigned char)            D:\arduino\Projects\dm442_stepper\build\/core_nano328_16.a(WMath.cpp.o)
makeWord(unsigned int)                            D:\arduino\Projects\dm442_stepper\build\/core_nano328_16.a(WMath.cpp.o)
malloc                                            d:/arduino/codeblocks/bin/../lib/gcc/avr/4.3.3/../../../../avr/lib/avr5\libc.a(malloc.o)
                                                  d:/arduino/codeblocks/bin/../lib/gcc/avr/4.3.3/../../../../avr/lib/avr5\libc.a(realloc.o)
                                                  D:\arduino\Projects\dm442_stepper\build\/core_nano328_16.a(new.cpp.o)
map(long, long, long, long, long)                 D:\arduino\Projects\dm442_stepper\build\/core_nano328_16.a(WMath.cpp.o)
                                                  build\dm442_stepper.o
memcpy                                            d:/arduino/codeblocks/bin/../lib/gcc/avr/4.3.3/../../../../avr/lib/avr5\libc.a(memcpy.o)
                                                  d:/arduino/codeblocks/bin/../lib/gcc/avr/4.3.3/../../../../avr/lib/avr5\libc.a(memmove.o)
                                                  d:/arduino/codeblocks/bin/../lib/gcc/avr/4.3.3/../../../../avr/lib/avr5\libc.a(realloc.o)
                                                  D:\arduino\Projects\dm442_stepper\build\/core_nano328_16.a(WString.cpp.o)
memmove                                           d:/arduino/codeblocks/bin/../lib/gcc/avr/4.3.3/../../../../avr/lib/avr5\libc.a(memmove.o)
                                                  D:\arduino\Projects\dm442_stepper\build\/core_nano328_16.a(WString.cpp.o)
micros                                            D:\arduino\Projects\dm442_stepper\build\/core_nano328_16.a(wiring.c.o)
                                                  build\dm442_stepper.o
millis                                            D:\arduino\Projects\dm442_stepper\build\/core_nano328_16.a(wiring.c.o)
                                                  build\dm442_stepper.o
motdif                                            build\dm442_stepper.o
motorSpeed                                        build\dm442_stepper.o
ms                                                build\dm442_stepper.o
mstate                                            build\dm442_stepper.o
obseg(float)                                      build\dm442_stepper.o
one_step_function(int, int, unsigned long, int)   build\dm442_stepper.o
one_step_function2(int, int, int, int)            build\dm442_stepper.o
one_step_function3(int, int, int, int)            build\dm442_stepper.o
operator delete(void*)                            D:\arduino\Projects\dm442_stepper\build\/core_nano328_16.a(new.cpp.o)
operator delete[](void*)                          D:\arduino\Projects\dm442_stepper\build\/core_nano328_16.a(new.cpp.o)
operator new(unsigned int)                        D:\arduino\Projects\dm442_stepper\build\/core_nano328_16.a(new.cpp.o)
operator new[](unsigned int)                      D:\arduino\Projects\dm442_stepper\build\/core_nano328_16.a(new.cpp.o)
operator+(StringSumHelper const&, String const&)  D:\arduino\Projects\dm442_stepper\build\/core_nano328_16.a(WString.cpp.o)
operator+(StringSumHelper const&, char const*)    D:\arduino\Projects\dm442_stepper\build\/core_nano328_16.a(WString.cpp.o)
operator+(StringSumHelper const&, char)           D:\arduino\Projects\dm442_stepper\build\/core_nano328_16.a(WString.cpp.o)
operator+(StringSumHelper const&, int)            D:\arduino\Projects\dm442_stepper\build\/core_nano328_16.a(WString.cpp.o)
operator+(StringSumHelper const&, long)           D:\arduino\Projects\dm442_stepper\build\/core_nano328_16.a(WString.cpp.o)
operator+(StringSumHelper const&, unsigned char)  D:\arduino\Projects\dm442_stepper\build\/core_nano328_16.a(WString.cpp.o)
operator+(StringSumHelper const&, unsigned int)   D:\arduino\Projects\dm442_stepper\build\/core_nano328_16.a(WString.cpp.o)
operator+(StringSumHelper const&, unsigned long)  D:\arduino\Projects\dm442_stepper\build\/core_nano328_16.a(WString.cpp.o)
pinMode                                           D:\arduino\Projects\dm442_stepper\build\/core_nano328_16.a(wiring_digital.c.o)
                                                  D:\arduino\Projects\dm442_stepper\build\/core_nano328_16.a(wiring_analog.c.o)
                                                  build\dm442_stepper.o
port_to_input_PGM                                 D:\arduino\Projects\dm442_stepper\build\/core_nano328_16.a(wiring_digital.c.o)
port_to_mode_PGM                                  D:\arduino\Projects\dm442_stepper\build\/core_nano328_16.a(wiring_digital.c.o)
port_to_output_PGM                                D:\arduino\Projects\dm442_stepper\build\/core_nano328_16.a(wiring_digital.c.o)
pulrev                                            build\dm442_stepper.o
random                                            d:/arduino/codeblocks/bin/../lib/gcc/avr/4.3.3/../../../../avr/lib/avr5\libc.a(random.o)
                                                  D:\arduino\Projects\dm442_stepper\build\/core_nano328_16.a(WMath.cpp.o)
random(long)                                      D:\arduino\Projects\dm442_stepper\build\/core_nano328_16.a(WMath.cpp.o)
random(long, long)                                D:\arduino\Projects\dm442_stepper\build\/core_nano328_16.a(WMath.cpp.o)
randomSeed(unsigned int)                          D:\arduino\Projects\dm442_stepper\build\/core_nano328_16.a(WMath.cpp.o)
random_r                                          d:/arduino/codeblocks/bin/../lib/gcc/avr/4.3.3/../../../../avr/lib/avr5\libc.a(random.o)
realloc                                           d:/arduino/codeblocks/bin/../lib/gcc/avr/4.3.3/../../../../avr/lib/avr5\libc.a(realloc.o)
                                                  D:\arduino\Projects\dm442_stepper\build\/core_nano328_16.a(WString.cpp.o)
rx_buffer                                         D:\arduino\Projects\dm442_stepper\build\/core_nano328_16.a(HardwareSerial.cpp.o)
sKorakov                                          build\dm442_stepper.o
sTime                                             build\dm442_stepper.o
sensorReading                                     build\dm442_stepper.o
serialEvent()                                     D:\arduino\Projects\dm442_stepper\build\/core_nano328_16.a(HardwareSerial.cpp.o)
serialEventRun()                                  D:\arduino\Projects\dm442_stepper\build\/core_nano328_16.a(HardwareSerial.cpp.o)
                                                  D:\arduino\Projects\dm442_stepper\build\/core_nano328_16.a(main.cpp.o)
setup                                             build\dm442_stepper.o
                                                  D:\arduino\Projects\dm442_stepper\build\/core_nano328_16.a(main.cpp.o)
smotorSpeed                                       build\dm442_stepper.o
spd                                               build\dm442_stepper.o
spd1                                              build\dm442_stepper.o
srandom                                           d:/arduino/codeblocks/bin/../lib/gcc/avr/4.3.3/../../../../avr/lib/avr5\libc.a(random.o)
                                                  D:\arduino\Projects\dm442_stepper\build\/core_nano328_16.a(WMath.cpp.o)
stepFACTOR                                        build\dm442_stepper.o
step_delay_us                                     build\dm442_stepper.o
strchr                                            d:/arduino/codeblocks/bin/../lib/gcc/avr/4.3.3/../../../../avr/lib/avr5\libc.a(strchr.o)
                                                  D:\arduino\Projects\dm442_stepper\build\/core_nano328_16.a(WString.cpp.o)
strcmp                                            d:/arduino/codeblocks/bin/../lib/gcc/avr/4.3.3/../../../../avr/lib/avr5\libc.a(strcmp.o)
                                                  D:\arduino\Projects\dm442_stepper\build\/core_nano328_16.a(WString.cpp.o)
strcpy                                            d:/arduino/codeblocks/bin/../lib/gcc/avr/4.3.3/../../../../avr/lib/avr5\libc.a(strcpy.o)
                                                  D:\arduino\Projects\dm442_stepper\build\/core_nano328_16.a(WString.cpp.o)
strncmp                                           d:/arduino/codeblocks/bin/../lib/gcc/avr/4.3.3/../../../../avr/lib/avr5\libc.a(strncmp.o)
                                                  D:\arduino\Projects\dm442_stepper\build\/core_nano328_16.a(WString.cpp.o)
strncpy                                           d:/arduino/codeblocks/bin/../lib/gcc/avr/4.3.3/../../../../avr/lib/avr5\libc.a(strncpy.o)
                                                  D:\arduino\Projects\dm442_stepper\build\/core_nano328_16.a(WString.cpp.o)
strrchr                                           d:/arduino/codeblocks/bin/../lib/gcc/avr/4.3.3/../../../../avr/lib/avr5\libc.a(strrchr.o)
                                                  D:\arduino\Projects\dm442_stepper\build\/core_nano328_16.a(WString.cpp.o)
strrev                                            d:/arduino/codeblocks/bin/../lib/gcc/avr/4.3.3/../../../../avr/lib/avr5\libc.a(strrev.o)
                                                  d:/arduino/codeblocks/bin/../lib/gcc/avr/4.3.3/../../../../avr/lib/avr5\libc.a(utoa.o)
                                                  d:/arduino/codeblocks/bin/../lib/gcc/avr/4.3.3/../../../../avr/lib/avr5\libc.a(ultoa.o)
                                                  d:/arduino/codeblocks/bin/../lib/gcc/avr/4.3.3/../../../../avr/lib/avr5\libc.a(ltoa.o)
                                                  d:/arduino/codeblocks/bin/../lib/gcc/avr/4.3.3/../../../../avr/lib/avr5\libc.a(itoa.o)
strstr                                            d:/arduino/codeblocks/bin/../lib/gcc/avr/4.3.3/../../../../avr/lib/avr5\libc.a(strstr.o)
                                                  D:\arduino\Projects\dm442_stepper\build\/core_nano328_16.a(WString.cpp.o)
timeOfLastEvent                                   build\dm442_stepper.o
timeOfLastEvent1                                  build\dm442_stepper.o
timeOfLastEvent2                                  build\dm442_stepper.o
timeOfLastEvent3                                  build\dm442_stepper.o
timer0_millis                                     D:\arduino\Projects\dm442_stepper\build\/core_nano328_16.a(wiring.c.o)
timer0_overflow_count                             D:\arduino\Projects\dm442_stepper\build\/core_nano328_16.a(wiring.c.o)
tolower                                           d:/arduino/codeblocks/bin/../lib/gcc/avr/4.3.3/../../../../avr/lib/avr5\libc.a(tolower.o)
                                                  D:\arduino\Projects\dm442_stepper\build\/core_nano328_16.a(WString.cpp.o)
toupper                                           d:/arduino/codeblocks/bin/../lib/gcc/avr/4.3.3/../../../../avr/lib/avr5\libc.a(toupper.o)
                                                  D:\arduino\Projects\dm442_stepper\build\/core_nano328_16.a(WString.cpp.o)
tx_buffer                                         D:\arduino\Projects\dm442_stepper\build\/core_nano328_16.a(HardwareSerial.cpp.o)
uDTmp                                             build\dm442_stepper.o
uDt                                               build\dm442_stepper.o
uPTmp                                             build\dm442_stepper.o
uPt                                               build\dm442_stepper.o
ultoa                                             d:/arduino/codeblocks/bin/../lib/gcc/avr/4.3.3/../../../../avr/lib/avr5\libc.a(ultoa.o)
                                                  D:\arduino\Projects\dm442_stepper\build\/core_nano328_16.a(WString.cpp.o)
utimeOfLastEvent1                                 build\dm442_stepper.o
utoa                                              d:/arduino/codeblocks/bin/../lib/gcc/avr/4.3.3/../../../../avr/lib/avr5\libc.a(utoa.o)
                                                  D:\arduino\Projects\dm442_stepper\build\/core_nano328_16.a(WString.cpp.o)
vtable for HardwareSerial                         D:\arduino\Projects\dm442_stepper\build\/core_nano328_16.a(HardwareSerial.cpp.o)
vtable for Print                                  D:\arduino\Projects\dm442_stepper\build\/core_nano328_16.a(Print.cpp.o)
vtable for Stream                                 D:\arduino\Projects\dm442_stepper\build\/core_nano328_16.a(HardwareSerial.cpp.o)
zz                                                build\dm442_stepper.o
